<!doctype html public "-//w3c//dtd html 4.0 transitional//en">
<html><head>
<title>Static Call Graph - [..\Output\UCOSIII_STM32F105.axf]</title></head>
<body><HR>
<H1>Static Call Graph for image ..\Output\UCOSIII_STM32F105.axf</H1><HR>
<BR><P>#&#060CALLGRAPH&#062# ARM Linker, 5040049: Last Updated: Tue May 02 18:56:16 2017
<BR><P>
<H3>Maximum Stack Usage =        184 bytes + Unknown(Functions without stacksize, Cycles, Untraceable Function Pointers)</H3><H3>
Call chain for Maximum Stack Depth:</H3>
main &rArr; OSInit &rArr; OS_IntQTaskInit &rArr; OSTaskCreate &rArr; OSSched &rArr; OS_PrioGetHighest
<P>
<H3>
Functions with no stack information
</H3><UL>
 <LI><a href="#[17d]">CPU_IntDis</a>
 <LI><a href="#[17e]">CPU_IntEn</a>
 <LI><a href="#[6a]">CPU_SR_Save</a>
 <LI><a href="#[6c]">CPU_SR_Restore</a>
 <LI><a href="#[17f]">CPU_WaitForInt</a>
 <LI><a href="#[180]">CPU_WaitForExcept</a>
 <LI><a href="#[7e]">CPU_CntLeadZeros</a>
 <LI><a href="#[82]">CPU_CntTrailZeros</a>
 <LI><a href="#[181]">CPU_RevBits</a>
 <LI><a href="#[8b]">Mem_Copy</a>
 <LI><a href="#[b6]">OS_CPU_FP_Reg_Push</a>
 <LI><a href="#[b7]">OS_CPU_FP_Reg_Pop</a>
 <LI><a href="#[db]">OSStartHighRdy</a>
 <LI><a href="#[d2]">OSCtxSw</a>
 <LI><a href="#[d0]">OSIntCtxSw</a>
 <LI><a href="#[8]">OS_CPU_PendSVHandler</a>
</UL>
</UL>
<P>
<H3>
Mutually Recursive functions
</H3> <LI><a href="#[1c]">ADC_IRQHandler</a>&nbsp;&nbsp;&nbsp;&rArr;&nbsp;&nbsp;&nbsp;<a href="#[1c]">ADC_IRQHandler</a><BR>
</UL>
<P>
<H3>
Function Pointers
</H3><UL>
 <LI><a href="#[1c]">ADC_IRQHandler</a> from startup_stm32f40_41xxx.o(.text) referenced from startup_stm32f40_41xxx.o(RESET)
 <LI><a href="#[4]">BusFault_Handler</a> from stm32f4xx_it.o(.text) referenced from startup_stm32f40_41xxx.o(RESET)
 <LI><a href="#[1e]">CAN1_RX0_IRQHandler</a> from startup_stm32f40_41xxx.o(.text) referenced from startup_stm32f40_41xxx.o(RESET)
 <LI><a href="#[1f]">CAN1_RX1_IRQHandler</a> from startup_stm32f40_41xxx.o(.text) referenced from startup_stm32f40_41xxx.o(RESET)
 <LI><a href="#[20]">CAN1_SCE_IRQHandler</a> from startup_stm32f40_41xxx.o(.text) referenced from startup_stm32f40_41xxx.o(RESET)
 <LI><a href="#[1d]">CAN1_TX_IRQHandler</a> from startup_stm32f40_41xxx.o(.text) referenced from startup_stm32f40_41xxx.o(RESET)
 <LI><a href="#[4a]">CAN2_RX0_IRQHandler</a> from startup_stm32f40_41xxx.o(.text) referenced from startup_stm32f40_41xxx.o(RESET)
 <LI><a href="#[4b]">CAN2_RX1_IRQHandler</a> from startup_stm32f40_41xxx.o(.text) referenced from startup_stm32f40_41xxx.o(RESET)
 <LI><a href="#[4c]">CAN2_SCE_IRQHandler</a> from startup_stm32f40_41xxx.o(.text) referenced from startup_stm32f40_41xxx.o(RESET)
 <LI><a href="#[49]">CAN2_TX_IRQHandler</a> from startup_stm32f40_41xxx.o(.text) referenced from startup_stm32f40_41xxx.o(RESET)
 <LI><a href="#[59]">CRYP_IRQHandler</a> from startup_stm32f40_41xxx.o(.text) referenced from startup_stm32f40_41xxx.o(RESET)
 <LI><a href="#[58]">DCMI_IRQHandler</a> from startup_stm32f40_41xxx.o(.text) referenced from startup_stm32f40_41xxx.o(RESET)
 <LI><a href="#[15]">DMA1_Stream0_IRQHandler</a> from startup_stm32f40_41xxx.o(.text) referenced from startup_stm32f40_41xxx.o(RESET)
 <LI><a href="#[16]">DMA1_Stream1_IRQHandler</a> from startup_stm32f40_41xxx.o(.text) referenced from startup_stm32f40_41xxx.o(RESET)
 <LI><a href="#[17]">DMA1_Stream2_IRQHandler</a> from startup_stm32f40_41xxx.o(.text) referenced from startup_stm32f40_41xxx.o(RESET)
 <LI><a href="#[18]">DMA1_Stream3_IRQHandler</a> from startup_stm32f40_41xxx.o(.text) referenced from startup_stm32f40_41xxx.o(RESET)
 <LI><a href="#[19]">DMA1_Stream4_IRQHandler</a> from startup_stm32f40_41xxx.o(.text) referenced from startup_stm32f40_41xxx.o(RESET)
 <LI><a href="#[1a]">DMA1_Stream5_IRQHandler</a> from startup_stm32f40_41xxx.o(.text) referenced from startup_stm32f40_41xxx.o(RESET)
 <LI><a href="#[1b]">DMA1_Stream6_IRQHandler</a> from startup_stm32f40_41xxx.o(.text) referenced from startup_stm32f40_41xxx.o(RESET)
 <LI><a href="#[39]">DMA1_Stream7_IRQHandler</a> from startup_stm32f40_41xxx.o(.text) referenced from startup_stm32f40_41xxx.o(RESET)
 <LI><a href="#[42]">DMA2_Stream0_IRQHandler</a> from startup_stm32f40_41xxx.o(.text) referenced from startup_stm32f40_41xxx.o(RESET)
 <LI><a href="#[43]">DMA2_Stream1_IRQHandler</a> from startup_stm32f40_41xxx.o(.text) referenced from startup_stm32f40_41xxx.o(RESET)
 <LI><a href="#[44]">DMA2_Stream2_IRQHandler</a> from startup_stm32f40_41xxx.o(.text) referenced from startup_stm32f40_41xxx.o(RESET)
 <LI><a href="#[45]">DMA2_Stream3_IRQHandler</a> from startup_stm32f40_41xxx.o(.text) referenced from startup_stm32f40_41xxx.o(RESET)
 <LI><a href="#[46]">DMA2_Stream4_IRQHandler</a> from startup_stm32f40_41xxx.o(.text) referenced from startup_stm32f40_41xxx.o(RESET)
 <LI><a href="#[4e]">DMA2_Stream5_IRQHandler</a> from startup_stm32f40_41xxx.o(.text) referenced from startup_stm32f40_41xxx.o(RESET)
 <LI><a href="#[4f]">DMA2_Stream6_IRQHandler</a> from startup_stm32f40_41xxx.o(.text) referenced from startup_stm32f40_41xxx.o(RESET)
 <LI><a href="#[50]">DMA2_Stream7_IRQHandler</a> from startup_stm32f40_41xxx.o(.text) referenced from startup_stm32f40_41xxx.o(RESET)
 <LI><a href="#[7]">DebugMon_Handler</a> from stm32f4xx_it.o(.text) referenced from startup_stm32f40_41xxx.o(RESET)
 <LI><a href="#[47]">ETH_IRQHandler</a> from startup_stm32f40_41xxx.o(.text) referenced from startup_stm32f40_41xxx.o(RESET)
 <LI><a href="#[48]">ETH_WKUP_IRQHandler</a> from startup_stm32f40_41xxx.o(.text) referenced from startup_stm32f40_41xxx.o(RESET)
 <LI><a href="#[10]">EXTI0_IRQHandler</a> from startup_stm32f40_41xxx.o(.text) referenced from startup_stm32f40_41xxx.o(RESET)
 <LI><a href="#[32]">EXTI15_10_IRQHandler</a> from startup_stm32f40_41xxx.o(.text) referenced from startup_stm32f40_41xxx.o(RESET)
 <LI><a href="#[11]">EXTI1_IRQHandler</a> from startup_stm32f40_41xxx.o(.text) referenced from startup_stm32f40_41xxx.o(RESET)
 <LI><a href="#[12]">EXTI2_IRQHandler</a> from startup_stm32f40_41xxx.o(.text) referenced from startup_stm32f40_41xxx.o(RESET)
 <LI><a href="#[13]">EXTI3_IRQHandler</a> from startup_stm32f40_41xxx.o(.text) referenced from startup_stm32f40_41xxx.o(RESET)
 <LI><a href="#[14]">EXTI4_IRQHandler</a> from startup_stm32f40_41xxx.o(.text) referenced from startup_stm32f40_41xxx.o(RESET)
 <LI><a href="#[21]">EXTI9_5_IRQHandler</a> from startup_stm32f40_41xxx.o(.text) referenced from startup_stm32f40_41xxx.o(RESET)
 <LI><a href="#[e]">FLASH_IRQHandler</a> from startup_stm32f40_41xxx.o(.text) referenced from startup_stm32f40_41xxx.o(RESET)
 <LI><a href="#[5b]">FPU_IRQHandler</a> from startup_stm32f40_41xxx.o(.text) referenced from startup_stm32f40_41xxx.o(RESET)
 <LI><a href="#[3a]">FSMC_IRQHandler</a> from startup_stm32f40_41xxx.o(.text) referenced from startup_stm32f40_41xxx.o(RESET)
 <LI><a href="#[5a]">HASH_RNG_IRQHandler</a> from startup_stm32f40_41xxx.o(.text) referenced from startup_stm32f40_41xxx.o(RESET)
 <LI><a href="#[2]">HardFault_Handler</a> from stm32f4xx_it.o(.text) referenced from startup_stm32f40_41xxx.o(RESET)
 <LI><a href="#[2a]">I2C1_ER_IRQHandler</a> from startup_stm32f40_41xxx.o(.text) referenced from startup_stm32f40_41xxx.o(RESET)
 <LI><a href="#[29]">I2C1_EV_IRQHandler</a> from startup_stm32f40_41xxx.o(.text) referenced from startup_stm32f40_41xxx.o(RESET)
 <LI><a href="#[2c]">I2C2_ER_IRQHandler</a> from startup_stm32f40_41xxx.o(.text) referenced from startup_stm32f40_41xxx.o(RESET)
 <LI><a href="#[2b]">I2C2_EV_IRQHandler</a> from startup_stm32f40_41xxx.o(.text) referenced from startup_stm32f40_41xxx.o(RESET)
 <LI><a href="#[53]">I2C3_ER_IRQHandler</a> from startup_stm32f40_41xxx.o(.text) referenced from startup_stm32f40_41xxx.o(RESET)
 <LI><a href="#[52]">I2C3_EV_IRQHandler</a> from startup_stm32f40_41xxx.o(.text) referenced from startup_stm32f40_41xxx.o(RESET)
 <LI><a href="#[3]">MemManage_Handler</a> from stm32f4xx_it.o(.text) referenced from startup_stm32f40_41xxx.o(RESET)
 <LI><a href="#[1]">NMI_Handler</a> from stm32f4xx_it.o(.text) referenced from startup_stm32f40_41xxx.o(RESET)
 <LI><a href="#[62]">OSTaskSwHook</a> from os_cpu_c.o(.text) referenced from os_cpu_a.o(CODE)
 <LI><a href="#[8]">OS_CPU_PendSVHandler</a> from os_cpu_a.o(CODE) referenced from startup_stm32f40_41xxx.o(RESET)
 <LI><a href="#[9]">OS_CPU_SysTickHandler</a> from os_cpu_c.o(.text) referenced from startup_stm32f40_41xxx.o(RESET)
 <LI><a href="#[ba]">OS_IdleTask</a> from os_core.o(.text) referenced from os_core.o(.text)
 <LI><a href="#[10a]">OS_IntQTask</a> from os_int.o(.text) referenced from os_int.o(.text)
 <LI><a href="#[134]">OS_StatTask</a> from os_stat.o(.text) referenced from os_stat.o(.text)
 <LI><a href="#[5f]">OS_TaskReturn</a> from os_task.o(.text) referenced from os_cpu_c.o(.text)
 <LI><a href="#[14e]">OS_TickTask</a> from os_tick.o(.text) referenced from os_tick.o(.text)
 <LI><a href="#[160]">OS_TmrTask</a> from os_tmr.o(.text) referenced from os_tmr.o(.text)
 <LI><a href="#[4d]">OTG_FS_IRQHandler</a> from startup_stm32f40_41xxx.o(.text) referenced from startup_stm32f40_41xxx.o(RESET)
 <LI><a href="#[34]">OTG_FS_WKUP_IRQHandler</a> from startup_stm32f40_41xxx.o(.text) referenced from startup_stm32f40_41xxx.o(RESET)
 <LI><a href="#[55]">OTG_HS_EP1_IN_IRQHandler</a> from startup_stm32f40_41xxx.o(.text) referenced from startup_stm32f40_41xxx.o(RESET)
 <LI><a href="#[54]">OTG_HS_EP1_OUT_IRQHandler</a> from startup_stm32f40_41xxx.o(.text) referenced from startup_stm32f40_41xxx.o(RESET)
 <LI><a href="#[57]">OTG_HS_IRQHandler</a> from startup_stm32f40_41xxx.o(.text) referenced from startup_stm32f40_41xxx.o(RESET)
 <LI><a href="#[56]">OTG_HS_WKUP_IRQHandler</a> from startup_stm32f40_41xxx.o(.text) referenced from startup_stm32f40_41xxx.o(RESET)
 <LI><a href="#[b]">PVD_IRQHandler</a> from startup_stm32f40_41xxx.o(.text) referenced from startup_stm32f40_41xxx.o(RESET)
 <LI><a href="#[f]">RCC_IRQHandler</a> from startup_stm32f40_41xxx.o(.text) referenced from startup_stm32f40_41xxx.o(RESET)
 <LI><a href="#[33]">RTC_Alarm_IRQHandler</a> from startup_stm32f40_41xxx.o(.text) referenced from startup_stm32f40_41xxx.o(RESET)
 <LI><a href="#[d]">RTC_WKUP_IRQHandler</a> from startup_stm32f40_41xxx.o(.text) referenced from startup_stm32f40_41xxx.o(RESET)
 <LI><a href="#[0]">Reset_Handler</a> from startup_stm32f40_41xxx.o(.text) referenced from startup_stm32f40_41xxx.o(RESET)
 <LI><a href="#[3b]">SDIO_IRQHandler</a> from startup_stm32f40_41xxx.o(.text) referenced from startup_stm32f40_41xxx.o(RESET)
 <LI><a href="#[2d]">SPI1_IRQHandler</a> from startup_stm32f40_41xxx.o(.text) referenced from startup_stm32f40_41xxx.o(RESET)
 <LI><a href="#[2e]">SPI2_IRQHandler</a> from startup_stm32f40_41xxx.o(.text) referenced from startup_stm32f40_41xxx.o(RESET)
 <LI><a href="#[3d]">SPI3_IRQHandler</a> from startup_stm32f40_41xxx.o(.text) referenced from startup_stm32f40_41xxx.o(RESET)
 <LI><a href="#[6]">SVC_Handler</a> from stm32f4xx_it.o(.text) referenced from startup_stm32f40_41xxx.o(RESET)
 <LI><a href="#[5d]">SystemInit</a> from system_stm32f4xx.o(.text) referenced from startup_stm32f40_41xxx.o(.text)
 <LI><a href="#[c]">TAMP_STAMP_IRQHandler</a> from startup_stm32f40_41xxx.o(.text) referenced from startup_stm32f40_41xxx.o(RESET)
 <LI><a href="#[22]">TIM1_BRK_TIM9_IRQHandler</a> from startup_stm32f40_41xxx.o(.text) referenced from startup_stm32f40_41xxx.o(RESET)
 <LI><a href="#[25]">TIM1_CC_IRQHandler</a> from startup_stm32f40_41xxx.o(.text) referenced from startup_stm32f40_41xxx.o(RESET)
 <LI><a href="#[24]">TIM1_TRG_COM_TIM11_IRQHandler</a> from startup_stm32f40_41xxx.o(.text) referenced from startup_stm32f40_41xxx.o(RESET)
 <LI><a href="#[23]">TIM1_UP_TIM10_IRQHandler</a> from startup_stm32f40_41xxx.o(.text) referenced from startup_stm32f40_41xxx.o(RESET)
 <LI><a href="#[26]">TIM2_IRQHandler</a> from startup_stm32f40_41xxx.o(.text) referenced from startup_stm32f40_41xxx.o(RESET)
 <LI><a href="#[27]">TIM3_IRQHandler</a> from startup_stm32f40_41xxx.o(.text) referenced from startup_stm32f40_41xxx.o(RESET)
 <LI><a href="#[28]">TIM4_IRQHandler</a> from startup_stm32f40_41xxx.o(.text) referenced from startup_stm32f40_41xxx.o(RESET)
 <LI><a href="#[3c]">TIM5_IRQHandler</a> from startup_stm32f40_41xxx.o(.text) referenced from startup_stm32f40_41xxx.o(RESET)
 <LI><a href="#[40]">TIM6_DAC_IRQHandler</a> from startup_stm32f40_41xxx.o(.text) referenced from startup_stm32f40_41xxx.o(RESET)
 <LI><a href="#[41]">TIM7_IRQHandler</a> from startup_stm32f40_41xxx.o(.text) referenced from startup_stm32f40_41xxx.o(RESET)
 <LI><a href="#[35]">TIM8_BRK_TIM12_IRQHandler</a> from startup_stm32f40_41xxx.o(.text) referenced from startup_stm32f40_41xxx.o(RESET)
 <LI><a href="#[38]">TIM8_CC_IRQHandler</a> from startup_stm32f40_41xxx.o(.text) referenced from startup_stm32f40_41xxx.o(RESET)
 <LI><a href="#[37]">TIM8_TRG_COM_TIM14_IRQHandler</a> from startup_stm32f40_41xxx.o(.text) referenced from startup_stm32f40_41xxx.o(RESET)
 <LI><a href="#[36]">TIM8_UP_TIM13_IRQHandler</a> from startup_stm32f40_41xxx.o(.text) referenced from startup_stm32f40_41xxx.o(RESET)
 <LI><a href="#[60]">Test_Idle</a> from main.o(.text) referenced from main.o(.text)
 <LI><a href="#[61]">Test_Task</a> from main.o(.text) referenced from main.o(.text)
 <LI><a href="#[3e]">UART4_IRQHandler</a> from startup_stm32f40_41xxx.o(.text) referenced from startup_stm32f40_41xxx.o(RESET)
 <LI><a href="#[3f]">UART5_IRQHandler</a> from startup_stm32f40_41xxx.o(.text) referenced from startup_stm32f40_41xxx.o(RESET)
 <LI><a href="#[2f]">USART1_IRQHandler</a> from startup_stm32f40_41xxx.o(.text) referenced from startup_stm32f40_41xxx.o(RESET)
 <LI><a href="#[30]">USART2_IRQHandler</a> from startup_stm32f40_41xxx.o(.text) referenced from startup_stm32f40_41xxx.o(RESET)
 <LI><a href="#[31]">USART3_IRQHandler</a> from startup_stm32f40_41xxx.o(.text) referenced from startup_stm32f40_41xxx.o(RESET)
 <LI><a href="#[51]">USART6_IRQHandler</a> from startup_stm32f40_41xxx.o(.text) referenced from startup_stm32f40_41xxx.o(RESET)
 <LI><a href="#[5]">UsageFault_Handler</a> from stm32f4xx_it.o(.text) referenced from startup_stm32f40_41xxx.o(RESET)
 <LI><a href="#[a]">WWDG_IRQHandler</a> from startup_stm32f40_41xxx.o(.text) referenced from startup_stm32f40_41xxx.o(RESET)
 <LI><a href="#[5e]">__main</a> from entry.o(.ARM.Collect$$$$00000000) referenced from startup_stm32f40_41xxx.o(.text)
 <LI><a href="#[5c]">main</a> from main.o(.text) referenced from entry9a.o(.ARM.Collect$$$$0000000B)
</UL>
<P>
<H3>
Global Symbols
</H3>
<P><STRONG><a name="[5e]"></a>__main</STRONG> (Thumb, 0 bytes, Stack size unknown bytes, entry.o(.ARM.Collect$$$$00000000))
<BR>[Address Reference Count : 1]<UL><LI> startup_stm32f40_41xxx.o(.text)
</UL>
<P><STRONG><a name="[175]"></a>_main_stk</STRONG> (Thumb, 0 bytes, Stack size unknown bytes, entry2.o(.ARM.Collect$$$$00000001))

<P><STRONG><a name="[63]"></a>_main_scatterload</STRONG> (Thumb, 0 bytes, Stack size unknown bytes, entry5.o(.ARM.Collect$$$$00000004))
<BR><BR>[Calls]<UL><LI><a href="#[64]">&gt;&gt;</a>&nbsp;&nbsp;&nbsp;__scatterload
</UL>

<P><STRONG><a name="[174]"></a>__main_after_scatterload</STRONG> (Thumb, 0 bytes, Stack size unknown bytes, entry5.o(.ARM.Collect$$$$00000004))
<BR><BR>[Called By]<UL><LI><a href="#[64]">&gt;&gt;</a>&nbsp;&nbsp;&nbsp;__scatterload
</UL>

<P><STRONG><a name="[176]"></a>_main_clock</STRONG> (Thumb, 0 bytes, Stack size unknown bytes, entry7b.o(.ARM.Collect$$$$00000008))

<P><STRONG><a name="[177]"></a>_main_cpp_init</STRONG> (Thumb, 0 bytes, Stack size unknown bytes, entry8b.o(.ARM.Collect$$$$0000000A))

<P><STRONG><a name="[178]"></a>_main_init</STRONG> (Thumb, 0 bytes, Stack size unknown bytes, entry9a.o(.ARM.Collect$$$$0000000B))

<P><STRONG><a name="[179]"></a>__rt_final_cpp</STRONG> (Thumb, 0 bytes, Stack size unknown bytes, entry10a.o(.ARM.Collect$$$$0000000D))

<P><STRONG><a name="[17a]"></a>__rt_final_exit</STRONG> (Thumb, 0 bytes, Stack size unknown bytes, entry11a.o(.ARM.Collect$$$$0000000F))

<P><STRONG><a name="[0]"></a>Reset_Handler</STRONG> (Thumb, 8 bytes, Stack size 0 bytes, startup_stm32f40_41xxx.o(.text))
<BR>[Address Reference Count : 1]<UL><LI> startup_stm32f40_41xxx.o(RESET)
</UL>
<P><STRONG><a name="[1c]"></a>ADC_IRQHandler</STRONG> (Thumb, 0 bytes, Stack size 0 bytes, startup_stm32f40_41xxx.o(.text))
<BR><BR>[Calls]<UL><LI><a href="#[1c]">&gt;&gt;</a>&nbsp;&nbsp;&nbsp;ADC_IRQHandler
</UL>
<BR>[Called By]<UL><LI><a href="#[1c]">&gt;&gt;</a>&nbsp;&nbsp;&nbsp;ADC_IRQHandler
</UL>
<BR>[Address Reference Count : 1]<UL><LI> startup_stm32f40_41xxx.o(RESET)
</UL>
<P><STRONG><a name="[1e]"></a>CAN1_RX0_IRQHandler</STRONG> (Thumb, 0 bytes, Stack size 0 bytes, startup_stm32f40_41xxx.o(.text))
<BR>[Address Reference Count : 1]<UL><LI> startup_stm32f40_41xxx.o(RESET)
</UL>
<P><STRONG><a name="[1f]"></a>CAN1_RX1_IRQHandler</STRONG> (Thumb, 0 bytes, Stack size 0 bytes, startup_stm32f40_41xxx.o(.text))
<BR>[Address Reference Count : 1]<UL><LI> startup_stm32f40_41xxx.o(RESET)
</UL>
<P><STRONG><a name="[20]"></a>CAN1_SCE_IRQHandler</STRONG> (Thumb, 0 bytes, Stack size 0 bytes, startup_stm32f40_41xxx.o(.text))
<BR>[Address Reference Count : 1]<UL><LI> startup_stm32f40_41xxx.o(RESET)
</UL>
<P><STRONG><a name="[1d]"></a>CAN1_TX_IRQHandler</STRONG> (Thumb, 0 bytes, Stack size 0 bytes, startup_stm32f40_41xxx.o(.text))
<BR>[Address Reference Count : 1]<UL><LI> startup_stm32f40_41xxx.o(RESET)
</UL>
<P><STRONG><a name="[4a]"></a>CAN2_RX0_IRQHandler</STRONG> (Thumb, 0 bytes, Stack size 0 bytes, startup_stm32f40_41xxx.o(.text))
<BR>[Address Reference Count : 1]<UL><LI> startup_stm32f40_41xxx.o(RESET)
</UL>
<P><STRONG><a name="[4b]"></a>CAN2_RX1_IRQHandler</STRONG> (Thumb, 0 bytes, Stack size 0 bytes, startup_stm32f40_41xxx.o(.text))
<BR>[Address Reference Count : 1]<UL><LI> startup_stm32f40_41xxx.o(RESET)
</UL>
<P><STRONG><a name="[4c]"></a>CAN2_SCE_IRQHandler</STRONG> (Thumb, 0 bytes, Stack size 0 bytes, startup_stm32f40_41xxx.o(.text))
<BR>[Address Reference Count : 1]<UL><LI> startup_stm32f40_41xxx.o(RESET)
</UL>
<P><STRONG><a name="[49]"></a>CAN2_TX_IRQHandler</STRONG> (Thumb, 0 bytes, Stack size 0 bytes, startup_stm32f40_41xxx.o(.text))
<BR>[Address Reference Count : 1]<UL><LI> startup_stm32f40_41xxx.o(RESET)
</UL>
<P><STRONG><a name="[59]"></a>CRYP_IRQHandler</STRONG> (Thumb, 0 bytes, Stack size 0 bytes, startup_stm32f40_41xxx.o(.text))
<BR>[Address Reference Count : 1]<UL><LI> startup_stm32f40_41xxx.o(RESET)
</UL>
<P><STRONG><a name="[58]"></a>DCMI_IRQHandler</STRONG> (Thumb, 0 bytes, Stack size 0 bytes, startup_stm32f40_41xxx.o(.text))
<BR>[Address Reference Count : 1]<UL><LI> startup_stm32f40_41xxx.o(RESET)
</UL>
<P><STRONG><a name="[15]"></a>DMA1_Stream0_IRQHandler</STRONG> (Thumb, 0 bytes, Stack size 0 bytes, startup_stm32f40_41xxx.o(.text))
<BR>[Address Reference Count : 1]<UL><LI> startup_stm32f40_41xxx.o(RESET)
</UL>
<P><STRONG><a name="[16]"></a>DMA1_Stream1_IRQHandler</STRONG> (Thumb, 0 bytes, Stack size 0 bytes, startup_stm32f40_41xxx.o(.text))
<BR>[Address Reference Count : 1]<UL><LI> startup_stm32f40_41xxx.o(RESET)
</UL>
<P><STRONG><a name="[17]"></a>DMA1_Stream2_IRQHandler</STRONG> (Thumb, 0 bytes, Stack size 0 bytes, startup_stm32f40_41xxx.o(.text))
<BR>[Address Reference Count : 1]<UL><LI> startup_stm32f40_41xxx.o(RESET)
</UL>
<P><STRONG><a name="[18]"></a>DMA1_Stream3_IRQHandler</STRONG> (Thumb, 0 bytes, Stack size 0 bytes, startup_stm32f40_41xxx.o(.text))
<BR>[Address Reference Count : 1]<UL><LI> startup_stm32f40_41xxx.o(RESET)
</UL>
<P><STRONG><a name="[19]"></a>DMA1_Stream4_IRQHandler</STRONG> (Thumb, 0 bytes, Stack size 0 bytes, startup_stm32f40_41xxx.o(.text))
<BR>[Address Reference Count : 1]<UL><LI> startup_stm32f40_41xxx.o(RESET)
</UL>
<P><STRONG><a name="[1a]"></a>DMA1_Stream5_IRQHandler</STRONG> (Thumb, 0 bytes, Stack size 0 bytes, startup_stm32f40_41xxx.o(.text))
<BR>[Address Reference Count : 1]<UL><LI> startup_stm32f40_41xxx.o(RESET)
</UL>
<P><STRONG><a name="[1b]"></a>DMA1_Stream6_IRQHandler</STRONG> (Thumb, 0 bytes, Stack size 0 bytes, startup_stm32f40_41xxx.o(.text))
<BR>[Address Reference Count : 1]<UL><LI> startup_stm32f40_41xxx.o(RESET)
</UL>
<P><STRONG><a name="[39]"></a>DMA1_Stream7_IRQHandler</STRONG> (Thumb, 0 bytes, Stack size 0 bytes, startup_stm32f40_41xxx.o(.text))
<BR>[Address Reference Count : 1]<UL><LI> startup_stm32f40_41xxx.o(RESET)
</UL>
<P><STRONG><a name="[42]"></a>DMA2_Stream0_IRQHandler</STRONG> (Thumb, 0 bytes, Stack size 0 bytes, startup_stm32f40_41xxx.o(.text))
<BR>[Address Reference Count : 1]<UL><LI> startup_stm32f40_41xxx.o(RESET)
</UL>
<P><STRONG><a name="[43]"></a>DMA2_Stream1_IRQHandler</STRONG> (Thumb, 0 bytes, Stack size 0 bytes, startup_stm32f40_41xxx.o(.text))
<BR>[Address Reference Count : 1]<UL><LI> startup_stm32f40_41xxx.o(RESET)
</UL>
<P><STRONG><a name="[44]"></a>DMA2_Stream2_IRQHandler</STRONG> (Thumb, 0 bytes, Stack size 0 bytes, startup_stm32f40_41xxx.o(.text))
<BR>[Address Reference Count : 1]<UL><LI> startup_stm32f40_41xxx.o(RESET)
</UL>
<P><STRONG><a name="[45]"></a>DMA2_Stream3_IRQHandler</STRONG> (Thumb, 0 bytes, Stack size 0 bytes, startup_stm32f40_41xxx.o(.text))
<BR>[Address Reference Count : 1]<UL><LI> startup_stm32f40_41xxx.o(RESET)
</UL>
<P><STRONG><a name="[46]"></a>DMA2_Stream4_IRQHandler</STRONG> (Thumb, 0 bytes, Stack size 0 bytes, startup_stm32f40_41xxx.o(.text))
<BR>[Address Reference Count : 1]<UL><LI> startup_stm32f40_41xxx.o(RESET)
</UL>
<P><STRONG><a name="[4e]"></a>DMA2_Stream5_IRQHandler</STRONG> (Thumb, 0 bytes, Stack size 0 bytes, startup_stm32f40_41xxx.o(.text))
<BR>[Address Reference Count : 1]<UL><LI> startup_stm32f40_41xxx.o(RESET)
</UL>
<P><STRONG><a name="[4f]"></a>DMA2_Stream6_IRQHandler</STRONG> (Thumb, 0 bytes, Stack size 0 bytes, startup_stm32f40_41xxx.o(.text))
<BR>[Address Reference Count : 1]<UL><LI> startup_stm32f40_41xxx.o(RESET)
</UL>
<P><STRONG><a name="[50]"></a>DMA2_Stream7_IRQHandler</STRONG> (Thumb, 0 bytes, Stack size 0 bytes, startup_stm32f40_41xxx.o(.text))
<BR>[Address Reference Count : 1]<UL><LI> startup_stm32f40_41xxx.o(RESET)
</UL>
<P><STRONG><a name="[47]"></a>ETH_IRQHandler</STRONG> (Thumb, 0 bytes, Stack size 0 bytes, startup_stm32f40_41xxx.o(.text))
<BR>[Address Reference Count : 1]<UL><LI> startup_stm32f40_41xxx.o(RESET)
</UL>
<P><STRONG><a name="[48]"></a>ETH_WKUP_IRQHandler</STRONG> (Thumb, 0 bytes, Stack size 0 bytes, startup_stm32f40_41xxx.o(.text))
<BR>[Address Reference Count : 1]<UL><LI> startup_stm32f40_41xxx.o(RESET)
</UL>
<P><STRONG><a name="[10]"></a>EXTI0_IRQHandler</STRONG> (Thumb, 0 bytes, Stack size 0 bytes, startup_stm32f40_41xxx.o(.text))
<BR>[Address Reference Count : 1]<UL><LI> startup_stm32f40_41xxx.o(RESET)
</UL>
<P><STRONG><a name="[32]"></a>EXTI15_10_IRQHandler</STRONG> (Thumb, 0 bytes, Stack size 0 bytes, startup_stm32f40_41xxx.o(.text))
<BR>[Address Reference Count : 1]<UL><LI> startup_stm32f40_41xxx.o(RESET)
</UL>
<P><STRONG><a name="[11]"></a>EXTI1_IRQHandler</STRONG> (Thumb, 0 bytes, Stack size 0 bytes, startup_stm32f40_41xxx.o(.text))
<BR>[Address Reference Count : 1]<UL><LI> startup_stm32f40_41xxx.o(RESET)
</UL>
<P><STRONG><a name="[12]"></a>EXTI2_IRQHandler</STRONG> (Thumb, 0 bytes, Stack size 0 bytes, startup_stm32f40_41xxx.o(.text))
<BR>[Address Reference Count : 1]<UL><LI> startup_stm32f40_41xxx.o(RESET)
</UL>
<P><STRONG><a name="[13]"></a>EXTI3_IRQHandler</STRONG> (Thumb, 0 bytes, Stack size 0 bytes, startup_stm32f40_41xxx.o(.text))
<BR>[Address Reference Count : 1]<UL><LI> startup_stm32f40_41xxx.o(RESET)
</UL>
<P><STRONG><a name="[14]"></a>EXTI4_IRQHandler</STRONG> (Thumb, 0 bytes, Stack size 0 bytes, startup_stm32f40_41xxx.o(.text))
<BR>[Address Reference Count : 1]<UL><LI> startup_stm32f40_41xxx.o(RESET)
</UL>
<P><STRONG><a name="[21]"></a>EXTI9_5_IRQHandler</STRONG> (Thumb, 0 bytes, Stack size 0 bytes, startup_stm32f40_41xxx.o(.text))
<BR>[Address Reference Count : 1]<UL><LI> startup_stm32f40_41xxx.o(RESET)
</UL>
<P><STRONG><a name="[e]"></a>FLASH_IRQHandler</STRONG> (Thumb, 0 bytes, Stack size 0 bytes, startup_stm32f40_41xxx.o(.text))
<BR>[Address Reference Count : 1]<UL><LI> startup_stm32f40_41xxx.o(RESET)
</UL>
<P><STRONG><a name="[5b]"></a>FPU_IRQHandler</STRONG> (Thumb, 0 bytes, Stack size 0 bytes, startup_stm32f40_41xxx.o(.text))
<BR>[Address Reference Count : 1]<UL><LI> startup_stm32f40_41xxx.o(RESET)
</UL>
<P><STRONG><a name="[3a]"></a>FSMC_IRQHandler</STRONG> (Thumb, 0 bytes, Stack size 0 bytes, startup_stm32f40_41xxx.o(.text))
<BR>[Address Reference Count : 1]<UL><LI> startup_stm32f40_41xxx.o(RESET)
</UL>
<P><STRONG><a name="[5a]"></a>HASH_RNG_IRQHandler</STRONG> (Thumb, 0 bytes, Stack size 0 bytes, startup_stm32f40_41xxx.o(.text))
<BR>[Address Reference Count : 1]<UL><LI> startup_stm32f40_41xxx.o(RESET)
</UL>
<P><STRONG><a name="[2a]"></a>I2C1_ER_IRQHandler</STRONG> (Thumb, 0 bytes, Stack size 0 bytes, startup_stm32f40_41xxx.o(.text))
<BR>[Address Reference Count : 1]<UL><LI> startup_stm32f40_41xxx.o(RESET)
</UL>
<P><STRONG><a name="[29]"></a>I2C1_EV_IRQHandler</STRONG> (Thumb, 0 bytes, Stack size 0 bytes, startup_stm32f40_41xxx.o(.text))
<BR>[Address Reference Count : 1]<UL><LI> startup_stm32f40_41xxx.o(RESET)
</UL>
<P><STRONG><a name="[2c]"></a>I2C2_ER_IRQHandler</STRONG> (Thumb, 0 bytes, Stack size 0 bytes, startup_stm32f40_41xxx.o(.text))
<BR>[Address Reference Count : 1]<UL><LI> startup_stm32f40_41xxx.o(RESET)
</UL>
<P><STRONG><a name="[2b]"></a>I2C2_EV_IRQHandler</STRONG> (Thumb, 0 bytes, Stack size 0 bytes, startup_stm32f40_41xxx.o(.text))
<BR>[Address Reference Count : 1]<UL><LI> startup_stm32f40_41xxx.o(RESET)
</UL>
<P><STRONG><a name="[53]"></a>I2C3_ER_IRQHandler</STRONG> (Thumb, 0 bytes, Stack size 0 bytes, startup_stm32f40_41xxx.o(.text))
<BR>[Address Reference Count : 1]<UL><LI> startup_stm32f40_41xxx.o(RESET)
</UL>
<P><STRONG><a name="[52]"></a>I2C3_EV_IRQHandler</STRONG> (Thumb, 0 bytes, Stack size 0 bytes, startup_stm32f40_41xxx.o(.text))
<BR>[Address Reference Count : 1]<UL><LI> startup_stm32f40_41xxx.o(RESET)
</UL>
<P><STRONG><a name="[4d]"></a>OTG_FS_IRQHandler</STRONG> (Thumb, 0 bytes, Stack size 0 bytes, startup_stm32f40_41xxx.o(.text))
<BR>[Address Reference Count : 1]<UL><LI> startup_stm32f40_41xxx.o(RESET)
</UL>
<P><STRONG><a name="[34]"></a>OTG_FS_WKUP_IRQHandler</STRONG> (Thumb, 0 bytes, Stack size 0 bytes, startup_stm32f40_41xxx.o(.text))
<BR>[Address Reference Count : 1]<UL><LI> startup_stm32f40_41xxx.o(RESET)
</UL>
<P><STRONG><a name="[55]"></a>OTG_HS_EP1_IN_IRQHandler</STRONG> (Thumb, 0 bytes, Stack size 0 bytes, startup_stm32f40_41xxx.o(.text))
<BR>[Address Reference Count : 1]<UL><LI> startup_stm32f40_41xxx.o(RESET)
</UL>
<P><STRONG><a name="[54]"></a>OTG_HS_EP1_OUT_IRQHandler</STRONG> (Thumb, 0 bytes, Stack size 0 bytes, startup_stm32f40_41xxx.o(.text))
<BR>[Address Reference Count : 1]<UL><LI> startup_stm32f40_41xxx.o(RESET)
</UL>
<P><STRONG><a name="[57]"></a>OTG_HS_IRQHandler</STRONG> (Thumb, 0 bytes, Stack size 0 bytes, startup_stm32f40_41xxx.o(.text))
<BR>[Address Reference Count : 1]<UL><LI> startup_stm32f40_41xxx.o(RESET)
</UL>
<P><STRONG><a name="[56]"></a>OTG_HS_WKUP_IRQHandler</STRONG> (Thumb, 0 bytes, Stack size 0 bytes, startup_stm32f40_41xxx.o(.text))
<BR>[Address Reference Count : 1]<UL><LI> startup_stm32f40_41xxx.o(RESET)
</UL>
<P><STRONG><a name="[b]"></a>PVD_IRQHandler</STRONG> (Thumb, 0 bytes, Stack size 0 bytes, startup_stm32f40_41xxx.o(.text))
<BR>[Address Reference Count : 1]<UL><LI> startup_stm32f40_41xxx.o(RESET)
</UL>
<P><STRONG><a name="[f]"></a>RCC_IRQHandler</STRONG> (Thumb, 0 bytes, Stack size 0 bytes, startup_stm32f40_41xxx.o(.text))
<BR>[Address Reference Count : 1]<UL><LI> startup_stm32f40_41xxx.o(RESET)
</UL>
<P><STRONG><a name="[33]"></a>RTC_Alarm_IRQHandler</STRONG> (Thumb, 0 bytes, Stack size 0 bytes, startup_stm32f40_41xxx.o(.text))
<BR>[Address Reference Count : 1]<UL><LI> startup_stm32f40_41xxx.o(RESET)
</UL>
<P><STRONG><a name="[d]"></a>RTC_WKUP_IRQHandler</STRONG> (Thumb, 0 bytes, Stack size 0 bytes, startup_stm32f40_41xxx.o(.text))
<BR>[Address Reference Count : 1]<UL><LI> startup_stm32f40_41xxx.o(RESET)
</UL>
<P><STRONG><a name="[3b]"></a>SDIO_IRQHandler</STRONG> (Thumb, 0 bytes, Stack size 0 bytes, startup_stm32f40_41xxx.o(.text))
<BR>[Address Reference Count : 1]<UL><LI> startup_stm32f40_41xxx.o(RESET)
</UL>
<P><STRONG><a name="[2d]"></a>SPI1_IRQHandler</STRONG> (Thumb, 0 bytes, Stack size 0 bytes, startup_stm32f40_41xxx.o(.text))
<BR>[Address Reference Count : 1]<UL><LI> startup_stm32f40_41xxx.o(RESET)
</UL>
<P><STRONG><a name="[2e]"></a>SPI2_IRQHandler</STRONG> (Thumb, 0 bytes, Stack size 0 bytes, startup_stm32f40_41xxx.o(.text))
<BR>[Address Reference Count : 1]<UL><LI> startup_stm32f40_41xxx.o(RESET)
</UL>
<P><STRONG><a name="[3d]"></a>SPI3_IRQHandler</STRONG> (Thumb, 0 bytes, Stack size 0 bytes, startup_stm32f40_41xxx.o(.text))
<BR>[Address Reference Count : 1]<UL><LI> startup_stm32f40_41xxx.o(RESET)
</UL>
<P><STRONG><a name="[c]"></a>TAMP_STAMP_IRQHandler</STRONG> (Thumb, 0 bytes, Stack size 0 bytes, startup_stm32f40_41xxx.o(.text))
<BR>[Address Reference Count : 1]<UL><LI> startup_stm32f40_41xxx.o(RESET)
</UL>
<P><STRONG><a name="[22]"></a>TIM1_BRK_TIM9_IRQHandler</STRONG> (Thumb, 0 bytes, Stack size 0 bytes, startup_stm32f40_41xxx.o(.text))
<BR>[Address Reference Count : 1]<UL><LI> startup_stm32f40_41xxx.o(RESET)
</UL>
<P><STRONG><a name="[25]"></a>TIM1_CC_IRQHandler</STRONG> (Thumb, 0 bytes, Stack size 0 bytes, startup_stm32f40_41xxx.o(.text))
<BR>[Address Reference Count : 1]<UL><LI> startup_stm32f40_41xxx.o(RESET)
</UL>
<P><STRONG><a name="[24]"></a>TIM1_TRG_COM_TIM11_IRQHandler</STRONG> (Thumb, 0 bytes, Stack size 0 bytes, startup_stm32f40_41xxx.o(.text))
<BR>[Address Reference Count : 1]<UL><LI> startup_stm32f40_41xxx.o(RESET)
</UL>
<P><STRONG><a name="[23]"></a>TIM1_UP_TIM10_IRQHandler</STRONG> (Thumb, 0 bytes, Stack size 0 bytes, startup_stm32f40_41xxx.o(.text))
<BR>[Address Reference Count : 1]<UL><LI> startup_stm32f40_41xxx.o(RESET)
</UL>
<P><STRONG><a name="[26]"></a>TIM2_IRQHandler</STRONG> (Thumb, 0 bytes, Stack size 0 bytes, startup_stm32f40_41xxx.o(.text))
<BR>[Address Reference Count : 1]<UL><LI> startup_stm32f40_41xxx.o(RESET)
</UL>
<P><STRONG><a name="[27]"></a>TIM3_IRQHandler</STRONG> (Thumb, 0 bytes, Stack size 0 bytes, startup_stm32f40_41xxx.o(.text))
<BR>[Address Reference Count : 1]<UL><LI> startup_stm32f40_41xxx.o(RESET)
</UL>
<P><STRONG><a name="[28]"></a>TIM4_IRQHandler</STRONG> (Thumb, 0 bytes, Stack size 0 bytes, startup_stm32f40_41xxx.o(.text))
<BR>[Address Reference Count : 1]<UL><LI> startup_stm32f40_41xxx.o(RESET)
</UL>
<P><STRONG><a name="[3c]"></a>TIM5_IRQHandler</STRONG> (Thumb, 0 bytes, Stack size 0 bytes, startup_stm32f40_41xxx.o(.text))
<BR>[Address Reference Count : 1]<UL><LI> startup_stm32f40_41xxx.o(RESET)
</UL>
<P><STRONG><a name="[40]"></a>TIM6_DAC_IRQHandler</STRONG> (Thumb, 0 bytes, Stack size 0 bytes, startup_stm32f40_41xxx.o(.text))
<BR>[Address Reference Count : 1]<UL><LI> startup_stm32f40_41xxx.o(RESET)
</UL>
<P><STRONG><a name="[41]"></a>TIM7_IRQHandler</STRONG> (Thumb, 0 bytes, Stack size 0 bytes, startup_stm32f40_41xxx.o(.text))
<BR>[Address Reference Count : 1]<UL><LI> startup_stm32f40_41xxx.o(RESET)
</UL>
<P><STRONG><a name="[35]"></a>TIM8_BRK_TIM12_IRQHandler</STRONG> (Thumb, 0 bytes, Stack size 0 bytes, startup_stm32f40_41xxx.o(.text))
<BR>[Address Reference Count : 1]<UL><LI> startup_stm32f40_41xxx.o(RESET)
</UL>
<P><STRONG><a name="[38]"></a>TIM8_CC_IRQHandler</STRONG> (Thumb, 0 bytes, Stack size 0 bytes, startup_stm32f40_41xxx.o(.text))
<BR>[Address Reference Count : 1]<UL><LI> startup_stm32f40_41xxx.o(RESET)
</UL>
<P><STRONG><a name="[37]"></a>TIM8_TRG_COM_TIM14_IRQHandler</STRONG> (Thumb, 0 bytes, Stack size 0 bytes, startup_stm32f40_41xxx.o(.text))
<BR>[Address Reference Count : 1]<UL><LI> startup_stm32f40_41xxx.o(RESET)
</UL>
<P><STRONG><a name="[36]"></a>TIM8_UP_TIM13_IRQHandler</STRONG> (Thumb, 0 bytes, Stack size 0 bytes, startup_stm32f40_41xxx.o(.text))
<BR>[Address Reference Count : 1]<UL><LI> startup_stm32f40_41xxx.o(RESET)
</UL>
<P><STRONG><a name="[3e]"></a>UART4_IRQHandler</STRONG> (Thumb, 0 bytes, Stack size 0 bytes, startup_stm32f40_41xxx.o(.text))
<BR>[Address Reference Count : 1]<UL><LI> startup_stm32f40_41xxx.o(RESET)
</UL>
<P><STRONG><a name="[3f]"></a>UART5_IRQHandler</STRONG> (Thumb, 0 bytes, Stack size 0 bytes, startup_stm32f40_41xxx.o(.text))
<BR>[Address Reference Count : 1]<UL><LI> startup_stm32f40_41xxx.o(RESET)
</UL>
<P><STRONG><a name="[2f]"></a>USART1_IRQHandler</STRONG> (Thumb, 0 bytes, Stack size 0 bytes, startup_stm32f40_41xxx.o(.text))
<BR>[Address Reference Count : 1]<UL><LI> startup_stm32f40_41xxx.o(RESET)
</UL>
<P><STRONG><a name="[30]"></a>USART2_IRQHandler</STRONG> (Thumb, 0 bytes, Stack size 0 bytes, startup_stm32f40_41xxx.o(.text))
<BR>[Address Reference Count : 1]<UL><LI> startup_stm32f40_41xxx.o(RESET)
</UL>
<P><STRONG><a name="[31]"></a>USART3_IRQHandler</STRONG> (Thumb, 0 bytes, Stack size 0 bytes, startup_stm32f40_41xxx.o(.text))
<BR>[Address Reference Count : 1]<UL><LI> startup_stm32f40_41xxx.o(RESET)
</UL>
<P><STRONG><a name="[51]"></a>USART6_IRQHandler</STRONG> (Thumb, 0 bytes, Stack size 0 bytes, startup_stm32f40_41xxx.o(.text))
<BR>[Address Reference Count : 1]<UL><LI> startup_stm32f40_41xxx.o(RESET)
</UL>
<P><STRONG><a name="[a]"></a>WWDG_IRQHandler</STRONG> (Thumb, 0 bytes, Stack size 0 bytes, startup_stm32f40_41xxx.o(.text))
<BR>[Address Reference Count : 1]<UL><LI> startup_stm32f40_41xxx.o(RESET)
</UL>
<P><STRONG><a name="[5d]"></a>SystemInit</STRONG> (Thumb, 88 bytes, Stack size 8 bytes, system_stm32f4xx.o(.text))
<BR><BR>[Stack]<UL><LI>Max Depth = 20<LI>Call Chain = SystemInit &rArr; SetSysClock
</UL>
<BR>[Calls]<UL><LI><a href="#[65]">&gt;&gt;</a>&nbsp;&nbsp;&nbsp;SetSysClock
</UL>
<BR>[Address Reference Count : 1]<UL><LI> startup_stm32f40_41xxx.o(.text)
</UL>
<P><STRONG><a name="[17b]"></a>SystemCoreClockUpdate</STRONG> (Thumb, 174 bytes, Stack size 16 bytes, system_stm32f4xx.o(.text), UNUSED)

<P><STRONG><a name="[66]"></a>CPU_IntDisMeasStop</STRONG> (Thumb, 62 bytes, Stack size 8 bytes, cpu_core.o(.text))
<BR><BR>[Stack]<UL><LI>Max Depth = 8<LI>Call Chain = CPU_IntDisMeasStop
</UL>
<BR>[Calls]<UL><LI><a href="#[67]">&gt;&gt;</a>&nbsp;&nbsp;&nbsp;CPU_TS_TmrRd
</UL>
<BR>[Called By]<UL><LI><a href="#[117]">&gt;&gt;</a>&nbsp;&nbsp;&nbsp;OSQCreate
<LI><a href="#[116]">&gt;&gt;</a>&nbsp;&nbsp;&nbsp;OSMutexPost
<LI><a href="#[115]">&gt;&gt;</a>&nbsp;&nbsp;&nbsp;OSMutexPendAbort
<LI><a href="#[114]">&gt;&gt;</a>&nbsp;&nbsp;&nbsp;OSMutexPend
<LI><a href="#[112]">&gt;&gt;</a>&nbsp;&nbsp;&nbsp;OSMutexDel
<LI><a href="#[10f]">&gt;&gt;</a>&nbsp;&nbsp;&nbsp;OSMutexCreate
<LI><a href="#[10e]">&gt;&gt;</a>&nbsp;&nbsp;&nbsp;OSMemPut
<LI><a href="#[10d]">&gt;&gt;</a>&nbsp;&nbsp;&nbsp;OSMemGet
<LI><a href="#[10b]">&gt;&gt;</a>&nbsp;&nbsp;&nbsp;OSMemCreate
<LI><a href="#[109]">&gt;&gt;</a>&nbsp;&nbsp;&nbsp;OS_TaskSuspend
<LI><a href="#[108]">&gt;&gt;</a>&nbsp;&nbsp;&nbsp;OS_TaskSemPost
<LI><a href="#[107]">&gt;&gt;</a>&nbsp;&nbsp;&nbsp;OS_TaskResume
<LI><a href="#[106]">&gt;&gt;</a>&nbsp;&nbsp;&nbsp;OS_TaskQPost
<LI><a href="#[105]">&gt;&gt;</a>&nbsp;&nbsp;&nbsp;OS_SemPost
<LI><a href="#[104]">&gt;&gt;</a>&nbsp;&nbsp;&nbsp;OS_QPost
<LI><a href="#[10a]">&gt;&gt;</a>&nbsp;&nbsp;&nbsp;OS_IntQTask
<LI><a href="#[102]">&gt;&gt;</a>&nbsp;&nbsp;&nbsp;OS_IntQPost
<LI><a href="#[100]">&gt;&gt;</a>&nbsp;&nbsp;&nbsp;OS_FlagPost
<LI><a href="#[fe]">&gt;&gt;</a>&nbsp;&nbsp;&nbsp;OSFlagPendGetFlagsRdy
<LI><a href="#[fd]">&gt;&gt;</a>&nbsp;&nbsp;&nbsp;OSFlagPendAbort
<LI><a href="#[fc]">&gt;&gt;</a>&nbsp;&nbsp;&nbsp;OSFlagPend
<LI><a href="#[f9]">&gt;&gt;</a>&nbsp;&nbsp;&nbsp;OSFlagDel
<LI><a href="#[f5]">&gt;&gt;</a>&nbsp;&nbsp;&nbsp;OSFlagCreate
<LI><a href="#[bd]">&gt;&gt;</a>&nbsp;&nbsp;&nbsp;OSTaskCreate
<LI><a href="#[f4]">&gt;&gt;</a>&nbsp;&nbsp;&nbsp;OS_SchedRoundRobin
<LI><a href="#[d8]">&gt;&gt;</a>&nbsp;&nbsp;&nbsp;OSSchedRoundRobinYield
<LI><a href="#[d7]">&gt;&gt;</a>&nbsp;&nbsp;&nbsp;OSSchedRoundRobinCfg
<LI><a href="#[d6]">&gt;&gt;</a>&nbsp;&nbsp;&nbsp;OSSchedUnlock
<LI><a href="#[d4]">&gt;&gt;</a>&nbsp;&nbsp;&nbsp;OSSchedLock
<LI><a href="#[ba]">&gt;&gt;</a>&nbsp;&nbsp;&nbsp;OS_IdleTask
<LI><a href="#[9]">&gt;&gt;</a>&nbsp;&nbsp;&nbsp;OS_CPU_SysTickHandler
<LI><a href="#[98]">&gt;&gt;</a>&nbsp;&nbsp;&nbsp;Mem_PoolBlkIxGet
<LI><a href="#[96]">&gt;&gt;</a>&nbsp;&nbsp;&nbsp;Mem_PoolBlkFree
<LI><a href="#[95]">&gt;&gt;</a>&nbsp;&nbsp;&nbsp;Mem_PoolBlkGetUsedAtIx
<LI><a href="#[94]">&gt;&gt;</a>&nbsp;&nbsp;&nbsp;Mem_PoolBlkGet
<LI><a href="#[93]">&gt;&gt;</a>&nbsp;&nbsp;&nbsp;Mem_PoolBlkGetNbrAvail
<LI><a href="#[92]">&gt;&gt;</a>&nbsp;&nbsp;&nbsp;Mem_PoolCreate
<LI><a href="#[8f]">&gt;&gt;</a>&nbsp;&nbsp;&nbsp;Mem_SegGetSizeRem
<LI><a href="#[8c]">&gt;&gt;</a>&nbsp;&nbsp;&nbsp;Mem_HeapAlloc
<LI><a href="#[75]">&gt;&gt;</a>&nbsp;&nbsp;&nbsp;CPU_NameSet
<LI><a href="#[72]">&gt;&gt;</a>&nbsp;&nbsp;&nbsp;CPU_NameGet
<LI><a href="#[69]">&gt;&gt;</a>&nbsp;&nbsp;&nbsp;CPU_NameClr
<LI><a href="#[6e]">&gt;&gt;</a>&nbsp;&nbsp;&nbsp;CPU_IntDisMeasInit
<LI><a href="#[15e]">&gt;&gt;</a>&nbsp;&nbsp;&nbsp;OSTmrStart
<LI><a href="#[153]">&gt;&gt;</a>&nbsp;&nbsp;&nbsp;OSTimeSet
<LI><a href="#[152]">&gt;&gt;</a>&nbsp;&nbsp;&nbsp;OSTimeGet
<LI><a href="#[151]">&gt;&gt;</a>&nbsp;&nbsp;&nbsp;OSTimeDlyResume
<LI><a href="#[150]">&gt;&gt;</a>&nbsp;&nbsp;&nbsp;OSTimeDlyHMSM
<LI><a href="#[14e]">&gt;&gt;</a>&nbsp;&nbsp;&nbsp;OS_TickTask
<LI><a href="#[14d]">&gt;&gt;</a>&nbsp;&nbsp;&nbsp;OS_TickListUpdateDly
<LI><a href="#[14c]">&gt;&gt;</a>&nbsp;&nbsp;&nbsp;OS_TickListUpdateTimeout
<LI><a href="#[14a]">&gt;&gt;</a>&nbsp;&nbsp;&nbsp;OSTaskTimeQuantaSet
<LI><a href="#[149]">&gt;&gt;</a>&nbsp;&nbsp;&nbsp;OSTaskSemSet
<LI><a href="#[147]">&gt;&gt;</a>&nbsp;&nbsp;&nbsp;OSTaskSemPendAbort
<LI><a href="#[146]">&gt;&gt;</a>&nbsp;&nbsp;&nbsp;OSTaskSemPend
<LI><a href="#[145]">&gt;&gt;</a>&nbsp;&nbsp;&nbsp;OSTaskRegSet
<LI><a href="#[144]">&gt;&gt;</a>&nbsp;&nbsp;&nbsp;OSTaskRegGetID
<LI><a href="#[143]">&gt;&gt;</a>&nbsp;&nbsp;&nbsp;OSTaskRegGet
<LI><a href="#[141]">&gt;&gt;</a>&nbsp;&nbsp;&nbsp;OSTaskQPendAbort
<LI><a href="#[140]">&gt;&gt;</a>&nbsp;&nbsp;&nbsp;OSTaskQPend
<LI><a href="#[13f]">&gt;&gt;</a>&nbsp;&nbsp;&nbsp;OSTaskQFlush
<LI><a href="#[13c]">&gt;&gt;</a>&nbsp;&nbsp;&nbsp;OSTaskDel
<LI><a href="#[137]">&gt;&gt;</a>&nbsp;&nbsp;&nbsp;OSTaskChangePrio
<LI><a href="#[132]">&gt;&gt;</a>&nbsp;&nbsp;&nbsp;OSTimeDly
<LI><a href="#[136]">&gt;&gt;</a>&nbsp;&nbsp;&nbsp;OSTaskStkChk
<LI><a href="#[133]">&gt;&gt;</a>&nbsp;&nbsp;&nbsp;OSTaskResume
<LI><a href="#[134]">&gt;&gt;</a>&nbsp;&nbsp;&nbsp;OS_StatTask
<LI><a href="#[130]">&gt;&gt;</a>&nbsp;&nbsp;&nbsp;OSStatTaskCPUUsageInit
<LI><a href="#[12d]">&gt;&gt;</a>&nbsp;&nbsp;&nbsp;OSStatReset
<LI><a href="#[12c]">&gt;&gt;</a>&nbsp;&nbsp;&nbsp;OSSemSet
<LI><a href="#[12a]">&gt;&gt;</a>&nbsp;&nbsp;&nbsp;OSSemPendAbort
<LI><a href="#[129]">&gt;&gt;</a>&nbsp;&nbsp;&nbsp;OSSemPend
<LI><a href="#[127]">&gt;&gt;</a>&nbsp;&nbsp;&nbsp;OSSemDel
<LI><a href="#[124]">&gt;&gt;</a>&nbsp;&nbsp;&nbsp;OSSemCreate
<LI><a href="#[121]">&gt;&gt;</a>&nbsp;&nbsp;&nbsp;OSQPendAbort
<LI><a href="#[11f]">&gt;&gt;</a>&nbsp;&nbsp;&nbsp;OSQPend
<LI><a href="#[11e]">&gt;&gt;</a>&nbsp;&nbsp;&nbsp;OSQFlush
<LI><a href="#[11c]">&gt;&gt;</a>&nbsp;&nbsp;&nbsp;OSQDel
</UL>

<P><STRONG><a name="[68]"></a>CPU_IntDisMeasStart</STRONG> (Thumb, 38 bytes, Stack size 8 bytes, cpu_core.o(.text))
<BR><BR>[Stack]<UL><LI>Max Depth = 8<LI>Call Chain = CPU_IntDisMeasStart
</UL>
<BR>[Calls]<UL><LI><a href="#[67]">&gt;&gt;</a>&nbsp;&nbsp;&nbsp;CPU_TS_TmrRd
</UL>
<BR>[Called By]<UL><LI><a href="#[117]">&gt;&gt;</a>&nbsp;&nbsp;&nbsp;OSQCreate
<LI><a href="#[116]">&gt;&gt;</a>&nbsp;&nbsp;&nbsp;OSMutexPost
<LI><a href="#[115]">&gt;&gt;</a>&nbsp;&nbsp;&nbsp;OSMutexPendAbort
<LI><a href="#[114]">&gt;&gt;</a>&nbsp;&nbsp;&nbsp;OSMutexPend
<LI><a href="#[112]">&gt;&gt;</a>&nbsp;&nbsp;&nbsp;OSMutexDel
<LI><a href="#[10f]">&gt;&gt;</a>&nbsp;&nbsp;&nbsp;OSMutexCreate
<LI><a href="#[10e]">&gt;&gt;</a>&nbsp;&nbsp;&nbsp;OSMemPut
<LI><a href="#[10d]">&gt;&gt;</a>&nbsp;&nbsp;&nbsp;OSMemGet
<LI><a href="#[10b]">&gt;&gt;</a>&nbsp;&nbsp;&nbsp;OSMemCreate
<LI><a href="#[109]">&gt;&gt;</a>&nbsp;&nbsp;&nbsp;OS_TaskSuspend
<LI><a href="#[108]">&gt;&gt;</a>&nbsp;&nbsp;&nbsp;OS_TaskSemPost
<LI><a href="#[107]">&gt;&gt;</a>&nbsp;&nbsp;&nbsp;OS_TaskResume
<LI><a href="#[106]">&gt;&gt;</a>&nbsp;&nbsp;&nbsp;OS_TaskQPost
<LI><a href="#[105]">&gt;&gt;</a>&nbsp;&nbsp;&nbsp;OS_SemPost
<LI><a href="#[104]">&gt;&gt;</a>&nbsp;&nbsp;&nbsp;OS_QPost
<LI><a href="#[10a]">&gt;&gt;</a>&nbsp;&nbsp;&nbsp;OS_IntQTask
<LI><a href="#[102]">&gt;&gt;</a>&nbsp;&nbsp;&nbsp;OS_IntQPost
<LI><a href="#[100]">&gt;&gt;</a>&nbsp;&nbsp;&nbsp;OS_FlagPost
<LI><a href="#[fe]">&gt;&gt;</a>&nbsp;&nbsp;&nbsp;OSFlagPendGetFlagsRdy
<LI><a href="#[fd]">&gt;&gt;</a>&nbsp;&nbsp;&nbsp;OSFlagPendAbort
<LI><a href="#[fc]">&gt;&gt;</a>&nbsp;&nbsp;&nbsp;OSFlagPend
<LI><a href="#[f9]">&gt;&gt;</a>&nbsp;&nbsp;&nbsp;OSFlagDel
<LI><a href="#[f5]">&gt;&gt;</a>&nbsp;&nbsp;&nbsp;OSFlagCreate
<LI><a href="#[bd]">&gt;&gt;</a>&nbsp;&nbsp;&nbsp;OSTaskCreate
<LI><a href="#[f4]">&gt;&gt;</a>&nbsp;&nbsp;&nbsp;OS_SchedRoundRobin
<LI><a href="#[d8]">&gt;&gt;</a>&nbsp;&nbsp;&nbsp;OSSchedRoundRobinYield
<LI><a href="#[d7]">&gt;&gt;</a>&nbsp;&nbsp;&nbsp;OSSchedRoundRobinCfg
<LI><a href="#[d6]">&gt;&gt;</a>&nbsp;&nbsp;&nbsp;OSSchedUnlock
<LI><a href="#[d4]">&gt;&gt;</a>&nbsp;&nbsp;&nbsp;OSSchedLock
<LI><a href="#[ba]">&gt;&gt;</a>&nbsp;&nbsp;&nbsp;OS_IdleTask
<LI><a href="#[9]">&gt;&gt;</a>&nbsp;&nbsp;&nbsp;OS_CPU_SysTickHandler
<LI><a href="#[98]">&gt;&gt;</a>&nbsp;&nbsp;&nbsp;Mem_PoolBlkIxGet
<LI><a href="#[96]">&gt;&gt;</a>&nbsp;&nbsp;&nbsp;Mem_PoolBlkFree
<LI><a href="#[95]">&gt;&gt;</a>&nbsp;&nbsp;&nbsp;Mem_PoolBlkGetUsedAtIx
<LI><a href="#[94]">&gt;&gt;</a>&nbsp;&nbsp;&nbsp;Mem_PoolBlkGet
<LI><a href="#[93]">&gt;&gt;</a>&nbsp;&nbsp;&nbsp;Mem_PoolBlkGetNbrAvail
<LI><a href="#[92]">&gt;&gt;</a>&nbsp;&nbsp;&nbsp;Mem_PoolCreate
<LI><a href="#[8f]">&gt;&gt;</a>&nbsp;&nbsp;&nbsp;Mem_SegGetSizeRem
<LI><a href="#[8c]">&gt;&gt;</a>&nbsp;&nbsp;&nbsp;Mem_HeapAlloc
<LI><a href="#[75]">&gt;&gt;</a>&nbsp;&nbsp;&nbsp;CPU_NameSet
<LI><a href="#[72]">&gt;&gt;</a>&nbsp;&nbsp;&nbsp;CPU_NameGet
<LI><a href="#[69]">&gt;&gt;</a>&nbsp;&nbsp;&nbsp;CPU_NameClr
<LI><a href="#[6e]">&gt;&gt;</a>&nbsp;&nbsp;&nbsp;CPU_IntDisMeasInit
<LI><a href="#[15e]">&gt;&gt;</a>&nbsp;&nbsp;&nbsp;OSTmrStart
<LI><a href="#[153]">&gt;&gt;</a>&nbsp;&nbsp;&nbsp;OSTimeSet
<LI><a href="#[152]">&gt;&gt;</a>&nbsp;&nbsp;&nbsp;OSTimeGet
<LI><a href="#[151]">&gt;&gt;</a>&nbsp;&nbsp;&nbsp;OSTimeDlyResume
<LI><a href="#[150]">&gt;&gt;</a>&nbsp;&nbsp;&nbsp;OSTimeDlyHMSM
<LI><a href="#[14e]">&gt;&gt;</a>&nbsp;&nbsp;&nbsp;OS_TickTask
<LI><a href="#[14d]">&gt;&gt;</a>&nbsp;&nbsp;&nbsp;OS_TickListUpdateDly
<LI><a href="#[14c]">&gt;&gt;</a>&nbsp;&nbsp;&nbsp;OS_TickListUpdateTimeout
<LI><a href="#[14a]">&gt;&gt;</a>&nbsp;&nbsp;&nbsp;OSTaskTimeQuantaSet
<LI><a href="#[149]">&gt;&gt;</a>&nbsp;&nbsp;&nbsp;OSTaskSemSet
<LI><a href="#[147]">&gt;&gt;</a>&nbsp;&nbsp;&nbsp;OSTaskSemPendAbort
<LI><a href="#[146]">&gt;&gt;</a>&nbsp;&nbsp;&nbsp;OSTaskSemPend
<LI><a href="#[145]">&gt;&gt;</a>&nbsp;&nbsp;&nbsp;OSTaskRegSet
<LI><a href="#[144]">&gt;&gt;</a>&nbsp;&nbsp;&nbsp;OSTaskRegGetID
<LI><a href="#[143]">&gt;&gt;</a>&nbsp;&nbsp;&nbsp;OSTaskRegGet
<LI><a href="#[141]">&gt;&gt;</a>&nbsp;&nbsp;&nbsp;OSTaskQPendAbort
<LI><a href="#[140]">&gt;&gt;</a>&nbsp;&nbsp;&nbsp;OSTaskQPend
<LI><a href="#[13f]">&gt;&gt;</a>&nbsp;&nbsp;&nbsp;OSTaskQFlush
<LI><a href="#[13c]">&gt;&gt;</a>&nbsp;&nbsp;&nbsp;OSTaskDel
<LI><a href="#[137]">&gt;&gt;</a>&nbsp;&nbsp;&nbsp;OSTaskChangePrio
<LI><a href="#[132]">&gt;&gt;</a>&nbsp;&nbsp;&nbsp;OSTimeDly
<LI><a href="#[136]">&gt;&gt;</a>&nbsp;&nbsp;&nbsp;OSTaskStkChk
<LI><a href="#[133]">&gt;&gt;</a>&nbsp;&nbsp;&nbsp;OSTaskResume
<LI><a href="#[134]">&gt;&gt;</a>&nbsp;&nbsp;&nbsp;OS_StatTask
<LI><a href="#[130]">&gt;&gt;</a>&nbsp;&nbsp;&nbsp;OSStatTaskCPUUsageInit
<LI><a href="#[12d]">&gt;&gt;</a>&nbsp;&nbsp;&nbsp;OSStatReset
<LI><a href="#[12c]">&gt;&gt;</a>&nbsp;&nbsp;&nbsp;OSSemSet
<LI><a href="#[12a]">&gt;&gt;</a>&nbsp;&nbsp;&nbsp;OSSemPendAbort
<LI><a href="#[129]">&gt;&gt;</a>&nbsp;&nbsp;&nbsp;OSSemPend
<LI><a href="#[127]">&gt;&gt;</a>&nbsp;&nbsp;&nbsp;OSSemDel
<LI><a href="#[124]">&gt;&gt;</a>&nbsp;&nbsp;&nbsp;OSSemCreate
<LI><a href="#[121]">&gt;&gt;</a>&nbsp;&nbsp;&nbsp;OSQPendAbort
<LI><a href="#[11f]">&gt;&gt;</a>&nbsp;&nbsp;&nbsp;OSQPend
<LI><a href="#[11e]">&gt;&gt;</a>&nbsp;&nbsp;&nbsp;OSQFlush
<LI><a href="#[11c]">&gt;&gt;</a>&nbsp;&nbsp;&nbsp;OSQDel
</UL>

<P><STRONG><a name="[69]"></a>CPU_NameClr</STRONG> (Thumb, 50 bytes, Stack size 8 bytes, cpu_core.o(.text), UNUSED)
<BR><BR>[Calls]<UL><LI><a href="#[6b]">&gt;&gt;</a>&nbsp;&nbsp;&nbsp;Mem_Clr
<LI><a href="#[6a]">&gt;&gt;</a>&nbsp;&nbsp;&nbsp;CPU_SR_Save
<LI><a href="#[6c]">&gt;&gt;</a>&nbsp;&nbsp;&nbsp;CPU_SR_Restore
<LI><a href="#[68]">&gt;&gt;</a>&nbsp;&nbsp;&nbsp;CPU_IntDisMeasStart
<LI><a href="#[66]">&gt;&gt;</a>&nbsp;&nbsp;&nbsp;CPU_IntDisMeasStop
</UL>
<BR>[Called By]<UL><LI><a href="#[6d]">&gt;&gt;</a>&nbsp;&nbsp;&nbsp;CPU_NameInit
</UL>

<P><STRONG><a name="[71]"></a>CPU_Init</STRONG> (Thumb, 16 bytes, Stack size 8 bytes, cpu_core.o(.text), UNUSED)
<BR><BR>[Calls]<UL><LI><a href="#[6f]">&gt;&gt;</a>&nbsp;&nbsp;&nbsp;CPU_TS_Init
<LI><a href="#[6e]">&gt;&gt;</a>&nbsp;&nbsp;&nbsp;CPU_IntDisMeasInit
<LI><a href="#[6d]">&gt;&gt;</a>&nbsp;&nbsp;&nbsp;CPU_NameInit
</UL>

<P><STRONG><a name="[73]"></a>CPU_SW_Exception</STRONG> (Thumb, 4 bytes, Stack size 0 bytes, cpu_core.o(.text), UNUSED)
<BR><BR>[Called By]<UL><LI><a href="#[98]">&gt;&gt;</a>&nbsp;&nbsp;&nbsp;Mem_PoolBlkIxGet
<LI><a href="#[96]">&gt;&gt;</a>&nbsp;&nbsp;&nbsp;Mem_PoolBlkFree
<LI><a href="#[95]">&gt;&gt;</a>&nbsp;&nbsp;&nbsp;Mem_PoolBlkGetUsedAtIx
<LI><a href="#[94]">&gt;&gt;</a>&nbsp;&nbsp;&nbsp;Mem_PoolBlkGet
<LI><a href="#[93]">&gt;&gt;</a>&nbsp;&nbsp;&nbsp;Mem_PoolBlkGetNbrAvail
<LI><a href="#[92]">&gt;&gt;</a>&nbsp;&nbsp;&nbsp;Mem_PoolCreate
<LI><a href="#[91]">&gt;&gt;</a>&nbsp;&nbsp;&nbsp;Mem_PoolClr
<LI><a href="#[8f]">&gt;&gt;</a>&nbsp;&nbsp;&nbsp;Mem_SegGetSizeRem
<LI><a href="#[8c]">&gt;&gt;</a>&nbsp;&nbsp;&nbsp;Mem_HeapAlloc
<LI><a href="#[78]">&gt;&gt;</a>&nbsp;&nbsp;&nbsp;CPU_TS_TmrFreqGet
<LI><a href="#[75]">&gt;&gt;</a>&nbsp;&nbsp;&nbsp;CPU_NameSet
<LI><a href="#[72]">&gt;&gt;</a>&nbsp;&nbsp;&nbsp;CPU_NameGet
</UL>

<P><STRONG><a name="[72]"></a>CPU_NameGet</STRONG> (Thumb, 78 bytes, Stack size 16 bytes, cpu_core.o(.text), UNUSED)
<BR><BR>[Calls]<UL><LI><a href="#[74]">&gt;&gt;</a>&nbsp;&nbsp;&nbsp;Str_Copy_N
<LI><a href="#[6a]">&gt;&gt;</a>&nbsp;&nbsp;&nbsp;CPU_SR_Save
<LI><a href="#[6c]">&gt;&gt;</a>&nbsp;&nbsp;&nbsp;CPU_SR_Restore
<LI><a href="#[73]">&gt;&gt;</a>&nbsp;&nbsp;&nbsp;CPU_SW_Exception
<LI><a href="#[68]">&gt;&gt;</a>&nbsp;&nbsp;&nbsp;CPU_IntDisMeasStart
<LI><a href="#[66]">&gt;&gt;</a>&nbsp;&nbsp;&nbsp;CPU_IntDisMeasStop
</UL>

<P><STRONG><a name="[75]"></a>CPU_NameSet</STRONG> (Thumb, 104 bytes, Stack size 24 bytes, cpu_core.o(.text), UNUSED)
<BR><BR>[Calls]<UL><LI><a href="#[76]">&gt;&gt;</a>&nbsp;&nbsp;&nbsp;Str_Len_N
<LI><a href="#[74]">&gt;&gt;</a>&nbsp;&nbsp;&nbsp;Str_Copy_N
<LI><a href="#[6a]">&gt;&gt;</a>&nbsp;&nbsp;&nbsp;CPU_SR_Save
<LI><a href="#[6c]">&gt;&gt;</a>&nbsp;&nbsp;&nbsp;CPU_SR_Restore
<LI><a href="#[73]">&gt;&gt;</a>&nbsp;&nbsp;&nbsp;CPU_SW_Exception
<LI><a href="#[68]">&gt;&gt;</a>&nbsp;&nbsp;&nbsp;CPU_IntDisMeasStart
<LI><a href="#[66]">&gt;&gt;</a>&nbsp;&nbsp;&nbsp;CPU_IntDisMeasStop
</UL>

<P><STRONG><a name="[77]"></a>CPU_TS_Get32</STRONG> (Thumb, 12 bytes, Stack size 8 bytes, cpu_core.o(.text), UNUSED)
<BR><BR>[Calls]<UL><LI><a href="#[67]">&gt;&gt;</a>&nbsp;&nbsp;&nbsp;CPU_TS_TmrRd
</UL>

<P><STRONG><a name="[17c]"></a>CPU_TS_Update</STRONG> (Thumb, 2 bytes, Stack size 0 bytes, cpu_core.o(.text), UNUSED)

<P><STRONG><a name="[78]"></a>CPU_TS_TmrFreqGet</STRONG> (Thumb, 30 bytes, Stack size 4 bytes, cpu_core.o(.text), UNUSED)
<BR><BR>[Calls]<UL><LI><a href="#[73]">&gt;&gt;</a>&nbsp;&nbsp;&nbsp;CPU_SW_Exception
</UL>

<P><STRONG><a name="[166]"></a>CPU_TS_TmrFreqSet</STRONG> (Thumb, 6 bytes, Stack size 0 bytes, cpu_core.o(.text), UNUSED)
<BR><BR>[Called By]<UL><LI><a href="#[70]">&gt;&gt;</a>&nbsp;&nbsp;&nbsp;CPU_TS_TmrInit
</UL>

<P><STRONG><a name="[79]"></a>CPU_IntDisMeasMaxCurGet</STRONG> (Thumb, 40 bytes, Stack size 16 bytes, cpu_core.o(.text))
<BR><BR>[Stack]<UL><LI>Max Depth = 16 + Unknown Stack Size
<LI>Call Chain = CPU_IntDisMeasMaxCurGet
</UL>
<BR>[Calls]<UL><LI><a href="#[6a]">&gt;&gt;</a>&nbsp;&nbsp;&nbsp;CPU_SR_Save
<LI><a href="#[6c]">&gt;&gt;</a>&nbsp;&nbsp;&nbsp;CPU_SR_Restore
<LI><a href="#[7a]">&gt;&gt;</a>&nbsp;&nbsp;&nbsp;CPU_IntDisMeasMaxCalc
</UL>
<BR>[Called By]<UL><LI><a href="#[7b]">&gt;&gt;</a>&nbsp;&nbsp;&nbsp;CPU_IntDisMeasMaxCurReset
</UL>

<P><STRONG><a name="[7b]"></a>CPU_IntDisMeasMaxCurReset</STRONG> (Thumb, 40 bytes, Stack size 16 bytes, cpu_core.o(.text))
<BR><BR>[Stack]<UL><LI>Max Depth = 32 + Unknown Stack Size
<LI>Call Chain = CPU_IntDisMeasMaxCurReset &rArr; CPU_IntDisMeasMaxCurGet
</UL>
<BR>[Calls]<UL><LI><a href="#[6a]">&gt;&gt;</a>&nbsp;&nbsp;&nbsp;CPU_SR_Save
<LI><a href="#[6c]">&gt;&gt;</a>&nbsp;&nbsp;&nbsp;CPU_SR_Restore
<LI><a href="#[79]">&gt;&gt;</a>&nbsp;&nbsp;&nbsp;CPU_IntDisMeasMaxCurGet
</UL>
<BR>[Called By]<UL><LI><a href="#[62]">&gt;&gt;</a>&nbsp;&nbsp;&nbsp;OSTaskSwHook
</UL>

<P><STRONG><a name="[7c]"></a>CPU_IntDisMeasMaxGet</STRONG> (Thumb, 40 bytes, Stack size 16 bytes, cpu_core.o(.text))
<BR><BR>[Stack]<UL><LI>Max Depth = 16 + Unknown Stack Size
<LI>Call Chain = CPU_IntDisMeasMaxGet
</UL>
<BR>[Calls]<UL><LI><a href="#[6a]">&gt;&gt;</a>&nbsp;&nbsp;&nbsp;CPU_SR_Save
<LI><a href="#[6c]">&gt;&gt;</a>&nbsp;&nbsp;&nbsp;CPU_SR_Restore
<LI><a href="#[7a]">&gt;&gt;</a>&nbsp;&nbsp;&nbsp;CPU_IntDisMeasMaxCalc
</UL>
<BR>[Called By]<UL><LI><a href="#[134]">&gt;&gt;</a>&nbsp;&nbsp;&nbsp;OS_StatTask
</UL>

<P><STRONG><a name="[7d]"></a>CPU_CntLeadZeros08</STRONG> (Thumb, 18 bytes, Stack size 16 bytes, cpu_core.o(.text), UNUSED)
<BR><BR>[Calls]<UL><LI><a href="#[7e]">&gt;&gt;</a>&nbsp;&nbsp;&nbsp;CPU_CntLeadZeros
</UL>

<P><STRONG><a name="[7f]"></a>CPU_CntLeadZeros16</STRONG> (Thumb, 18 bytes, Stack size 16 bytes, cpu_core.o(.text), UNUSED)
<BR><BR>[Calls]<UL><LI><a href="#[7e]">&gt;&gt;</a>&nbsp;&nbsp;&nbsp;CPU_CntLeadZeros
</UL>

<P><STRONG><a name="[80]"></a>CPU_CntLeadZeros32</STRONG> (Thumb, 18 bytes, Stack size 16 bytes, cpu_core.o(.text), UNUSED)
<BR><BR>[Calls]<UL><LI><a href="#[7e]">&gt;&gt;</a>&nbsp;&nbsp;&nbsp;CPU_CntLeadZeros
</UL>

<P><STRONG><a name="[86]"></a>CPU_CntLeadZeros64</STRONG> (Thumb, 192 bytes, Stack size 12 bytes, cpu_core.o(.text), UNUSED)
<BR><BR>[Called By]<UL><LI><a href="#[85]">&gt;&gt;</a>&nbsp;&nbsp;&nbsp;CPU_CntTrailZeros64
</UL>

<P><STRONG><a name="[81]"></a>CPU_CntTrailZeros08</STRONG> (Thumb, 22 bytes, Stack size 16 bytes, cpu_core.o(.text), UNUSED)
<BR><BR>[Calls]<UL><LI><a href="#[82]">&gt;&gt;</a>&nbsp;&nbsp;&nbsp;CPU_CntTrailZeros
</UL>

<P><STRONG><a name="[83]"></a>CPU_CntTrailZeros16</STRONG> (Thumb, 22 bytes, Stack size 16 bytes, cpu_core.o(.text), UNUSED)
<BR><BR>[Calls]<UL><LI><a href="#[82]">&gt;&gt;</a>&nbsp;&nbsp;&nbsp;CPU_CntTrailZeros
</UL>

<P><STRONG><a name="[84]"></a>CPU_CntTrailZeros32</STRONG> (Thumb, 22 bytes, Stack size 16 bytes, cpu_core.o(.text), UNUSED)
<BR><BR>[Calls]<UL><LI><a href="#[82]">&gt;&gt;</a>&nbsp;&nbsp;&nbsp;CPU_CntTrailZeros
</UL>

<P><STRONG><a name="[85]"></a>CPU_CntTrailZeros64</STRONG> (Thumb, 104 bytes, Stack size 28 bytes, cpu_core.o(.text), UNUSED)
<BR><BR>[Calls]<UL><LI><a href="#[86]">&gt;&gt;</a>&nbsp;&nbsp;&nbsp;CPU_CntLeadZeros64
</UL>

<P><STRONG><a name="[17d]"></a>CPU_IntDis</STRONG> (Thumb, 0 bytes, Stack size unknown bytes, cpu_a.o(.text), UNUSED)

<P><STRONG><a name="[17e]"></a>CPU_IntEn</STRONG> (Thumb, 0 bytes, Stack size unknown bytes, cpu_a.o(.text), UNUSED)

<P><STRONG><a name="[6a]"></a>CPU_SR_Save</STRONG> (Thumb, 0 bytes, Stack size unknown bytes, cpu_a.o(.text))
<BR><BR>[Called By]<UL><LI><a href="#[117]">&gt;&gt;</a>&nbsp;&nbsp;&nbsp;OSQCreate
<LI><a href="#[116]">&gt;&gt;</a>&nbsp;&nbsp;&nbsp;OSMutexPost
<LI><a href="#[115]">&gt;&gt;</a>&nbsp;&nbsp;&nbsp;OSMutexPendAbort
<LI><a href="#[114]">&gt;&gt;</a>&nbsp;&nbsp;&nbsp;OSMutexPend
<LI><a href="#[112]">&gt;&gt;</a>&nbsp;&nbsp;&nbsp;OSMutexDel
<LI><a href="#[10f]">&gt;&gt;</a>&nbsp;&nbsp;&nbsp;OSMutexCreate
<LI><a href="#[10e]">&gt;&gt;</a>&nbsp;&nbsp;&nbsp;OSMemPut
<LI><a href="#[10d]">&gt;&gt;</a>&nbsp;&nbsp;&nbsp;OSMemGet
<LI><a href="#[10b]">&gt;&gt;</a>&nbsp;&nbsp;&nbsp;OSMemCreate
<LI><a href="#[109]">&gt;&gt;</a>&nbsp;&nbsp;&nbsp;OS_TaskSuspend
<LI><a href="#[108]">&gt;&gt;</a>&nbsp;&nbsp;&nbsp;OS_TaskSemPost
<LI><a href="#[107]">&gt;&gt;</a>&nbsp;&nbsp;&nbsp;OS_TaskResume
<LI><a href="#[106]">&gt;&gt;</a>&nbsp;&nbsp;&nbsp;OS_TaskQPost
<LI><a href="#[105]">&gt;&gt;</a>&nbsp;&nbsp;&nbsp;OS_SemPost
<LI><a href="#[104]">&gt;&gt;</a>&nbsp;&nbsp;&nbsp;OS_QPost
<LI><a href="#[10a]">&gt;&gt;</a>&nbsp;&nbsp;&nbsp;OS_IntQTask
<LI><a href="#[102]">&gt;&gt;</a>&nbsp;&nbsp;&nbsp;OS_IntQPost
<LI><a href="#[100]">&gt;&gt;</a>&nbsp;&nbsp;&nbsp;OS_FlagPost
<LI><a href="#[fe]">&gt;&gt;</a>&nbsp;&nbsp;&nbsp;OSFlagPendGetFlagsRdy
<LI><a href="#[fd]">&gt;&gt;</a>&nbsp;&nbsp;&nbsp;OSFlagPendAbort
<LI><a href="#[fc]">&gt;&gt;</a>&nbsp;&nbsp;&nbsp;OSFlagPend
<LI><a href="#[f9]">&gt;&gt;</a>&nbsp;&nbsp;&nbsp;OSFlagDel
<LI><a href="#[f5]">&gt;&gt;</a>&nbsp;&nbsp;&nbsp;OSFlagCreate
<LI><a href="#[bd]">&gt;&gt;</a>&nbsp;&nbsp;&nbsp;OSTaskCreate
<LI><a href="#[f4]">&gt;&gt;</a>&nbsp;&nbsp;&nbsp;OS_SchedRoundRobin
<LI><a href="#[f3]">&gt;&gt;</a>&nbsp;&nbsp;&nbsp;OS_Sched0
<LI><a href="#[d8]">&gt;&gt;</a>&nbsp;&nbsp;&nbsp;OSSchedRoundRobinYield
<LI><a href="#[d7]">&gt;&gt;</a>&nbsp;&nbsp;&nbsp;OSSchedRoundRobinCfg
<LI><a href="#[d6]">&gt;&gt;</a>&nbsp;&nbsp;&nbsp;OSSchedUnlock
<LI><a href="#[d4]">&gt;&gt;</a>&nbsp;&nbsp;&nbsp;OSSchedLock
<LI><a href="#[d1]">&gt;&gt;</a>&nbsp;&nbsp;&nbsp;OSSched
<LI><a href="#[ba]">&gt;&gt;</a>&nbsp;&nbsp;&nbsp;OS_IdleTask
<LI><a href="#[9]">&gt;&gt;</a>&nbsp;&nbsp;&nbsp;OS_CPU_SysTickHandler
<LI><a href="#[b9]">&gt;&gt;</a>&nbsp;&nbsp;&nbsp;OSIntExit
<LI><a href="#[98]">&gt;&gt;</a>&nbsp;&nbsp;&nbsp;Mem_PoolBlkIxGet
<LI><a href="#[96]">&gt;&gt;</a>&nbsp;&nbsp;&nbsp;Mem_PoolBlkFree
<LI><a href="#[95]">&gt;&gt;</a>&nbsp;&nbsp;&nbsp;Mem_PoolBlkGetUsedAtIx
<LI><a href="#[94]">&gt;&gt;</a>&nbsp;&nbsp;&nbsp;Mem_PoolBlkGet
<LI><a href="#[93]">&gt;&gt;</a>&nbsp;&nbsp;&nbsp;Mem_PoolBlkGetNbrAvail
<LI><a href="#[92]">&gt;&gt;</a>&nbsp;&nbsp;&nbsp;Mem_PoolCreate
<LI><a href="#[8f]">&gt;&gt;</a>&nbsp;&nbsp;&nbsp;Mem_SegGetSizeRem
<LI><a href="#[8c]">&gt;&gt;</a>&nbsp;&nbsp;&nbsp;Mem_HeapAlloc
<LI><a href="#[7c]">&gt;&gt;</a>&nbsp;&nbsp;&nbsp;CPU_IntDisMeasMaxGet
<LI><a href="#[7b]">&gt;&gt;</a>&nbsp;&nbsp;&nbsp;CPU_IntDisMeasMaxCurReset
<LI><a href="#[79]">&gt;&gt;</a>&nbsp;&nbsp;&nbsp;CPU_IntDisMeasMaxCurGet
<LI><a href="#[75]">&gt;&gt;</a>&nbsp;&nbsp;&nbsp;CPU_NameSet
<LI><a href="#[72]">&gt;&gt;</a>&nbsp;&nbsp;&nbsp;CPU_NameGet
<LI><a href="#[69]">&gt;&gt;</a>&nbsp;&nbsp;&nbsp;CPU_NameClr
<LI><a href="#[6e]">&gt;&gt;</a>&nbsp;&nbsp;&nbsp;CPU_IntDisMeasInit
<LI><a href="#[15e]">&gt;&gt;</a>&nbsp;&nbsp;&nbsp;OSTmrStart
<LI><a href="#[153]">&gt;&gt;</a>&nbsp;&nbsp;&nbsp;OSTimeSet
<LI><a href="#[152]">&gt;&gt;</a>&nbsp;&nbsp;&nbsp;OSTimeGet
<LI><a href="#[151]">&gt;&gt;</a>&nbsp;&nbsp;&nbsp;OSTimeDlyResume
<LI><a href="#[150]">&gt;&gt;</a>&nbsp;&nbsp;&nbsp;OSTimeDlyHMSM
<LI><a href="#[14e]">&gt;&gt;</a>&nbsp;&nbsp;&nbsp;OS_TickTask
<LI><a href="#[14d]">&gt;&gt;</a>&nbsp;&nbsp;&nbsp;OS_TickListUpdateDly
<LI><a href="#[14c]">&gt;&gt;</a>&nbsp;&nbsp;&nbsp;OS_TickListUpdateTimeout
<LI><a href="#[14a]">&gt;&gt;</a>&nbsp;&nbsp;&nbsp;OSTaskTimeQuantaSet
<LI><a href="#[149]">&gt;&gt;</a>&nbsp;&nbsp;&nbsp;OSTaskSemSet
<LI><a href="#[147]">&gt;&gt;</a>&nbsp;&nbsp;&nbsp;OSTaskSemPendAbort
<LI><a href="#[146]">&gt;&gt;</a>&nbsp;&nbsp;&nbsp;OSTaskSemPend
<LI><a href="#[145]">&gt;&gt;</a>&nbsp;&nbsp;&nbsp;OSTaskRegSet
<LI><a href="#[144]">&gt;&gt;</a>&nbsp;&nbsp;&nbsp;OSTaskRegGetID
<LI><a href="#[143]">&gt;&gt;</a>&nbsp;&nbsp;&nbsp;OSTaskRegGet
<LI><a href="#[141]">&gt;&gt;</a>&nbsp;&nbsp;&nbsp;OSTaskQPendAbort
<LI><a href="#[140]">&gt;&gt;</a>&nbsp;&nbsp;&nbsp;OSTaskQPend
<LI><a href="#[13f]">&gt;&gt;</a>&nbsp;&nbsp;&nbsp;OSTaskQFlush
<LI><a href="#[13c]">&gt;&gt;</a>&nbsp;&nbsp;&nbsp;OSTaskDel
<LI><a href="#[137]">&gt;&gt;</a>&nbsp;&nbsp;&nbsp;OSTaskChangePrio
<LI><a href="#[132]">&gt;&gt;</a>&nbsp;&nbsp;&nbsp;OSTimeDly
<LI><a href="#[136]">&gt;&gt;</a>&nbsp;&nbsp;&nbsp;OSTaskStkChk
<LI><a href="#[133]">&gt;&gt;</a>&nbsp;&nbsp;&nbsp;OSTaskResume
<LI><a href="#[134]">&gt;&gt;</a>&nbsp;&nbsp;&nbsp;OS_StatTask
<LI><a href="#[130]">&gt;&gt;</a>&nbsp;&nbsp;&nbsp;OSStatTaskCPUUsageInit
<LI><a href="#[12d]">&gt;&gt;</a>&nbsp;&nbsp;&nbsp;OSStatReset
<LI><a href="#[12c]">&gt;&gt;</a>&nbsp;&nbsp;&nbsp;OSSemSet
<LI><a href="#[12a]">&gt;&gt;</a>&nbsp;&nbsp;&nbsp;OSSemPendAbort
<LI><a href="#[129]">&gt;&gt;</a>&nbsp;&nbsp;&nbsp;OSSemPend
<LI><a href="#[127]">&gt;&gt;</a>&nbsp;&nbsp;&nbsp;OSSemDel
<LI><a href="#[124]">&gt;&gt;</a>&nbsp;&nbsp;&nbsp;OSSemCreate
<LI><a href="#[121]">&gt;&gt;</a>&nbsp;&nbsp;&nbsp;OSQPendAbort
<LI><a href="#[11f]">&gt;&gt;</a>&nbsp;&nbsp;&nbsp;OSQPend
<LI><a href="#[11e]">&gt;&gt;</a>&nbsp;&nbsp;&nbsp;OSQFlush
<LI><a href="#[11c]">&gt;&gt;</a>&nbsp;&nbsp;&nbsp;OSQDel
</UL>

<P><STRONG><a name="[6c]"></a>CPU_SR_Restore</STRONG> (Thumb, 0 bytes, Stack size unknown bytes, cpu_a.o(.text))
<BR><BR>[Called By]<UL><LI><a href="#[117]">&gt;&gt;</a>&nbsp;&nbsp;&nbsp;OSQCreate
<LI><a href="#[116]">&gt;&gt;</a>&nbsp;&nbsp;&nbsp;OSMutexPost
<LI><a href="#[115]">&gt;&gt;</a>&nbsp;&nbsp;&nbsp;OSMutexPendAbort
<LI><a href="#[114]">&gt;&gt;</a>&nbsp;&nbsp;&nbsp;OSMutexPend
<LI><a href="#[112]">&gt;&gt;</a>&nbsp;&nbsp;&nbsp;OSMutexDel
<LI><a href="#[10f]">&gt;&gt;</a>&nbsp;&nbsp;&nbsp;OSMutexCreate
<LI><a href="#[10e]">&gt;&gt;</a>&nbsp;&nbsp;&nbsp;OSMemPut
<LI><a href="#[10d]">&gt;&gt;</a>&nbsp;&nbsp;&nbsp;OSMemGet
<LI><a href="#[10b]">&gt;&gt;</a>&nbsp;&nbsp;&nbsp;OSMemCreate
<LI><a href="#[109]">&gt;&gt;</a>&nbsp;&nbsp;&nbsp;OS_TaskSuspend
<LI><a href="#[108]">&gt;&gt;</a>&nbsp;&nbsp;&nbsp;OS_TaskSemPost
<LI><a href="#[107]">&gt;&gt;</a>&nbsp;&nbsp;&nbsp;OS_TaskResume
<LI><a href="#[106]">&gt;&gt;</a>&nbsp;&nbsp;&nbsp;OS_TaskQPost
<LI><a href="#[105]">&gt;&gt;</a>&nbsp;&nbsp;&nbsp;OS_SemPost
<LI><a href="#[104]">&gt;&gt;</a>&nbsp;&nbsp;&nbsp;OS_QPost
<LI><a href="#[10a]">&gt;&gt;</a>&nbsp;&nbsp;&nbsp;OS_IntQTask
<LI><a href="#[102]">&gt;&gt;</a>&nbsp;&nbsp;&nbsp;OS_IntQPost
<LI><a href="#[100]">&gt;&gt;</a>&nbsp;&nbsp;&nbsp;OS_FlagPost
<LI><a href="#[fe]">&gt;&gt;</a>&nbsp;&nbsp;&nbsp;OSFlagPendGetFlagsRdy
<LI><a href="#[fd]">&gt;&gt;</a>&nbsp;&nbsp;&nbsp;OSFlagPendAbort
<LI><a href="#[fc]">&gt;&gt;</a>&nbsp;&nbsp;&nbsp;OSFlagPend
<LI><a href="#[f9]">&gt;&gt;</a>&nbsp;&nbsp;&nbsp;OSFlagDel
<LI><a href="#[f5]">&gt;&gt;</a>&nbsp;&nbsp;&nbsp;OSFlagCreate
<LI><a href="#[bd]">&gt;&gt;</a>&nbsp;&nbsp;&nbsp;OSTaskCreate
<LI><a href="#[f4]">&gt;&gt;</a>&nbsp;&nbsp;&nbsp;OS_SchedRoundRobin
<LI><a href="#[f3]">&gt;&gt;</a>&nbsp;&nbsp;&nbsp;OS_Sched0
<LI><a href="#[d8]">&gt;&gt;</a>&nbsp;&nbsp;&nbsp;OSSchedRoundRobinYield
<LI><a href="#[d7]">&gt;&gt;</a>&nbsp;&nbsp;&nbsp;OSSchedRoundRobinCfg
<LI><a href="#[d6]">&gt;&gt;</a>&nbsp;&nbsp;&nbsp;OSSchedUnlock
<LI><a href="#[d4]">&gt;&gt;</a>&nbsp;&nbsp;&nbsp;OSSchedLock
<LI><a href="#[d1]">&gt;&gt;</a>&nbsp;&nbsp;&nbsp;OSSched
<LI><a href="#[ba]">&gt;&gt;</a>&nbsp;&nbsp;&nbsp;OS_IdleTask
<LI><a href="#[9]">&gt;&gt;</a>&nbsp;&nbsp;&nbsp;OS_CPU_SysTickHandler
<LI><a href="#[b9]">&gt;&gt;</a>&nbsp;&nbsp;&nbsp;OSIntExit
<LI><a href="#[98]">&gt;&gt;</a>&nbsp;&nbsp;&nbsp;Mem_PoolBlkIxGet
<LI><a href="#[96]">&gt;&gt;</a>&nbsp;&nbsp;&nbsp;Mem_PoolBlkFree
<LI><a href="#[95]">&gt;&gt;</a>&nbsp;&nbsp;&nbsp;Mem_PoolBlkGetUsedAtIx
<LI><a href="#[94]">&gt;&gt;</a>&nbsp;&nbsp;&nbsp;Mem_PoolBlkGet
<LI><a href="#[93]">&gt;&gt;</a>&nbsp;&nbsp;&nbsp;Mem_PoolBlkGetNbrAvail
<LI><a href="#[92]">&gt;&gt;</a>&nbsp;&nbsp;&nbsp;Mem_PoolCreate
<LI><a href="#[8f]">&gt;&gt;</a>&nbsp;&nbsp;&nbsp;Mem_SegGetSizeRem
<LI><a href="#[8c]">&gt;&gt;</a>&nbsp;&nbsp;&nbsp;Mem_HeapAlloc
<LI><a href="#[7c]">&gt;&gt;</a>&nbsp;&nbsp;&nbsp;CPU_IntDisMeasMaxGet
<LI><a href="#[7b]">&gt;&gt;</a>&nbsp;&nbsp;&nbsp;CPU_IntDisMeasMaxCurReset
<LI><a href="#[79]">&gt;&gt;</a>&nbsp;&nbsp;&nbsp;CPU_IntDisMeasMaxCurGet
<LI><a href="#[75]">&gt;&gt;</a>&nbsp;&nbsp;&nbsp;CPU_NameSet
<LI><a href="#[72]">&gt;&gt;</a>&nbsp;&nbsp;&nbsp;CPU_NameGet
<LI><a href="#[69]">&gt;&gt;</a>&nbsp;&nbsp;&nbsp;CPU_NameClr
<LI><a href="#[6e]">&gt;&gt;</a>&nbsp;&nbsp;&nbsp;CPU_IntDisMeasInit
<LI><a href="#[15e]">&gt;&gt;</a>&nbsp;&nbsp;&nbsp;OSTmrStart
<LI><a href="#[153]">&gt;&gt;</a>&nbsp;&nbsp;&nbsp;OSTimeSet
<LI><a href="#[152]">&gt;&gt;</a>&nbsp;&nbsp;&nbsp;OSTimeGet
<LI><a href="#[151]">&gt;&gt;</a>&nbsp;&nbsp;&nbsp;OSTimeDlyResume
<LI><a href="#[150]">&gt;&gt;</a>&nbsp;&nbsp;&nbsp;OSTimeDlyHMSM
<LI><a href="#[14e]">&gt;&gt;</a>&nbsp;&nbsp;&nbsp;OS_TickTask
<LI><a href="#[14d]">&gt;&gt;</a>&nbsp;&nbsp;&nbsp;OS_TickListUpdateDly
<LI><a href="#[14c]">&gt;&gt;</a>&nbsp;&nbsp;&nbsp;OS_TickListUpdateTimeout
<LI><a href="#[14a]">&gt;&gt;</a>&nbsp;&nbsp;&nbsp;OSTaskTimeQuantaSet
<LI><a href="#[149]">&gt;&gt;</a>&nbsp;&nbsp;&nbsp;OSTaskSemSet
<LI><a href="#[147]">&gt;&gt;</a>&nbsp;&nbsp;&nbsp;OSTaskSemPendAbort
<LI><a href="#[146]">&gt;&gt;</a>&nbsp;&nbsp;&nbsp;OSTaskSemPend
<LI><a href="#[145]">&gt;&gt;</a>&nbsp;&nbsp;&nbsp;OSTaskRegSet
<LI><a href="#[144]">&gt;&gt;</a>&nbsp;&nbsp;&nbsp;OSTaskRegGetID
<LI><a href="#[143]">&gt;&gt;</a>&nbsp;&nbsp;&nbsp;OSTaskRegGet
<LI><a href="#[141]">&gt;&gt;</a>&nbsp;&nbsp;&nbsp;OSTaskQPendAbort
<LI><a href="#[140]">&gt;&gt;</a>&nbsp;&nbsp;&nbsp;OSTaskQPend
<LI><a href="#[13f]">&gt;&gt;</a>&nbsp;&nbsp;&nbsp;OSTaskQFlush
<LI><a href="#[13c]">&gt;&gt;</a>&nbsp;&nbsp;&nbsp;OSTaskDel
<LI><a href="#[137]">&gt;&gt;</a>&nbsp;&nbsp;&nbsp;OSTaskChangePrio
<LI><a href="#[132]">&gt;&gt;</a>&nbsp;&nbsp;&nbsp;OSTimeDly
<LI><a href="#[136]">&gt;&gt;</a>&nbsp;&nbsp;&nbsp;OSTaskStkChk
<LI><a href="#[133]">&gt;&gt;</a>&nbsp;&nbsp;&nbsp;OSTaskResume
<LI><a href="#[134]">&gt;&gt;</a>&nbsp;&nbsp;&nbsp;OS_StatTask
<LI><a href="#[130]">&gt;&gt;</a>&nbsp;&nbsp;&nbsp;OSStatTaskCPUUsageInit
<LI><a href="#[12d]">&gt;&gt;</a>&nbsp;&nbsp;&nbsp;OSStatReset
<LI><a href="#[12c]">&gt;&gt;</a>&nbsp;&nbsp;&nbsp;OSSemSet
<LI><a href="#[12a]">&gt;&gt;</a>&nbsp;&nbsp;&nbsp;OSSemPendAbort
<LI><a href="#[129]">&gt;&gt;</a>&nbsp;&nbsp;&nbsp;OSSemPend
<LI><a href="#[127]">&gt;&gt;</a>&nbsp;&nbsp;&nbsp;OSSemDel
<LI><a href="#[124]">&gt;&gt;</a>&nbsp;&nbsp;&nbsp;OSSemCreate
<LI><a href="#[121]">&gt;&gt;</a>&nbsp;&nbsp;&nbsp;OSQPendAbort
<LI><a href="#[11f]">&gt;&gt;</a>&nbsp;&nbsp;&nbsp;OSQPend
<LI><a href="#[11e]">&gt;&gt;</a>&nbsp;&nbsp;&nbsp;OSQFlush
<LI><a href="#[11c]">&gt;&gt;</a>&nbsp;&nbsp;&nbsp;OSQDel
</UL>

<P><STRONG><a name="[17f]"></a>CPU_WaitForInt</STRONG> (Thumb, 0 bytes, Stack size unknown bytes, cpu_a.o(.text), UNUSED)

<P><STRONG><a name="[180]"></a>CPU_WaitForExcept</STRONG> (Thumb, 0 bytes, Stack size unknown bytes, cpu_a.o(.text), UNUSED)

<P><STRONG><a name="[7e]"></a>CPU_CntLeadZeros</STRONG> (Thumb, 0 bytes, Stack size unknown bytes, cpu_a.o(.text))
<BR><BR>[Called By]<UL><LI><a href="#[cf]">&gt;&gt;</a>&nbsp;&nbsp;&nbsp;OS_PrioGetHighest
<LI><a href="#[80]">&gt;&gt;</a>&nbsp;&nbsp;&nbsp;CPU_CntLeadZeros32
<LI><a href="#[7f]">&gt;&gt;</a>&nbsp;&nbsp;&nbsp;CPU_CntLeadZeros16
<LI><a href="#[7d]">&gt;&gt;</a>&nbsp;&nbsp;&nbsp;CPU_CntLeadZeros08
</UL>

<P><STRONG><a name="[82]"></a>CPU_CntTrailZeros</STRONG> (Thumb, 0 bytes, Stack size unknown bytes, cpu_a.o(.text), UNUSED)
<BR><BR>[Called By]<UL><LI><a href="#[84]">&gt;&gt;</a>&nbsp;&nbsp;&nbsp;CPU_CntTrailZeros32
<LI><a href="#[83]">&gt;&gt;</a>&nbsp;&nbsp;&nbsp;CPU_CntTrailZeros16
<LI><a href="#[81]">&gt;&gt;</a>&nbsp;&nbsp;&nbsp;CPU_CntTrailZeros08
</UL>

<P><STRONG><a name="[181]"></a>CPU_RevBits</STRONG> (Thumb, 0 bytes, Stack size unknown bytes, cpu_a.o(.text), UNUSED)

<P><STRONG><a name="[182]"></a>ASCII_IsAlpha</STRONG> (Thumb, 48 bytes, Stack size 0 bytes, lib_ascii.o(.text), UNUSED)

<P><STRONG><a name="[b1]"></a>ASCII_IsAlphaNum</STRONG> (Thumb, 76 bytes, Stack size 0 bytes, lib_ascii.o(.text), UNUSED)
<BR><BR>[Called By]<UL><LI><a href="#[ae]">&gt;&gt;</a>&nbsp;&nbsp;&nbsp;Str_ParseNbr_Int32
</UL>

<P><STRONG><a name="[b3]"></a>ASCII_IsLower</STRONG> (Thumb, 20 bytes, Stack size 0 bytes, lib_ascii.o(.text), UNUSED)
<BR><BR>[Called By]<UL><LI><a href="#[ae]">&gt;&gt;</a>&nbsp;&nbsp;&nbsp;Str_ParseNbr_Int32
</UL>

<P><STRONG><a name="[183]"></a>ASCII_IsUpper</STRONG> (Thumb, 20 bytes, Stack size 0 bytes, lib_ascii.o(.text), UNUSED)

<P><STRONG><a name="[b2]"></a>ASCII_IsDig</STRONG> (Thumb, 20 bytes, Stack size 0 bytes, lib_ascii.o(.text), UNUSED)
<BR><BR>[Called By]<UL><LI><a href="#[ae]">&gt;&gt;</a>&nbsp;&nbsp;&nbsp;Str_ParseNbr_Int32
</UL>

<P><STRONG><a name="[184]"></a>ASCII_IsDigOct</STRONG> (Thumb, 20 bytes, Stack size 0 bytes, lib_ascii.o(.text), UNUSED)

<P><STRONG><a name="[b0]"></a>ASCII_IsDigHex</STRONG> (Thumb, 36 bytes, Stack size 0 bytes, lib_ascii.o(.text), UNUSED)
<BR><BR>[Called By]<UL><LI><a href="#[ae]">&gt;&gt;</a>&nbsp;&nbsp;&nbsp;Str_ParseNbr_Int32
</UL>

<P><STRONG><a name="[185]"></a>ASCII_IsBlank</STRONG> (Thumb, 20 bytes, Stack size 0 bytes, lib_ascii.o(.text), UNUSED)

<P><STRONG><a name="[af]"></a>ASCII_IsSpace</STRONG> (Thumb, 36 bytes, Stack size 0 bytes, lib_ascii.o(.text), UNUSED)
<BR><BR>[Called By]<UL><LI><a href="#[ae]">&gt;&gt;</a>&nbsp;&nbsp;&nbsp;Str_ParseNbr_Int32
</UL>

<P><STRONG><a name="[ab]"></a>ASCII_IsPrint</STRONG> (Thumb, 20 bytes, Stack size 0 bytes, lib_ascii.o(.text), UNUSED)
<BR><BR>[Called By]<UL><LI><a href="#[aa]">&gt;&gt;</a>&nbsp;&nbsp;&nbsp;Str_FmtNbr_Int32
</UL>

<P><STRONG><a name="[186]"></a>ASCII_IsGraph</STRONG> (Thumb, 20 bytes, Stack size 0 bytes, lib_ascii.o(.text), UNUSED)

<P><STRONG><a name="[187]"></a>ASCII_IsPunct</STRONG> (Thumb, 134 bytes, Stack size 0 bytes, lib_ascii.o(.text), UNUSED)

<P><STRONG><a name="[188]"></a>ASCII_IsCtrl</STRONG> (Thumb, 26 bytes, Stack size 0 bytes, lib_ascii.o(.text), UNUSED)

<P><STRONG><a name="[a0]"></a>ASCII_ToLower</STRONG> (Thumb, 32 bytes, Stack size 0 bytes, lib_ascii.o(.text), UNUSED)
<BR><BR>[Called By]<UL><LI><a href="#[9f]">&gt;&gt;</a>&nbsp;&nbsp;&nbsp;Str_CmpIgnoreCase_N
</UL>

<P><STRONG><a name="[88]"></a>ASCII_ToUpper</STRONG> (Thumb, 32 bytes, Stack size 0 bytes, lib_ascii.o(.text), UNUSED)
<BR><BR>[Called By]<UL><LI><a href="#[87]">&gt;&gt;</a>&nbsp;&nbsp;&nbsp;ASCII_Cmp
</UL>

<P><STRONG><a name="[87]"></a>ASCII_Cmp</STRONG> (Thumb, 38 bytes, Stack size 20 bytes, lib_ascii.o(.text), UNUSED)
<BR><BR>[Calls]<UL><LI><a href="#[88]">&gt;&gt;</a>&nbsp;&nbsp;&nbsp;ASCII_ToUpper
</UL>

<P><STRONG><a name="[189]"></a>Mem_Init</STRONG> (Thumb, 54 bytes, Stack size 0 bytes, lib_mem.o(.text), UNUSED)

<P><STRONG><a name="[89]"></a>Mem_Set</STRONG> (Thumb, 98 bytes, Stack size 24 bytes, lib_mem.o(.text), UNUSED)
<BR><BR>[Called By]<UL><LI><a href="#[6b]">&gt;&gt;</a>&nbsp;&nbsp;&nbsp;Mem_Clr
</UL>

<P><STRONG><a name="[6b]"></a>Mem_Clr</STRONG> (Thumb, 18 bytes, Stack size 12 bytes, lib_mem.o(.text), UNUSED)
<BR><BR>[Calls]<UL><LI><a href="#[89]">&gt;&gt;</a>&nbsp;&nbsp;&nbsp;Mem_Set
</UL>
<BR>[Called By]<UL><LI><a href="#[69]">&gt;&gt;</a>&nbsp;&nbsp;&nbsp;CPU_NameClr
</UL>

<P><STRONG><a name="[8a]"></a>Mem_Move</STRONG> (Thumb, 204 bytes, Stack size 56 bytes, lib_mem.o(.text), UNUSED)
<BR><BR>[Calls]<UL><LI><a href="#[8b]">&gt;&gt;</a>&nbsp;&nbsp;&nbsp;Mem_Copy
</UL>

<P><STRONG><a name="[18a]"></a>Mem_Cmp</STRONG> (Thumb, 192 bytes, Stack size 40 bytes, lib_mem.o(.text), UNUSED)

<P><STRONG><a name="[8c]"></a>Mem_HeapAlloc</STRONG> (Thumb, 274 bytes, Stack size 48 bytes, lib_mem.o(.text), UNUSED)
<BR><BR>[Calls]<UL><LI><a href="#[8d]">&gt;&gt;</a>&nbsp;&nbsp;&nbsp;Mem_SegCalcTotSize
<LI><a href="#[8e]">&gt;&gt;</a>&nbsp;&nbsp;&nbsp;Mem_SegAlloc
<LI><a href="#[6a]">&gt;&gt;</a>&nbsp;&nbsp;&nbsp;CPU_SR_Save
<LI><a href="#[6c]">&gt;&gt;</a>&nbsp;&nbsp;&nbsp;CPU_SR_Restore
<LI><a href="#[73]">&gt;&gt;</a>&nbsp;&nbsp;&nbsp;CPU_SW_Exception
<LI><a href="#[68]">&gt;&gt;</a>&nbsp;&nbsp;&nbsp;CPU_IntDisMeasStart
<LI><a href="#[66]">&gt;&gt;</a>&nbsp;&nbsp;&nbsp;CPU_IntDisMeasStop
</UL>

<P><STRONG><a name="[8f]"></a>Mem_SegGetSizeRem</STRONG> (Thumb, 226 bytes, Stack size 48 bytes, lib_mem.o(.text), UNUSED)
<BR><BR>[Calls]<UL><LI><a href="#[6a]">&gt;&gt;</a>&nbsp;&nbsp;&nbsp;CPU_SR_Save
<LI><a href="#[6c]">&gt;&gt;</a>&nbsp;&nbsp;&nbsp;CPU_SR_Restore
<LI><a href="#[73]">&gt;&gt;</a>&nbsp;&nbsp;&nbsp;CPU_SW_Exception
<LI><a href="#[68]">&gt;&gt;</a>&nbsp;&nbsp;&nbsp;CPU_IntDisMeasStart
<LI><a href="#[66]">&gt;&gt;</a>&nbsp;&nbsp;&nbsp;CPU_IntDisMeasStop
</UL>
<BR>[Called By]<UL><LI><a href="#[90]">&gt;&gt;</a>&nbsp;&nbsp;&nbsp;Mem_HeapGetSizeRem
</UL>

<P><STRONG><a name="[90]"></a>Mem_HeapGetSizeRem</STRONG> (Thumb, 22 bytes, Stack size 16 bytes, lib_mem.o(.text), UNUSED)
<BR><BR>[Calls]<UL><LI><a href="#[8f]">&gt;&gt;</a>&nbsp;&nbsp;&nbsp;Mem_SegGetSizeRem
</UL>

<P><STRONG><a name="[91]"></a>Mem_PoolClr</STRONG> (Thumb, 78 bytes, Stack size 16 bytes, lib_mem.o(.text), UNUSED)
<BR><BR>[Calls]<UL><LI><a href="#[73]">&gt;&gt;</a>&nbsp;&nbsp;&nbsp;CPU_SW_Exception
</UL>
<BR>[Called By]<UL><LI><a href="#[92]">&gt;&gt;</a>&nbsp;&nbsp;&nbsp;Mem_PoolCreate
</UL>

<P><STRONG><a name="[92]"></a>Mem_PoolCreate</STRONG> (Thumb, 1132 bytes, Stack size 120 bytes, lib_mem.o(.text), UNUSED)
<BR><BR>[Calls]<UL><LI><a href="#[91]">&gt;&gt;</a>&nbsp;&nbsp;&nbsp;Mem_PoolClr
<LI><a href="#[8d]">&gt;&gt;</a>&nbsp;&nbsp;&nbsp;Mem_SegCalcTotSize
<LI><a href="#[8e]">&gt;&gt;</a>&nbsp;&nbsp;&nbsp;Mem_SegAlloc
<LI><a href="#[6a]">&gt;&gt;</a>&nbsp;&nbsp;&nbsp;CPU_SR_Save
<LI><a href="#[6c]">&gt;&gt;</a>&nbsp;&nbsp;&nbsp;CPU_SR_Restore
<LI><a href="#[73]">&gt;&gt;</a>&nbsp;&nbsp;&nbsp;CPU_SW_Exception
<LI><a href="#[68]">&gt;&gt;</a>&nbsp;&nbsp;&nbsp;CPU_IntDisMeasStart
<LI><a href="#[66]">&gt;&gt;</a>&nbsp;&nbsp;&nbsp;CPU_IntDisMeasStop
</UL>

<P><STRONG><a name="[93]"></a>Mem_PoolBlkGetNbrAvail</STRONG> (Thumb, 140 bytes, Stack size 24 bytes, lib_mem.o(.text), UNUSED)
<BR><BR>[Calls]<UL><LI><a href="#[6a]">&gt;&gt;</a>&nbsp;&nbsp;&nbsp;CPU_SR_Save
<LI><a href="#[6c]">&gt;&gt;</a>&nbsp;&nbsp;&nbsp;CPU_SR_Restore
<LI><a href="#[73]">&gt;&gt;</a>&nbsp;&nbsp;&nbsp;CPU_SW_Exception
<LI><a href="#[68]">&gt;&gt;</a>&nbsp;&nbsp;&nbsp;CPU_IntDisMeasStart
<LI><a href="#[66]">&gt;&gt;</a>&nbsp;&nbsp;&nbsp;CPU_IntDisMeasStop
</UL>

<P><STRONG><a name="[94]"></a>Mem_PoolBlkGet</STRONG> (Thumb, 248 bytes, Stack size 24 bytes, lib_mem.o(.text), UNUSED)
<BR><BR>[Calls]<UL><LI><a href="#[6a]">&gt;&gt;</a>&nbsp;&nbsp;&nbsp;CPU_SR_Save
<LI><a href="#[6c]">&gt;&gt;</a>&nbsp;&nbsp;&nbsp;CPU_SR_Restore
<LI><a href="#[73]">&gt;&gt;</a>&nbsp;&nbsp;&nbsp;CPU_SW_Exception
<LI><a href="#[68]">&gt;&gt;</a>&nbsp;&nbsp;&nbsp;CPU_IntDisMeasStart
<LI><a href="#[66]">&gt;&gt;</a>&nbsp;&nbsp;&nbsp;CPU_IntDisMeasStop
</UL>

<P><STRONG><a name="[95]"></a>Mem_PoolBlkGetUsedAtIx</STRONG> (Thumb, 236 bytes, Stack size 32 bytes, lib_mem.o(.text), UNUSED)
<BR><BR>[Calls]<UL><LI><a href="#[6a]">&gt;&gt;</a>&nbsp;&nbsp;&nbsp;CPU_SR_Save
<LI><a href="#[6c]">&gt;&gt;</a>&nbsp;&nbsp;&nbsp;CPU_SR_Restore
<LI><a href="#[73]">&gt;&gt;</a>&nbsp;&nbsp;&nbsp;CPU_SW_Exception
<LI><a href="#[68]">&gt;&gt;</a>&nbsp;&nbsp;&nbsp;CPU_IntDisMeasStart
<LI><a href="#[66]">&gt;&gt;</a>&nbsp;&nbsp;&nbsp;CPU_IntDisMeasStop
</UL>

<P><STRONG><a name="[96]"></a>Mem_PoolBlkFree</STRONG> (Thumb, 366 bytes, Stack size 32 bytes, lib_mem.o(.text), UNUSED)
<BR><BR>[Calls]<UL><LI><a href="#[97]">&gt;&gt;</a>&nbsp;&nbsp;&nbsp;Mem_PoolBlkIsValidAddr
<LI><a href="#[6a]">&gt;&gt;</a>&nbsp;&nbsp;&nbsp;CPU_SR_Save
<LI><a href="#[6c]">&gt;&gt;</a>&nbsp;&nbsp;&nbsp;CPU_SR_Restore
<LI><a href="#[73]">&gt;&gt;</a>&nbsp;&nbsp;&nbsp;CPU_SW_Exception
<LI><a href="#[68]">&gt;&gt;</a>&nbsp;&nbsp;&nbsp;CPU_IntDisMeasStart
<LI><a href="#[66]">&gt;&gt;</a>&nbsp;&nbsp;&nbsp;CPU_IntDisMeasStop
</UL>

<P><STRONG><a name="[98]"></a>Mem_PoolBlkIxGet</STRONG> (Thumb, 342 bytes, Stack size 40 bytes, lib_mem.o(.text), UNUSED)
<BR><BR>[Calls]<UL><LI><a href="#[97]">&gt;&gt;</a>&nbsp;&nbsp;&nbsp;Mem_PoolBlkIsValidAddr
<LI><a href="#[6a]">&gt;&gt;</a>&nbsp;&nbsp;&nbsp;CPU_SR_Save
<LI><a href="#[6c]">&gt;&gt;</a>&nbsp;&nbsp;&nbsp;CPU_SR_Restore
<LI><a href="#[73]">&gt;&gt;</a>&nbsp;&nbsp;&nbsp;CPU_SW_Exception
<LI><a href="#[68]">&gt;&gt;</a>&nbsp;&nbsp;&nbsp;CPU_IntDisMeasStart
<LI><a href="#[66]">&gt;&gt;</a>&nbsp;&nbsp;&nbsp;CPU_IntDisMeasStop
</UL>

<P><STRONG><a name="[76]"></a>Str_Len_N</STRONG> (Thumb, 28 bytes, Stack size 8 bytes, lib_str.o(.text), UNUSED)
<BR><BR>[Called By]<UL><LI><a href="#[a8]">&gt;&gt;</a>&nbsp;&nbsp;&nbsp;Str_Str_N
<LI><a href="#[a4]">&gt;&gt;</a>&nbsp;&nbsp;&nbsp;Str_Char_Last_N
<LI><a href="#[99]">&gt;&gt;</a>&nbsp;&nbsp;&nbsp;Str_Len
<LI><a href="#[75]">&gt;&gt;</a>&nbsp;&nbsp;&nbsp;CPU_NameSet
</UL>

<P><STRONG><a name="[99]"></a>Str_Len</STRONG> (Thumb, 20 bytes, Stack size 12 bytes, lib_str.o(.text), UNUSED)
<BR><BR>[Calls]<UL><LI><a href="#[76]">&gt;&gt;</a>&nbsp;&nbsp;&nbsp;Str_Len_N
</UL>

<P><STRONG><a name="[74]"></a>Str_Copy_N</STRONG> (Thumb, 70 bytes, Stack size 16 bytes, lib_str.o(.text), UNUSED)
<BR><BR>[Called By]<UL><LI><a href="#[9a]">&gt;&gt;</a>&nbsp;&nbsp;&nbsp;Str_Copy
<LI><a href="#[75]">&gt;&gt;</a>&nbsp;&nbsp;&nbsp;CPU_NameSet
<LI><a href="#[72]">&gt;&gt;</a>&nbsp;&nbsp;&nbsp;CPU_NameGet
</UL>

<P><STRONG><a name="[9a]"></a>Str_Copy</STRONG> (Thumb, 24 bytes, Stack size 16 bytes, lib_str.o(.text), UNUSED)
<BR><BR>[Calls]<UL><LI><a href="#[74]">&gt;&gt;</a>&nbsp;&nbsp;&nbsp;Str_Copy_N
</UL>

<P><STRONG><a name="[9c]"></a>Str_Cat_N</STRONG> (Thumb, 90 bytes, Stack size 16 bytes, lib_str.o(.text), UNUSED)
<BR><BR>[Called By]<UL><LI><a href="#[9b]">&gt;&gt;</a>&nbsp;&nbsp;&nbsp;Str_Cat
</UL>

<P><STRONG><a name="[9b]"></a>Str_Cat</STRONG> (Thumb, 24 bytes, Stack size 16 bytes, lib_str.o(.text), UNUSED)
<BR><BR>[Calls]<UL><LI><a href="#[9c]">&gt;&gt;</a>&nbsp;&nbsp;&nbsp;Str_Cat_N
</UL>

<P><STRONG><a name="[9e]"></a>Str_Cmp_N</STRONG> (Thumb, 156 bytes, Stack size 28 bytes, lib_str.o(.text), UNUSED)
<BR><BR>[Called By]<UL><LI><a href="#[a8]">&gt;&gt;</a>&nbsp;&nbsp;&nbsp;Str_Str_N
<LI><a href="#[9d]">&gt;&gt;</a>&nbsp;&nbsp;&nbsp;Str_Cmp
</UL>

<P><STRONG><a name="[9d]"></a>Str_Cmp</STRONG> (Thumb, 24 bytes, Stack size 16 bytes, lib_str.o(.text), UNUSED)
<BR><BR>[Calls]<UL><LI><a href="#[9e]">&gt;&gt;</a>&nbsp;&nbsp;&nbsp;Str_Cmp_N
</UL>

<P><STRONG><a name="[9f]"></a>Str_CmpIgnoreCase_N</STRONG> (Thumb, 264 bytes, Stack size 56 bytes, lib_str.o(.text), UNUSED)
<BR><BR>[Calls]<UL><LI><a href="#[a0]">&gt;&gt;</a>&nbsp;&nbsp;&nbsp;ASCII_ToLower
</UL>
<BR>[Called By]<UL><LI><a href="#[a1]">&gt;&gt;</a>&nbsp;&nbsp;&nbsp;Str_CmpIgnoreCase
</UL>

<P><STRONG><a name="[a1]"></a>Str_CmpIgnoreCase</STRONG> (Thumb, 24 bytes, Stack size 16 bytes, lib_str.o(.text), UNUSED)
<BR><BR>[Calls]<UL><LI><a href="#[9f]">&gt;&gt;</a>&nbsp;&nbsp;&nbsp;Str_CmpIgnoreCase_N
</UL>

<P><STRONG><a name="[a3]"></a>Str_Char_N</STRONG> (Thumb, 74 bytes, Stack size 12 bytes, lib_str.o(.text), UNUSED)
<BR><BR>[Called By]<UL><LI><a href="#[a2]">&gt;&gt;</a>&nbsp;&nbsp;&nbsp;Str_Char
</UL>

<P><STRONG><a name="[a2]"></a>Str_Char</STRONG> (Thumb, 24 bytes, Stack size 16 bytes, lib_str.o(.text), UNUSED)
<BR><BR>[Calls]<UL><LI><a href="#[a3]">&gt;&gt;</a>&nbsp;&nbsp;&nbsp;Str_Char_N
</UL>

<P><STRONG><a name="[a4]"></a>Str_Char_Last_N</STRONG> (Thumb, 76 bytes, Stack size 28 bytes, lib_str.o(.text), UNUSED)
<BR><BR>[Calls]<UL><LI><a href="#[76]">&gt;&gt;</a>&nbsp;&nbsp;&nbsp;Str_Len_N
</UL>
<BR>[Called By]<UL><LI><a href="#[a5]">&gt;&gt;</a>&nbsp;&nbsp;&nbsp;Str_Char_Last
</UL>

<P><STRONG><a name="[a5]"></a>Str_Char_Last</STRONG> (Thumb, 24 bytes, Stack size 16 bytes, lib_str.o(.text), UNUSED)
<BR><BR>[Calls]<UL><LI><a href="#[a4]">&gt;&gt;</a>&nbsp;&nbsp;&nbsp;Str_Char_Last_N
</UL>

<P><STRONG><a name="[a7]"></a>Str_Char_Replace_N</STRONG> (Thumb, 52 bytes, Stack size 16 bytes, lib_str.o(.text), UNUSED)
<BR><BR>[Called By]<UL><LI><a href="#[a6]">&gt;&gt;</a>&nbsp;&nbsp;&nbsp;Str_Char_Replace
</UL>

<P><STRONG><a name="[a6]"></a>Str_Char_Replace</STRONG> (Thumb, 28 bytes, Stack size 20 bytes, lib_str.o(.text), UNUSED)
<BR><BR>[Calls]<UL><LI><a href="#[a7]">&gt;&gt;</a>&nbsp;&nbsp;&nbsp;Str_Char_Replace_N
</UL>

<P><STRONG><a name="[a8]"></a>Str_Str_N</STRONG> (Thumb, 182 bytes, Stack size 52 bytes, lib_str.o(.text), UNUSED)
<BR><BR>[Calls]<UL><LI><a href="#[9e]">&gt;&gt;</a>&nbsp;&nbsp;&nbsp;Str_Cmp_N
<LI><a href="#[76]">&gt;&gt;</a>&nbsp;&nbsp;&nbsp;Str_Len_N
</UL>
<BR>[Called By]<UL><LI><a href="#[a9]">&gt;&gt;</a>&nbsp;&nbsp;&nbsp;Str_Str
</UL>

<P><STRONG><a name="[a9]"></a>Str_Str</STRONG> (Thumb, 24 bytes, Stack size 16 bytes, lib_str.o(.text), UNUSED)
<BR><BR>[Calls]<UL><LI><a href="#[a8]">&gt;&gt;</a>&nbsp;&nbsp;&nbsp;Str_Str_N
</UL>

<P><STRONG><a name="[ac]"></a>Str_FmtNbr_Int32U</STRONG> (Thumb, 46 bytes, Stack size 56 bytes, lib_str.o(.text), UNUSED)
<BR><BR>[Calls]<UL><LI><a href="#[aa]">&gt;&gt;</a>&nbsp;&nbsp;&nbsp;Str_FmtNbr_Int32
</UL>

<P><STRONG><a name="[ad]"></a>Str_FmtNbr_Int32S</STRONG> (Thumb, 62 bytes, Stack size 72 bytes, lib_str.o(.text), UNUSED)
<BR><BR>[Calls]<UL><LI><a href="#[aa]">&gt;&gt;</a>&nbsp;&nbsp;&nbsp;Str_FmtNbr_Int32
</UL>

<P><STRONG><a name="[b4]"></a>Str_ParseNbr_Int32U</STRONG> (Thumb, 30 bytes, Stack size 24 bytes, lib_str.o(.text), UNUSED)
<BR><BR>[Calls]<UL><LI><a href="#[ae]">&gt;&gt;</a>&nbsp;&nbsp;&nbsp;Str_ParseNbr_Int32
</UL>

<P><STRONG><a name="[b5]"></a>Str_ParseNbr_Int32S</STRONG> (Thumb, 74 bytes, Stack size 32 bytes, lib_str.o(.text), UNUSED)
<BR><BR>[Calls]<UL><LI><a href="#[ae]">&gt;&gt;</a>&nbsp;&nbsp;&nbsp;Str_ParseNbr_Int32
</UL>

<P><STRONG><a name="[8b]"></a>Mem_Copy</STRONG> (Thumb, 0 bytes, Stack size unknown bytes, lib_mem_a.o(.text), UNUSED)
<BR><BR>[Called By]<UL><LI><a href="#[8a]">&gt;&gt;</a>&nbsp;&nbsp;&nbsp;Mem_Move
</UL>

<P><STRONG><a name="[bb]"></a>OSIdleTaskHook</STRONG> (Thumb, 16 bytes, Stack size 8 bytes, os_cpu_c.o(.text))
<BR><BR>[Stack]<UL><LI>Max Depth = 8<LI>Call Chain = OSIdleTaskHook
</UL>
<BR>[Called By]<UL><LI><a href="#[ba]">&gt;&gt;</a>&nbsp;&nbsp;&nbsp;OS_IdleTask
</UL>

[...]

<P><STRONG><a name="[194]"></a>GPIO_ReadOutputDataBit</STRONG> (Thumb, 18 bytes, Stack size 0 bytes, stm32f4xx_gpio.o(.text), UNUSED)

<P><STRONG><a name="[195]"></a>GPIO_ReadOutputData</STRONG> (Thumb, 8 bytes, Stack size 0 bytes, stm32f4xx_gpio.o(.text), UNUSED)

<P><STRONG><a name="[16b]"></a>GPIO_SetBits</STRONG> (Thumb, 4 bytes, Stack size 0 bytes, stm32f4xx_gpio.o(.text))
<BR><BR>[Called By]<UL><LI><a href="#[16a]">&gt;&gt;</a>&nbsp;&nbsp;&nbsp;Led_On
</UL>

<P><STRONG><a name="[16d]"></a>GPIO_ResetBits</STRONG> (Thumb, 4 bytes, Stack size 0 bytes, stm32f4xx_gpio.o(.text))
<BR><BR>[Called By]<UL><LI><a href="#[16c]">&gt;&gt;</a>&nbsp;&nbsp;&nbsp;Led_Off
</UL>

<P><STRONG><a name="[196]"></a>GPIO_WriteBit</STRONG> (Thumb, 10 bytes, Stack size 0 bytes, stm32f4xx_gpio.o(.text), UNUSED)

<P><STRONG><a name="[197]"></a>GPIO_Write</STRONG> (Thumb, 4 bytes, Stack size 0 bytes, stm32f4xx_gpio.o(.text), UNUSED)

<P><STRONG><a name="[198]"></a>GPIO_ToggleBits</STRONG> (Thumb, 8 bytes, Stack size 0 bytes, stm32f4xx_gpio.o(.text), UNUSED)

<P><STRONG><a name="[199]"></a>GPIO_PinAFConfig</STRONG> (Thumb, 70 bytes, Stack size 20 bytes, stm32f4xx_gpio.o(.text), UNUSED)

<P><STRONG><a name="[19a]"></a>RCC_DeInit</STRONG> (Thumb, 82 bytes, Stack size 0 bytes, stm32f4xx_rcc.o(.text), UNUSED)

<P><STRONG><a name="[19b]"></a>RCC_HSEConfig</STRONG> (Thumb, 14 bytes, Stack size 0 bytes, stm32f4xx_rcc.o(.text), UNUSED)

<P><STRONG><a name="[173]"></a>RCC_GetFlagStatus</STRONG> (Thumb, 60 bytes, Stack size 8 bytes, stm32f4xx_rcc.o(.text), UNUSED)
<BR><BR>[Called By]<UL><LI><a href="#[172]">&gt;&gt;</a>&nbsp;&nbsp;&nbsp;RCC_WaitForHSEStartUp
</UL>

<P><STRONG><a name="[172]"></a>RCC_WaitForHSEStartUp</STRONG> (Thumb, 56 bytes, Stack size 16 bytes, stm32f4xx_rcc.o(.text), UNUSED)
<BR><BR>[Calls]<UL><LI><a href="#[173]">&gt;&gt;</a>&nbsp;&nbsp;&nbsp;RCC_GetFlagStatus
</UL>

<P><STRONG><a name="[19c]"></a>RCC_AdjustHSICalibrationValue</STRONG> (Thumb, 20 bytes, Stack size 0 bytes, stm32f4xx_rcc.o(.text), UNUSED)

<P><STRONG><a name="[19d]"></a>RCC_HSICmd</STRONG> (Thumb, 6 bytes, Stack size 0 bytes, stm32f4xx_rcc.o(.text), UNUSED)

<P><STRONG><a name="[19e]"></a>RCC_LSEConfig</STRONG> (Thumb, 46 bytes, Stack size 0 bytes, stm32f4xx_rcc.o(.text), UNUSED)

<P><STRONG><a name="[19f]"></a>RCC_LSICmd</STRONG> (Thumb, 6 bytes, Stack size 0 bytes, stm32f4xx_rcc.o(.text), UNUSED)

<P><STRONG><a name="[1a0]"></a>RCC_PLLConfig</STRONG> (Thumb, 32 bytes, Stack size 16 bytes, stm32f4xx_rcc.o(.text), UNUSED)

<P><STRONG><a name="[1a1]"></a>RCC_PLLCmd</STRONG> (Thumb, 6 bytes, Stack size 0 bytes, stm32f4xx_rcc.o(.text), UNUSED)

<P><STRONG><a name="[1a2]"></a>RCC_PLLI2SConfig</STRONG> (Thumb, 14 bytes, Stack size 0 bytes, stm32f4xx_rcc.o(.text), UNUSED)

<P><STRONG><a name="[1a3]"></a>RCC_PLLI2SCmd</STRONG> (Thumb, 6 bytes, Stack size 0 bytes, stm32f4xx_rcc.o(.text), UNUSED)

<P><STRONG><a name="[1a4]"></a>RCC_PLLSAIConfig</STRONG> (Thumb, 20 bytes, Stack size 8 bytes, stm32f4xx_rcc.o(.text), UNUSED)

<P><STRONG><a name="[1a5]"></a>RCC_PLLSAICmd</STRONG> (Thumb, 6 bytes, Stack size 0 bytes, stm32f4xx_rcc.o(.text), UNUSED)

<P><STRONG><a name="[1a6]"></a>RCC_ClockSecuritySystemCmd</STRONG> (Thumb, 6 bytes, Stack size 0 bytes, stm32f4xx_rcc.o(.text), UNUSED)

<P><STRONG><a name="[1a7]"></a>RCC_MCO1Config</STRONG> (Thumb, 28 bytes, Stack size 0 bytes, stm32f4xx_rcc.o(.text), UNUSED)

<P><STRONG><a name="[1a8]"></a>RCC_MCO2Config</STRONG> (Thumb, 28 bytes, Stack size 0 bytes, stm32f4xx_rcc.o(.text), UNUSED)

<P><STRONG><a name="[1a9]"></a>RCC_SYSCLKConfig</STRONG> (Thumb, 20 bytes, Stack size 0 bytes, stm32f4xx_rcc.o(.text), UNUSED)

<P><STRONG><a name="[1aa]"></a>RCC_GetSYSCLKSource</STRONG> (Thumb, 12 bytes, Stack size 0 bytes, stm32f4xx_rcc.o(.text), UNUSED)

<P><STRONG><a name="[1ab]"></a>RCC_HCLKConfig</STRONG> (Thumb, 20 bytes, Stack size 0 bytes, stm32f4xx_rcc.o(.text), UNUSED)

<P><STRONG><a name="[1ac]"></a>RCC_PCLK1Config</STRONG> (Thumb, 20 bytes, Stack size 0 bytes, stm32f4xx_rcc.o(.text), UNUSED)

<P><STRONG><a name="[1ad]"></a>RCC_PCLK2Config</STRONG> (Thumb, 22 bytes, Stack size 0 bytes, stm32f4xx_rcc.o(.text), UNUSED)

<P><STRONG><a name="[162]"></a>RCC_GetClocksFreq</STRONG> (Thumb, 222 bytes, Stack size 20 bytes, stm32f4xx_rcc.o(.text))
<BR><BR>[Stack]<UL><LI>Max Depth = 20<LI>Call Chain = RCC_GetClocksFreq
</UL>
<BR>[Called By]<UL><LI><a href="#[161]">&gt;&gt;</a>&nbsp;&nbsp;&nbsp;BSP_CPU_ClkFreq
</UL>

<P><STRONG><a name="[1ae]"></a>RCC_RTCCLKConfig</STRONG> (Thumb, 54 bytes, Stack size 0 bytes, stm32f4xx_rcc.o(.text), UNUSED)

<P><STRONG><a name="[1af]"></a>RCC_RTCCLKCmd</STRONG> (Thumb, 8 bytes, Stack size 0 bytes, stm32f4xx_rcc.o(.text), UNUSED)

<P><STRONG><a name="[1b0]"></a>RCC_BackupResetCmd</STRONG> (Thumb, 8 bytes, Stack size 0 bytes, stm32f4xx_rcc.o(.text), UNUSED)

<P><STRONG><a name="[1b1]"></a>RCC_I2SCLKConfig</STRONG> (Thumb, 6 bytes, Stack size 0 bytes, stm32f4xx_rcc.o(.text), UNUSED)

<P><STRONG><a name="[1b2]"></a>RCC_SAIPLLI2SClkDivConfig</STRONG> (Thumb, 26 bytes, Stack size 0 bytes, stm32f4xx_rcc.o(.text), UNUSED)

<P><STRONG><a name="[1b3]"></a>RCC_SAIPLLSAIClkDivConfig</STRONG> (Thumb, 28 bytes, Stack size 0 bytes, stm32f4xx_rcc.o(.text), UNUSED)

<P><STRONG><a name="[1b4]"></a>RCC_SAIBlockACLKConfig</STRONG> (Thumb, 20 bytes, Stack size 0 bytes, stm32f4xx_rcc.o(.text), UNUSED)

<P><STRONG><a name="[1b5]"></a>RCC_SAIBlockBCLKConfig</STRONG> (Thumb, 20 bytes, Stack size 0 bytes, stm32f4xx_rcc.o(.text), UNUSED)

<P><STRONG><a name="[1b6]"></a>RCC_LTDCCLKDivConfig</STRONG> (Thumb, 20 bytes, Stack size 0 bytes, stm32f4xx_rcc.o(.text), UNUSED)

<P><STRONG><a name="[1b7]"></a>RCC_TIMCLKPresConfig</STRONG> (Thumb, 6 bytes, Stack size 0 bytes, stm32f4xx_rcc.o(.text), UNUSED)

<P><STRONG><a name="[168]"></a>RCC_AHB1PeriphClockCmd</STRONG> (Thumb, 34 bytes, Stack size 0 bytes, stm32f4xx_rcc.o(.text))
<BR><BR>[Called By]<UL><LI><a href="#[167]">&gt;&gt;</a>&nbsp;&nbsp;&nbsp;Bsp_Led_Gpio_Init
</UL>

<P><STRONG><a name="[1b8]"></a>RCC_AHB2PeriphClockCmd</STRONG> (Thumb, 78 bytes, Stack size 0 bytes, stm32f4xx_rcc.o(.text), UNUSED)

<P><STRONG><a name="[1b9]"></a>RCC_AHB3PeriphClockCmd</STRONG> (Thumb, 34 bytes, Stack size 0 bytes, stm32f4xx_rcc.o(.text), UNUSED)

<P><STRONG><a name="[1ba]"></a>RCC_APB1PeriphClockCmd</STRONG> (Thumb, 34 bytes, Stack size 0 bytes, stm32f4xx_rcc.o(.text), UNUSED)

<P><STRONG><a name="[1bb]"></a>RCC_APB2PeriphClockCmd</STRONG> (Thumb, 34 bytes, Stack size 0 bytes, stm32f4xx_rcc.o(.text), UNUSED)

<P><STRONG><a name="[171]"></a>RCC_AHB1PeriphResetCmd</STRONG> (Thumb, 34 bytes, Stack size 0 bytes, stm32f4xx_rcc.o(.text), UNUSED)
<BR><BR>[Called By]<UL><LI><a href="#[170]">&gt;&gt;</a>&nbsp;&nbsp;&nbsp;GPIO_DeInit
</UL>

<P><STRONG><a name="[1bc]"></a>RCC_AHB2PeriphResetCmd</STRONG> (Thumb, 34 bytes, Stack size 0 bytes, stm32f4xx_rcc.o(.text), UNUSED)

<P><STRONG><a name="[1bd]"></a>RCC_AHB3PeriphResetCmd</STRONG> (Thumb, 34 bytes, Stack size 0 bytes, stm32f4xx_rcc.o(.text), UNUSED)

<P><STRONG><a name="[1be]"></a>RCC_APB1PeriphResetCmd</STRONG> (Thumb, 34 bytes, Stack size 0 bytes, stm32f4xx_rcc.o(.text), UNUSED)

<P><STRONG><a name="[1bf]"></a>RCC_APB2PeriphResetCmd</STRONG> (Thumb, 34 bytes, Stack size 0 bytes, stm32f4xx_rcc.o(.text), UNUSED)

<P><STRONG><a name="[1c0]"></a>RCC_AHB1PeriphClockLPModeCmd</STRONG> (Thumb, 34 bytes, Stack size 0 bytes, stm32f4xx_rcc.o(.text), UNUSED)

<P><STRONG><a name="[1c1]"></a>RCC_AHB2PeriphClockLPModeCmd</STRONG> (Thumb, 34 bytes, Stack size 0 bytes, stm32f4xx_rcc.o(.text), UNUSED)

<P><STRONG><a name="[1c2]"></a>RCC_AHB3PeriphClockLPModeCmd</STRONG> (Thumb, 34 bytes, Stack size 0 bytes, stm32f4xx_rcc.o(.text), UNUSED)

<P><STRONG><a name="[1c3]"></a>RCC_APB1PeriphClockLPModeCmd</STRONG> (Thumb, 34 bytes, Stack size 0 bytes, stm32f4xx_rcc.o(.text), UNUSED)

<P><STRONG><a name="[1c4]"></a>RCC_APB2PeriphClockLPModeCmd</STRONG> (Thumb, 34 bytes, Stack size 0 bytes, stm32f4xx_rcc.o(.text), UNUSED)

<P><STRONG><a name="[1c5]"></a>RCC_LSEModeConfig</STRONG> (Thumb, 40 bytes, Stack size 0 bytes, stm32f4xx_rcc.o(.text), UNUSED)

<P><STRONG><a name="[1c6]"></a>RCC_ITConfig</STRONG> (Thumb, 34 bytes, Stack size 0 bytes, stm32f4xx_rcc.o(.text), UNUSED)

<P><STRONG><a name="[1c7]"></a>RCC_ClearFlag</STRONG> (Thumb, 18 bytes, Stack size 0 bytes, stm32f4xx_rcc.o(.text), UNUSED)

<P><STRONG><a name="[1c8]"></a>RCC_GetITStatus</STRONG> (Thumb, 22 bytes, Stack size 0 bytes, stm32f4xx_rcc.o(.text), UNUSED)

<P><STRONG><a name="[1c9]"></a>RCC_ClearITPendingBit</STRONG> (Thumb, 8 bytes, Stack size 0 bytes, stm32f4xx_rcc.o(.text), UNUSED)

<P><STRONG><a name="[64]"></a>__scatterload</STRONG> (Thumb, 28 bytes, Stack size 0 bytes, init.o(.text))
<BR><BR>[Calls]<UL><LI><a href="#[174]">&gt;&gt;</a>&nbsp;&nbsp;&nbsp;__main_after_scatterload
</UL>
<BR>[Called By]<UL><LI><a href="#[63]">&gt;&gt;</a>&nbsp;&nbsp;&nbsp;_main_scatterload
</UL>

<P><STRONG><a name="[1ca]"></a>__scatterload_rt2</STRONG> (Thumb, 0 bytes, Stack size 0 bytes, init.o(.text), UNUSED)

<P><STRONG><a name="[1cb]"></a>__decompress</STRONG> (Thumb, 0 bytes, Stack size unknown bytes, __dczerorl.o(.text), UNUSED)

<P><STRONG><a name="[1cc]"></a>__decompress0</STRONG> (Thumb, 58 bytes, Stack size unknown bytes, __dczerorl.o(.text), UNUSED)

<P><STRONG><a name="[b6]"></a>OS_CPU_FP_Reg_Push</STRONG> (Thumb, 0 bytes, Stack size unknown bytes, os_cpu_a.o(CODE))
<BR><BR>[Called By]<UL><LI><a href="#[62]">&gt;&gt;</a>&nbsp;&nbsp;&nbsp;OSTaskSwHook
</UL>

<P><STRONG><a name="[b7]"></a>OS_CPU_FP_Reg_Pop</STRONG> (Thumb, 0 bytes, Stack size unknown bytes, os_cpu_a.o(CODE))
<BR><BR>[Called By]<UL><LI><a href="#[62]">&gt;&gt;</a>&nbsp;&nbsp;&nbsp;OSTaskSwHook
</UL>

<P><STRONG><a name="[db]"></a>OSStartHighRdy</STRONG> (Thumb, 0 bytes, Stack size unknown bytes, os_cpu_a.o(CODE))
<BR><BR>[Called By]<UL><LI><a href="#[da]">&gt;&gt;</a>&nbsp;&nbsp;&nbsp;OSStart
</UL>

<P><STRONG><a name="[d2]"></a>OSCtxSw</STRONG> (Thumb, 0 bytes, Stack size unknown bytes, os_cpu_a.o(CODE))
<BR><BR>[Called By]<UL><LI><a href="#[f3]">&gt;&gt;</a>&nbsp;&nbsp;&nbsp;OS_Sched0
<LI><a href="#[d1]">&gt;&gt;</a>&nbsp;&nbsp;&nbsp;OSSched
</UL>

<P><STRONG><a name="[d0]"></a>OSIntCtxSw</STRONG> (Thumb, 0 bytes, Stack size unknown bytes, os_cpu_a.o(CODE))
<BR><BR>[Called By]<UL><LI><a href="#[b9]">&gt;&gt;</a>&nbsp;&nbsp;&nbsp;OSIntExit
</UL>

<P><STRONG><a name="[8]"></a>OS_CPU_PendSVHandler</STRONG> (Thumb, 0 bytes, Stack size unknown bytes, os_cpu_a.o(CODE))
<BR>[Address Reference Count : 1]<UL><LI> startup_stm32f40_41xxx.o(RESET)
</UL>
<P><STRONG><a name="[1cd]"></a>__scatterload_copy</STRONG> (Thumb, 14 bytes, Stack size unknown bytes, handlers.o(i.__scatterload_copy), UNUSED)

<P><STRONG><a name="[1ce]"></a>__scatterload_null</STRONG> (Thumb, 2 bytes, Stack size unknown bytes, handlers.o(i.__scatterload_null), UNUSED)

<P><STRONG><a name="[1cf]"></a>__scatterload_zeroinit</STRONG> (Thumb, 14 bytes, Stack size unknown bytes, handlers.o(i.__scatterload_zeroinit), UNUSED)
<P>
<H3>
Local Symbols
</H3>
<P><STRONG><a name="[65]"></a>SetSysClock</STRONG> (Thumb, 220 bytes, Stack size 12 bytes, system_stm32f4xx.o(.text))
<BR><BR>[Stack]<UL><LI>Max Depth = 12<LI>Call Chain = SetSysClock
</UL>
<BR>[Called By]<UL><LI><a href="#[5d]">&gt;&gt;</a>&nbsp;&nbsp;&nbsp;SystemInit
</UL>

<P><STRONG><a name="[6d]"></a>CPU_NameInit</STRONG> (Thumb, 8 bytes, Stack size 8 bytes, cpu_core.o(.text), UNUSED)
<BR><BR>[Calls]<UL><LI><a href="#[69]">&gt;&gt;</a>&nbsp;&nbsp;&nbsp;CPU_NameClr
</UL>
<BR>[Called By]<UL><LI><a href="#[71]">&gt;&gt;</a>&nbsp;&nbsp;&nbsp;CPU_Init
</UL>

<P><STRONG><a name="[6e]"></a>CPU_IntDisMeasInit</STRONG> (Thumb, 104 bytes, Stack size 16 bytes, cpu_core.o(.text), UNUSED)
<BR><BR>[Calls]<UL><LI><a href="#[6a]">&gt;&gt;</a>&nbsp;&nbsp;&nbsp;CPU_SR_Save
<LI><a href="#[6c]">&gt;&gt;</a>&nbsp;&nbsp;&nbsp;CPU_SR_Restore
<LI><a href="#[68]">&gt;&gt;</a>&nbsp;&nbsp;&nbsp;CPU_IntDisMeasStart
<LI><a href="#[66]">&gt;&gt;</a>&nbsp;&nbsp;&nbsp;CPU_IntDisMeasStop
</UL>
<BR>[Called By]<UL><LI><a href="#[71]">&gt;&gt;</a>&nbsp;&nbsp;&nbsp;CPU_Init
</UL>

<P><STRONG><a name="[6f]"></a>CPU_TS_Init</STRONG> (Thumb, 14 bytes, Stack size 8 bytes, cpu_core.o(.text), UNUSED)
<BR><BR>[Calls]<UL><LI><a href="#[70]">&gt;&gt;</a>&nbsp;&nbsp;&nbsp;CPU_TS_TmrInit
</UL>
<BR>[Called By]<UL><LI><a href="#[71]">&gt;&gt;</a>&nbsp;&nbsp;&nbsp;CPU_Init
</UL>

<P><STRONG><a name="[7a]"></a>CPU_IntDisMeasMaxCalc</STRONG> (Thumb, 24 bytes, Stack size 0 bytes, cpu_core.o(.text))
<BR><BR>[Called By]<UL><LI><a href="#[7c]">&gt;&gt;</a>&nbsp;&nbsp;&nbsp;CPU_IntDisMeasMaxGet
<LI><a href="#[79]">&gt;&gt;</a>&nbsp;&nbsp;&nbsp;CPU_IntDisMeasMaxCurGet
</UL>

<P><STRONG><a name="[8e]"></a>Mem_SegAlloc</STRONG> (Thumb, 80 bytes, Stack size 20 bytes, lib_mem.o(.text), UNUSED)
<BR><BR>[Called By]<UL><LI><a href="#[92]">&gt;&gt;</a>&nbsp;&nbsp;&nbsp;Mem_PoolCreate
<LI><a href="#[8c]">&gt;&gt;</a>&nbsp;&nbsp;&nbsp;Mem_HeapAlloc
</UL>

<P><STRONG><a name="[8d]"></a>Mem_SegCalcTotSize</STRONG> (Thumb, 164 bytes, Stack size 36 bytes, lib_mem.o(.text), UNUSED)
<BR><BR>[Called By]<UL><LI><a href="#[92]">&gt;&gt;</a>&nbsp;&nbsp;&nbsp;Mem_PoolCreate
<LI><a href="#[8c]">&gt;&gt;</a>&nbsp;&nbsp;&nbsp;Mem_HeapAlloc
</UL>

<P><STRONG><a name="[97]"></a>Mem_PoolBlkIsValidAddr</STRONG> (Thumb, 102 bytes, Stack size 36 bytes, lib_mem.o(.text), UNUSED)
<BR><BR>[Called By]<UL><LI><a href="#[98]">&gt;&gt;</a>&nbsp;&nbsp;&nbsp;Mem_PoolBlkIxGet
<LI><a href="#[96]">&gt;&gt;</a>&nbsp;&nbsp;&nbsp;Mem_PoolBlkFree
</UL>

<P><STRONG><a name="[aa]"></a>Str_FmtNbr_Int32</STRONG> (Thumb, 476 bytes, Stack size 104 bytes, lib_str.o(.text), UNUSED)
<BR><BR>[Calls]<UL><LI><a href="#[ab]">&gt;&gt;</a>&nbsp;&nbsp;&nbsp;ASCII_IsPrint
</UL>
<BR>[Called By]<UL><LI><a href="#[ad]">&gt;&gt;</a>&nbsp;&nbsp;&nbsp;Str_FmtNbr_Int32S
<LI><a href="#[ac]">&gt;&gt;</a>&nbsp;&nbsp;&nbsp;Str_FmtNbr_Int32U
</UL>

<P><STRONG><a name="[ae]"></a>Str_ParseNbr_Int32</STRONG> (Thumb, 446 bytes, Stack size 96 bytes, lib_str.o(.text), UNUSED)
<BR><BR>[Calls]<UL><LI><a href="#[af]">&gt;&gt;</a>&nbsp;&nbsp;&nbsp;ASCII_IsSpace
<LI><a href="#[b0]">&gt;&gt;</a>&nbsp;&nbsp;&nbsp;ASCII_IsDigHex
<LI><a href="#[b2]">&gt;&gt;</a>&nbsp;&nbsp;&nbsp;ASCII_IsDig
<LI><a href="#[b3]">&gt;&gt;</a>&nbsp;&nbsp;&nbsp;ASCII_IsLower
<LI><a href="#[b1]">&gt;&gt;</a>&nbsp;&nbsp;&nbsp;ASCII_IsAlphaNum
</UL>
<BR>[Called By]<UL><LI><a href="#[b5]">&gt;&gt;</a>&nbsp;&nbsp;&nbsp;Str_ParseNbr_Int32S
<LI><a href="#[b4]">&gt;&gt;</a>&nbsp;&nbsp;&nbsp;Str_ParseNbr_Int32U
</UL>

<P><STRONG><a name="[14c]"></a>OS_TickListUpdateTimeout</STRONG> (Thumb, 352 bytes, Stack size 32 bytes, os_tick.o(.text))
<BR><BR>[Stack]<UL><LI>Max Depth = 64 + Unknown Stack Size
<LI>Call Chain = OS_TickListUpdateTimeout &rArr; OS_PendListRemove &rArr; OS_PendListRemove1
</UL>
<BR>[Calls]<UL><LI><a href="#[f3]">&gt;&gt;</a>&nbsp;&nbsp;&nbsp;OS_Sched0
<LI><a href="#[e6]">&gt;&gt;</a>&nbsp;&nbsp;&nbsp;OS_RdyListInsert
<LI><a href="#[e4]">&gt;&gt;</a>&nbsp;&nbsp;&nbsp;OS_PendListRemove
<LI><a href="#[d5]">&gt;&gt;</a>&nbsp;&nbsp;&nbsp;OS_SchedLockTimeMeasStop
<LI><a href="#[d3]">&gt;&gt;</a>&nbsp;&nbsp;&nbsp;OS_SchedLockTimeMeasStart
<LI><a href="#[67]">&gt;&gt;</a>&nbsp;&nbsp;&nbsp;CPU_TS_TmrRd
<LI><a href="#[6a]">&gt;&gt;</a>&nbsp;&nbsp;&nbsp;CPU_SR_Save
<LI><a href="#[6c]">&gt;&gt;</a>&nbsp;&nbsp;&nbsp;CPU_SR_Restore
<LI><a href="#[68]">&gt;&gt;</a>&nbsp;&nbsp;&nbsp;CPU_IntDisMeasStart
<LI><a href="#[66]">&gt;&gt;</a>&nbsp;&nbsp;&nbsp;CPU_IntDisMeasStop
</UL>
<BR>[Called By]<UL><LI><a href="#[14e]">&gt;&gt;</a>&nbsp;&nbsp;&nbsp;OS_TickTask
</UL>

<P><STRONG><a name="[14d]"></a>OS_TickListUpdateDly</STRONG> (Thumb, 290 bytes, Stack size 32 bytes, os_tick.o(.text))
<BR><BR>[Stack]<UL><LI>Max Depth = 52 + Unknown Stack Size
<LI>Call Chain = OS_TickListUpdateDly &rArr; OS_RdyListInsert &rArr; OS_PrioInsert
</UL>
<BR>[Calls]<UL><LI><a href="#[f3]">&gt;&gt;</a>&nbsp;&nbsp;&nbsp;OS_Sched0
<LI><a href="#[e6]">&gt;&gt;</a>&nbsp;&nbsp;&nbsp;OS_RdyListInsert
<LI><a href="#[d5]">&gt;&gt;</a>&nbsp;&nbsp;&nbsp;OS_SchedLockTimeMeasStop
<LI><a href="#[d3]">&gt;&gt;</a>&nbsp;&nbsp;&nbsp;OS_SchedLockTimeMeasStart
<LI><a href="#[67]">&gt;&gt;</a>&nbsp;&nbsp;&nbsp;CPU_TS_TmrRd
<LI><a href="#[6a]">&gt;&gt;</a>&nbsp;&nbsp;&nbsp;CPU_SR_Save
<LI><a href="#[6c]">&gt;&gt;</a>&nbsp;&nbsp;&nbsp;CPU_SR_Restore
<LI><a href="#[68]">&gt;&gt;</a>&nbsp;&nbsp;&nbsp;CPU_IntDisMeasStart
<LI><a href="#[66]">&gt;&gt;</a>&nbsp;&nbsp;&nbsp;CPU_IntDisMeasStop
</UL>
<BR>[Called By]<UL><LI><a href="#[14e]">&gt;&gt;</a>&nbsp;&nbsp;&nbsp;OS_TickTask
</UL>

<P><STRONG><a name="[155]"></a>OS_TmrUnlock</STRONG> (Thumb, 14 bytes, Stack size 8 bytes, os_tmr.o(.text))
<BR><BR>[Stack]<UL><LI>Max Depth = 112 + Unknown Stack Size
<LI>Call Chain = OS_TmrUnlock &rArr; OSMutexPost &rArr; OS_Post &rArr; OS_PendListRemove &rArr; OS_PendListRemove1
</UL>
<BR>[Calls]<UL><LI><a href="#[116]">&gt;&gt;</a>&nbsp;&nbsp;&nbsp;OSMutexPost
</UL>
<BR>[Called By]<UL><LI><a href="#[160]">&gt;&gt;</a>&nbsp;&nbsp;&nbsp;OS_TmrTask
<LI><a href="#[15f]">&gt;&gt;</a>&nbsp;&nbsp;&nbsp;OSTmrStop
<LI><a href="#[15e]">&gt;&gt;</a>&nbsp;&nbsp;&nbsp;OSTmrStart
<LI><a href="#[159]">&gt;&gt;</a>&nbsp;&nbsp;&nbsp;OSTmrDel
<LI><a href="#[157]">&gt;&gt;</a>&nbsp;&nbsp;&nbsp;OSTmrCreate
</UL>

<P><STRONG><a name="[156]"></a>OS_TmrLock</STRONG> (Thumb, 20 bytes, Stack size 16 bytes, os_tmr.o(.text))
<BR><BR>[Stack]<UL><LI>Max Depth = 156 + Unknown Stack Size
<LI>Call Chain = OS_TmrLock &rArr; OSMutexPend &rArr; OS_Pend &rArr; OS_TaskBlock &rArr; OS_RdyListRemove &rArr; OS_PrioRemove
</UL>
<BR>[Calls]<UL><LI><a href="#[114]">&gt;&gt;</a>&nbsp;&nbsp;&nbsp;OSMutexPend
</UL>
<BR>[Called By]<UL><LI><a href="#[160]">&gt;&gt;</a>&nbsp;&nbsp;&nbsp;OS_TmrTask
<LI><a href="#[15f]">&gt;&gt;</a>&nbsp;&nbsp;&nbsp;OSTmrStop
<LI><a href="#[15e]">&gt;&gt;</a>&nbsp;&nbsp;&nbsp;OSTmrStart
<LI><a href="#[159]">&gt;&gt;</a>&nbsp;&nbsp;&nbsp;OSTmrDel
<LI><a href="#[157]">&gt;&gt;</a>&nbsp;&nbsp;&nbsp;OSTmrCreate
</UL>

<P><STRONG><a name="[167]"></a>Bsp_Led_Gpio_Init</STRONG> (Thumb, 48 bytes, Stack size 16 bytes, led.o(.text))
<BR><BR>[Stack]<UL><LI>Max Depth = 36<LI>Call Chain = Bsp_Led_Gpio_Init &rArr; GPIO_Init
</UL>
<BR>[Calls]<UL><LI><a href="#[168]">&gt;&gt;</a>&nbsp;&nbsp;&nbsp;RCC_AHB1PeriphClockCmd
<LI><a href="#[169]">&gt;&gt;</a>&nbsp;&nbsp;&nbsp;GPIO_Init
</UL>
<BR>[Called By]<UL><LI><a href="#[165]">&gt;&gt;</a>&nbsp;&nbsp;&nbsp;Bsp_Led_Init
</UL>

<P><STRONG><a name="[60]"></a>Test_Idle</STRONG> (Thumb, 24 bytes, Stack size 16 bytes, main.o(.text))
<BR><BR>[Stack]<UL><LI>Max Depth = 112 + Unknown Stack Size
<LI>Call Chain = Test_Idle &rArr; OSTimeDlyHMSM &rArr; OS_TickListInsertDly &rArr; OS_TickListInsert
</UL>
<BR>[Calls]<UL><LI><a href="#[150]">&gt;&gt;</a>&nbsp;&nbsp;&nbsp;OSTimeDlyHMSM
</UL>
<BR>[Address Reference Count : 1]<UL><LI> main.o(.text)
</UL>
<P><STRONG><a name="[61]"></a>Test_Task</STRONG> (Thumb, 54 bytes, Stack size 16 bytes, main.o(.text))
<BR><BR>[Stack]<UL><LI>Max Depth = 168 + Unknown Stack Size
<LI>Call Chain = Test_Task &rArr; TaskCreateAppTask &rArr; OSTaskCreate &rArr; OSSched &rArr; OS_PrioGetHighest
</UL>
<BR>[Calls]<UL><LI><a href="#[16e]">&gt;&gt;</a>&nbsp;&nbsp;&nbsp;TaskCreateAppTask
<LI><a href="#[16c]">&gt;&gt;</a>&nbsp;&nbsp;&nbsp;Led_Off
<LI><a href="#[16a]">&gt;&gt;</a>&nbsp;&nbsp;&nbsp;Led_On
<LI><a href="#[150]">&gt;&gt;</a>&nbsp;&nbsp;&nbsp;OSTimeDlyHMSM
</UL>
<BR>[Address Reference Count : 1]<UL><LI> main.o(.text)
</UL><P>
<H3>
Undefined Global Symbols
</H3><HR></body></html>
