Product: MDK-ARM Professional 5.10
Component: ARM Compiler 5.04 update 1 (build 49)
Tool: armlink [5040049]

==============================================================================

Section Cross References

    startup_stm32f40_41xxx.o(RESET) refers to startup_stm32f40_41xxx.o(STACK) for __initial_sp
    startup_stm32f40_41xxx.o(RESET) refers to startup_stm32f40_41xxx.o(.text) for Reset_Handler
    startup_stm32f40_41xxx.o(RESET) refers to stm32f4xx_it.o(.text) for NMI_Handler
    startup_stm32f40_41xxx.o(RESET) refers to os_cpu_a.o(CODE) for OS_CPU_PendSVHandler
    startup_stm32f40_41xxx.o(RESET) refers to os_cpu_c.o(.text) for OS_CPU_SysTickHandler
    startup_stm32f40_41xxx.o(.text) refers to system_stm32f4xx.o(.text) for SystemInit
    startup_stm32f40_41xxx.o(.text) refers to entry.o(.ARM.Collect$$$$00000000) for __main
    system_stm32f4xx.o(.text) refers to system_stm32f4xx.o(.data) for SystemCoreClock
    cpu_core.o(.text) refers to bsp.o(.text) for CPU_TS_TmrRd
    cpu_core.o(.text) refers to cpu_a.o(.text) for CPU_SR_Save
    cpu_core.o(.text) refers to lib_mem.o(.text) for Mem_Clr
    cpu_core.o(.text) refers to lib_str.o(.text) for Str_Copy_N
    cpu_core.o(.text) refers to cpu_core.o(.data) for CPU_IntDisNestCtr
    cpu_core.o(.text) refers to cpu_core.o(.bss) for CPU_Name
    cpu_core.o(.text) refers to cpu_core.o(.constdata) for CPU_CntLeadZerosTbl
    cpu_c.o(.text) refers to cpu_a.o(.text) for CPU_SR_Save
    cpu_c.o(.text) refers to cpu_core.o(.text) for CPU_IntDisMeasStart
    lib_math.o(.text) refers to cpu_a.o(.text) for CPU_SR_Save
    lib_math.o(.text) refers to cpu_core.o(.text) for CPU_IntDisMeasStart
    lib_math.o(.text) refers to lib_math.o(.data) for Math_RandSeedCur
    lib_mem.o(.text) refers to lib_mem_a.o(.text) for Mem_Copy
    lib_mem.o(.text) refers to cpu_core.o(.text) for CPU_SW_Exception
    lib_mem.o(.text) refers to cpu_a.o(.text) for CPU_SR_Save
    lib_mem.o(.text) refers to lib_mem.o(.bss) for Mem_PoolHeap
    lib_mem.o(.text) refers to lib_mem.o(.data) for Mem_PoolTbl
    lib_str.o(.text) refers to lib_ascii.o(.text) for ASCII_ToLower
    lib_str.o(.text) refers to lib_str.o(.constdata) for Str_MultOvfThTbl_Int32U
    os_cpu_a.o(CODE) refers (Special) to os_core.o(.text) for OSIntExit
    os_cpu_a.o(CODE) refers (Special) to os_var.o(.data) for OSRunning
    os_cpu_a.o(CODE) refers to os_cpu_c.o(.data) for OS_CPU_ExceptStkBase
    os_cpu_a.o(CODE) refers to os_cpu_c.o(.text) for OSTaskSwHook
    os_cpu_c.o(.text) refers to os_cpu_a.o(CODE) for OS_CPU_FP_Reg_Push
    os_cpu_c.o(.text) refers to bsp.o(.text) for CPU_TS_TmrRd
    os_cpu_c.o(.text) refers to cpu_core.o(.text) for CPU_IntDisMeasMaxCurReset
    os_cpu_c.o(.text) refers to cpu_a.o(.text) for CPU_SR_Save
    os_cpu_c.o(.text) refers to os_time.o(.text) for OSTimeTick
    os_cpu_c.o(.text) refers to os_core.o(.text) for OSIntExit
    os_cpu_c.o(.text) refers to os_var.o(.data) for OS_AppIdleTaskHookPtr
    os_cpu_c.o(.text) refers to os_cfg_app.o(.constdata) for OSCfg_ISRStkBasePtr
    os_cpu_c.o(.text) refers to os_cpu_c.o(.data) for OS_CPU_ExceptStkBase
    os_cpu_c.o(.text) refers to os_task.o(.text) for OS_TaskReturn
    os_cfg_app.o(.constdata) refers to os_cfg_app.o(.bss) for OSCfg_IdleTaskStk
    os_core.o(.text) refers to cpu_a.o(.text) for CPU_SR_Save
    os_core.o(.text) refers to cpu_core.o(.text) for CPU_IntDisMeasStart
    os_core.o(.text) refers to os_cpu_c.o(.text) for OSIdleTaskHook
    os_core.o(.text) refers to os_task.o(.text) for OSTaskCreate
    os_core.o(.text) refers to os_prio.o(.text) for OS_PrioInit
    os_core.o(.text) refers to os_flag.o(.text) for OS_FlagInit
    os_core.o(.text) refers to os_mem.o(.text) for OS_MemInit
    os_core.o(.text) refers to os_msg.o(.text) for OS_MsgPoolInit
    os_core.o(.text) refers to os_mutex.o(.text) for OS_MutexInit
    os_core.o(.text) refers to os_q.o(.text) for OS_QInit
    os_core.o(.text) refers to os_sem.o(.text) for OS_SemInit
    os_core.o(.text) refers to os_int.o(.text) for OS_IntQTaskInit
    os_core.o(.text) refers to os_tick.o(.text) for OS_TickTaskInit
    os_core.o(.text) refers to os_stat.o(.text) for OS_StatTaskInit
    os_core.o(.text) refers to os_tmr.o(.text) for OS_TmrInit
    os_core.o(.text) refers to os_dbg.o(.text) for OS_Dbg_Init
    os_core.o(.text) refers to os_cfg_app.o(.text) for OSCfg_Init
    os_core.o(.text) refers to os_cpu_a.o(CODE) for OSIntCtxSw
    os_core.o(.text) refers to bsp.o(.text) for CPU_TS_TmrRd
    os_core.o(.text) refers to os_var.o(.data) for OSIdleTaskCtr
    os_core.o(.text) refers to os_cfg_app.o(.constdata) for OSCfg_IdleTaskStkSize
    os_core.o(.text) refers to os_var.o(.bss) for OSIdleTaskTCB
    os_dbg.o(.text) refers to os_dbg.o(.constdata) for OSDbg_DbgEn
    os_flag.o(.text) refers to cpu_a.o(.text) for CPU_SR_Save
    os_flag.o(.text) refers to cpu_core.o(.text) for CPU_IntDisMeasStart
[...]
    Removing lib_math.o(.data), (4 bytes).
    Removing os_pend_multi.o(.text), (832 bytes).
    Removing bsp.o(.rev16_text), (4 bytes).
    Removing bsp.o(.revsh_text), (4 bytes).
    Removing led.o(.rev16_text), (4 bytes).
    Removing led.o(.revsh_text), (4 bytes).
    Removing stm32f4xx_it.o(.rev16_text), (4 bytes).
    Removing stm32f4xx_it.o(.revsh_text), (4 bytes).
    Removing main.o(.rev16_text), (4 bytes).
    Removing main.o(.revsh_text), (4 bytes).
    Removing misc.o(.rev16_text), (4 bytes).
    Removing misc.o(.revsh_text), (4 bytes).
    Removing misc.o(.text), (224 bytes).
    Removing stm32f4xx_flash.o(.rev16_text), (4 bytes).
    Removing stm32f4xx_flash.o(.revsh_text), (4 bytes).
    Removing stm32f4xx_flash.o(.text), (1684 bytes).
    Removing stm32f4xx_fsmc.o(.rev16_text), (4 bytes).
    Removing stm32f4xx_fsmc.o(.revsh_text), (4 bytes).
    Removing stm32f4xx_fsmc.o(.text), (1480 bytes).
    Removing stm32f4xx_fsmc.o(.constdata), (28 bytes).
    Removing stm32f4xx_gpio.o(.rev16_text), (4 bytes).
    Removing stm32f4xx_gpio.o(.revsh_text), (4 bytes).
    Removing stm32f4xx_rcc.o(.rev16_text), (4 bytes).
    Removing stm32f4xx_rcc.o(.revsh_text), (4 bytes).

29 unused section(s) (total 7092 bytes) removed from the image.

==============================================================================

Image Symbol Table

    Local Symbols

    Symbol Name                              Value     Ov Type        Size  Object(Section)

    ../clib/../cmprslib/zerorunl.c           0x00000000   Number         0  __dczerorl.o ABSOLUTE
    ../clib/microlib/init/entry.s            0x00000000   Number         0  entry2.o ABSOLUTE
    ../clib/microlib/init/entry.s            0x00000000   Number         0  entry.o ABSOLUTE
    ../clib/microlib/init/entry.s            0x00000000   Number         0  entry11b.o ABSOLUTE
    ../clib/microlib/init/entry.s            0x00000000   Number         0  entry11a.o ABSOLUTE
    ../clib/microlib/init/entry.s            0x00000000   Number         0  entry10b.o ABSOLUTE
    ../clib/microlib/init/entry.s            0x00000000   Number         0  entry10a.o ABSOLUTE
    ../clib/microlib/init/entry.s            0x00000000   Number         0  entry9b.o ABSOLUTE
    ../clib/microlib/init/entry.s            0x00000000   Number         0  entry9a.o ABSOLUTE
    ../clib/microlib/init/entry.s            0x00000000   Number         0  entry8b.o ABSOLUTE
    ../clib/microlib/init/entry.s            0x00000000   Number         0  entry7b.o ABSOLUTE
    ../clib/microlib/init/entry.s            0x00000000   Number         0  entry8a.o ABSOLUTE
    ../clib/microlib/init/entry.s            0x00000000   Number         0  entry7a.o ABSOLUTE
    ../clib/microlib/init/entry.s            0x00000000   Number         0  entry5.o ABSOLUTE
    ..\BSP\bsp.c                             0x00000000   Number         0  bsp.o ABSOLUTE
    ..\BSP\led.c                             0x00000000   Number         0  led.o ABSOLUTE
    ..\BSP\stm32f4xx_it.c                    0x00000000   Number         0  stm32f4xx_it.o ABSOLUTE
    ..\Main\main.c                           0x00000000   Number         0  main.o ABSOLUTE
    ..\STM32_StdPeriph_Library\CMSIS\DeviceSupport\ST\STM32F4xx\startup\arm\startup_stm32f40_41xxx.s 0x00000000   Number         0  startup_stm32f40_41xxx.o ABSOLUTE
    ..\STM32_StdPeriph_Library\CMSIS\DeviceSupport\ST\STM32F4xx\system_stm32f4xx.c 0x00000000   Number         0  system_stm32f4xx.o ABSOLUTE
    ..\STM32_StdPeriph_Library\STM32F4xx_StdPeriph_Driver\src\misc.c 0x00000000   Number         0  misc.o ABSOLUTE
    ..\STM32_StdPeriph_Library\STM32F4xx_StdPeriph_Driver\src\stm32f4xx_flash.c 0x00000000   Number         0  stm32f4xx_flash.o ABSOLUTE
    ..\STM32_StdPeriph_Library\STM32F4xx_StdPeriph_Driver\src\stm32f4xx_fsmc.c 0x00000000   Number         0  stm32f4xx_fsmc.o ABSOLUTE
    ..\STM32_StdPeriph_Library\STM32F4xx_StdPeriph_Driver\src\stm32f4xx_gpio.c 0x00000000   Number         0  stm32f4xx_gpio.o ABSOLUTE
    ..\STM32_StdPeriph_Library\STM32F4xx_StdPeriph_Driver\src\stm32f4xx_rcc.c 0x00000000   Number         0  stm32f4xx_rcc.o ABSOLUTE
    ..\UCOSIII\uC-CPU\ARM-Cortex-M4\RealView\cpu_a.asm 0x00000000   Number         0  cpu_a.o ABSOLUTE
    ..\UCOSIII\uC-CPU\ARM-Cortex-M4\RealView\cpu_c.c 0x00000000   Number         0  cpu_c.o ABSOLUTE
    ..\UCOSIII\uC-CPU\cpu_core.c             0x00000000   Number         0  cpu_core.o ABSOLUTE
    ..\UCOSIII\uC-LIB\Ports\ARM-Cortex-M4\RealView\lib_mem_a.asm 0x00000000   Number         0  lib_mem_a.o ABSOLUTE
    ..\UCOSIII\uC-LIB\lib_ascii.c            0x00000000   Number         0  lib_ascii.o ABSOLUTE
    ..\UCOSIII\uC-LIB\lib_math.c             0x00000000   Number         0  lib_math.o ABSOLUTE
    ..\UCOSIII\uC-LIB\lib_mem.c              0x00000000   Number         0  lib_mem.o ABSOLUTE
    ..\UCOSIII\uC-LIB\lib_str.c              0x00000000   Number         0  lib_str.o ABSOLUTE
    ..\UCOSIII\uCOS-III\Ports\ARM-Cortex-M4\Generic\RealView\os_cpu_a.asm 0x00000000   Number         0  os_cpu_a.o ABSOLUTE
    ..\UCOSIII\uCOS-III\Ports\ARM-Cortex-M4\Generic\RealView\os_cpu_c.c 0x00000000   Number         0  os_cpu_c.o ABSOLUTE
    ..\UCOSIII\uCOS-III\Source\os_cfg_app.c  0x00000000   Number         0  os_cfg_app.o ABSOLUTE
    ..\UCOSIII\uCOS-III\Source\os_core.c     0x00000000   Number         0  os_core.o ABSOLUTE
    ..\UCOSIII\uCOS-III\Source\os_dbg.c      0x00000000   Number         0  os_dbg.o ABSOLUTE
    ..\UCOSIII\uCOS-III\Source\os_flag.c     0x00000000   Number         0  os_flag.o ABSOLUTE
    ..\UCOSIII\uCOS-III\Source\os_int.c      0x00000000   Number         0  os_int.o ABSOLUTE
    ..\UCOSIII\uCOS-III\Source\os_mem.c      0x00000000   Number         0  os_mem.o ABSOLUTE
    ..\UCOSIII\uCOS-III\Source\os_msg.c      0x00000000   Number         0  os_msg.o ABSOLUTE
    ..\UCOSIII\uCOS-III\Source\os_mutex.c    0x00000000   Number         0  os_mutex.o ABSOLUTE
    ..\UCOSIII\uCOS-III\Source\os_pend_multi.c 0x00000000   Number         0  os_pend_multi.o ABSOLUTE
    ..\UCOSIII\uCOS-III\Source\os_prio.c     0x00000000   Number         0  os_prio.o ABSOLUTE
    ..\UCOSIII\uCOS-III\Source\os_q.c        0x00000000   Number         0  os_q.o ABSOLUTE
    ..\UCOSIII\uCOS-III\Source\os_sem.c      0x00000000   Number         0  os_sem.o ABSOLUTE
    ..\UCOSIII\uCOS-III\Source\os_stat.c     0x00000000   Number         0  os_stat.o ABSOLUTE
    ..\UCOSIII\uCOS-III\Source\os_task.c     0x00000000   Number         0  os_task.o ABSOLUTE
    ..\UCOSIII\uCOS-III\Source\os_tick.c     0x00000000   Number         0  os_tick.o ABSOLUTE
    ..\UCOSIII\uCOS-III\Source\os_time.c     0x00000000   Number         0  os_time.o ABSOLUTE
    ..\UCOSIII\uCOS-III\Source\os_tmr.c      0x00000000   Number         0  os_tmr.o ABSOLUTE
    ..\UCOSIII\uCOS-III\Source\os_var.c      0x00000000   Number         0  os_var.o ABSOLUTE
    ..\\BSP\\bsp.c                           0x00000000   Number         0  bsp.o ABSOLUTE
    ..\\BSP\\led.c                           0x00000000   Number         0  led.o ABSOLUTE
    ..\\BSP\\stm32f4xx_it.c                  0x00000000   Number         0  stm32f4xx_it.o ABSOLUTE
    ..\\Main\\main.c                         0x00000000   Number         0  main.o ABSOLUTE
    ..\\STM32_StdPeriph_Library\\CMSIS\\DeviceSupport\\ST\\STM32F4xx\\system_stm32f4xx.c 0x00000000   Number         0  system_stm32f4xx.o ABSOLUTE
    ..\\STM32_StdPeriph_Library\\STM32F4xx_StdPeriph_Driver\\src\\misc.c 0x00000000   Number         0  misc.o ABSOLUTE
    ..\\STM32_StdPeriph_Library\\STM32F4xx_StdPeriph_Driver\\src\\stm32f4xx_flash.c 0x00000000   Number         0  stm32f4xx_flash.o ABSOLUTE
    ..\\STM32_StdPeriph_Library\\STM32F4xx_StdPeriph_Driver\\src\\stm32f4xx_fsmc.c 0x00000000   Number         0  stm32f4xx_fsmc.o ABSOLUTE
    ..\\STM32_StdPeriph_Library\\STM32F4xx_StdPeriph_Driver\\src\\stm32f4xx_gpio.c 0x00000000   Number         0  stm32f4xx_gpio.o ABSOLUTE
    ..\\STM32_StdPeriph_Library\\STM32F4xx_StdPeriph_Driver\\src\\stm32f4xx_rcc.c 0x00000000   Number         0  stm32f4xx_rcc.o ABSOLUTE
    dc.s                                     0x00000000   Number         0  dc.o ABSOLUTE
    handlers.s                               0x00000000   Number         0  handlers.o ABSOLUTE
    init.s                                   0x00000000   Number         0  init.o ABSOLUTE
    RESET                                    0x08000000   Section      392  startup_stm32f40_41xxx.o(RESET)
    .ARM.Collect$$$$00000000                 0x08000188   Section        0  entry.o(.ARM.Collect$$$$00000000)
    .ARM.Collect$$$$00000001                 0x08000188   Section        4  entry2.o(.ARM.Collect$$$$00000001)
    .ARM.Collect$$$$00000004                 0x0800018c   Section        4  entry5.o(.ARM.Collect$$$$00000004)
    .ARM.Collect$$$$00000008                 0x08000190   Section        0  entry7b.o(.ARM.Collect$$$$00000008)
    .ARM.Collect$$$$0000000A                 0x08000190   Section        0  entry8b.o(.ARM.Collect$$$$0000000A)
    .ARM.Collect$$$$0000000B                 0x08000190   Section        8  entry9a.o(.ARM.Collect$$$$0000000B)
    .ARM.Collect$$$$0000000D                 0x08000198   Section        0  entry10a.o(.ARM.Collect$$$$0000000D)
    .ARM.Collect$$$$0000000F                 0x08000198   Section        0  entry11a.o(.ARM.Collect$$$$0000000F)
    .ARM.Collect$$$$00002712                 0x08000198   Section        4  entry2.o(.ARM.Collect$$$$00002712)
    __lit__00000000                          0x08000198   Data           4  entry2.o(.ARM.Collect$$$$00002712)
    .text                                    0x0800019c   Section       36  startup_stm32f40_41xxx.o(.text)
    $v0                                      0x0800019c   Number         0  startup_stm32f40_41xxx.o(.text)
    .text                                    0x080001c0   Section        0  system_stm32f4xx.o(.text)
    SetSysClock                              0x080001c1   Thumb Code   220  system_stm32f4xx.o(.text)
    .text                                    0x080003d0   Section        0  cpu_core.o(.text)
    CPU_NameInit                             0x08000467   Thumb Code     8  cpu_core.o(.text)
    CPU_IntDisMeasInit                       0x0800046f   Thumb Code   104  cpu_core.o(.text)
    CPU_TS_Init                              0x080004d7   Thumb Code    14  cpu_core.o(.text)
    CPU_IntDisMeasMaxCalc                    0x080005e1   Thumb Code    24  cpu_core.o(.text)
    .text                                    0x08000810   Section       52  cpu_a.o(.text)
    $v0                                      0x08000810   Number         0  cpu_a.o(.text)
    .text                                    0x08000844   Section        0  lib_ascii.o(.text)
    .text                                    0x08000a9c   Section        0  lib_mem.o(.text)
    Mem_SegAlloc                             0x08000cd3   Thumb Code    80  lib_mem.o(.text)
    Mem_SegCalcTotSize                       0x08000d23   Thumb Code   164  lib_mem.o(.text)
    Mem_PoolBlkIsValidAddr                   0x080016fb   Thumb Code   102  lib_mem.o(.text)
    .text                                    0x08001a28   Section        0  lib_str.o(.text)
    Str_FmtNbr_Int32                         0x08001ee1   Thumb Code   476  lib_str.o(.text)
    Str_ParseNbr_Int32                       0x08002129   Thumb Code   446  lib_str.o(.text)
    .text                                    0x08002354   Section      544  lib_mem_a.o(.text)
    $v0                                      0x08002354   Number         0  lib_mem_a.o(.text)
    .text                                    0x08002574   Section        0  os_cpu_c.o(.text)
    .text                                    0x08002a28   Section        0  os_cfg_app.o(.text)
    .text                                    0x08002a2c   Section        0  os_core.o(.text)
    .text                                    0x08003870   Section        0  os_dbg.o(.text)
    .text                                    0x08003a1c   Section        0  os_flag.o(.text)
    .text                                    0x08004a28   Section        0  os_int.o(.text)
    .text                                    0x08004e84   Section        0  os_mem.o(.text)
    .text                                    0x080050fc   Section        0  os_msg.o(.text)
    .text                                    0x08005324   Section        0  os_mutex.o(.text)
    .text                                    0x08005f64   Section        0  os_q.o(.text)
    .text                                    0x08006964   Section        0  os_sem.o(.text)
    .text                                    0x08007298   Section        0  os_stat.o(.text)
    .text                                    0x08007970   Section        0  os_task.o(.text)
    .text                                    0x080098ec   Section        0  os_tick.o(.text)
    OS_TickListUpdateTimeout                 0x080098ed   Thumb Code   352  os_tick.o(.text)
    OS_TickListUpdateDly                     0x08009a4d   Thumb Code   290  os_tick.o(.text)
    .text                                    0x08009ed4   Section        0  os_time.o(.text)
    .text                                    0x0800a50c   Section        0  os_tmr.o(.text)
    OS_TmrUnlock                             0x0800a50d   Thumb Code    14  os_tmr.o(.text)
    OS_TmrLock                               0x0800a53d   Thumb Code    20  os_tmr.o(.text)
    .text                                    0x0800abf4   Section        0  os_prio.o(.text)
    .text                                    0x0800ac70   Section        0  bsp.o(.text)
    .text                                    0x0800ad28   Section        0  led.o(.text)
    Bsp_Led_Gpio_Init                        0x0800ad29   Thumb Code    48  led.o(.text)
    .text                                    0x0800ad7c   Section        0  stm32f4xx_it.o(.text)
    .text                                    0x0800ad94   Section        0  main.o(.text)
    Test_Idle                                0x0800ad95   Thumb Code    24  main.o(.text)
    Test_Task                                0x0800ade7   Thumb Code    54  main.o(.text)
    .text                                    0x0800ae98   Section        0  stm32f4xx_gpio.o(.text)
    .text                                    0x0800b12c   Section        0  stm32f4xx_rcc.o(.text)
    .text                                    0x0800b788   Section       36  init.o(.text)
    .text                                    0x0800b7ac   Section        0  __dczerorl.o(.text)
    CODE                                     0x0800b7e8   Section      196  os_cpu_a.o(CODE)
    $v0                                      0x0800b7e8   Number         0  os_cpu_a.o(CODE)
    i.__scatterload_copy                     0x0800b8ac   Section       14  handlers.o(i.__scatterload_copy)
    i.__scatterload_null                     0x0800b8ba   Section        2  handlers.o(i.__scatterload_null)
    i.__scatterload_zeroinit                 0x0800b8bc   Section       14  handlers.o(i.__scatterload_zeroinit)
    .constdata                               0x0800b8cc   Section      260  cpu_core.o(.constdata)
    CPU_CntLeadZerosTbl                      0x0800b8cc   Data         256  cpu_core.o(.constdata)
    .constdata                               0x0800b9d0   Section      148  lib_str.o(.constdata)
    Str_MultOvfThTbl_Int32U                  0x0800b9d0   Data         148  lib_str.o(.constdata)
    .constdata                               0x0800ba64   Section      148  os_cfg_app.o(.constdata)
    .constdata                               0x0800baf8   Section      360  os_dbg.o(.constdata)
    .data                                    0x20000000   Section       20  system_stm32f4xx.o(.data)
    .data                                    0x20000014   Section       28  cpu_core.o(.data)
    .data                                    0x20000030   Section        4  lib_mem.o(.data)
    .data                                    0x20000034   Section        4  os_cpu_c.o(.data)
    .data                                    0x20000038   Section      232  os_var.o(.data)
    .data                                    0x20000120   Section        4  os_prio.o(.data)
    .data                                    0x20000124   Section       16  stm32f4xx_rcc.o(.data)
    APBAHBPrescTable                         0x20000124   Data          16  stm32f4xx_rcc.o(.data)
    .bss                                     0x20000134   Section       16  cpu_core.o(.bss)
    .bss                                     0x20000144   Section    27720  lib_mem.o(.bss)
    .bss                                     0x20006d8c   Section     4992  os_cfg_app.o(.bss)
    .bss                                     0x2000810c   Section     1420  os_var.o(.bss)
    .bss                                     0x20008698   Section     2440  main.o(.bss)
    Test_Task_TCB                            0x20008698   Data         196  main.o(.bss)
    Test_Idle_TCB                            0x2000875c   Data         196  main.o(.bss)
    Test_Task_STK                            0x20008820   Data        1024  main.o(.bss)
    Test_Idle_STK                            0x20008c20   Data        1024  main.o(.bss)
    STACK                                    0x20009020   Section     1024  startup_stm32f40_41xxx.o(STACK)

    Global Symbols

    Symbol Name                              Value     Ov Type        Size  Object(Section)

    BuildAttributes$$THM_ISAv4$E$P$D$K$B$S$7EM$VFPi3$EXTD16$VFPS$VFMA$PE$A:L22UL41UL21$X:L11$S22US41US21$IEEE1$IW$USESV6$~STKCKD$USESV7$~SHL$OSPACE$EBA8$MICROLIB$REQ8$PRES8$EABIv2 0x00000000   Number         0  anon$$obj.o ABSOLUTE
    __ARM_use_no_argv                        0x00000000   Number         0  main.o ABSOLUTE
    __cpp_initialize__aeabi_                  - Undefined Weak Reference
    __cxa_finalize                            - Undefined Weak Reference
    _clock_init                               - Undefined Weak Reference
    _microlib_exit                            - Undefined Weak Reference
    __Vectors_Size                           0x00000188   Number         0  startup_stm32f40_41xxx.o ABSOLUTE
    __Vectors                                0x08000000   Data           4  startup_stm32f40_41xxx.o(RESET)
    __Vectors_End                            0x08000188   Data           0  startup_stm32f40_41xxx.o(RESET)
    __main                                   0x08000189   Thumb Code     0  entry.o(.ARM.Collect$$$$00000000)
    _main_stk                                0x08000189   Thumb Code     0  entry2.o(.ARM.Collect$$$$00000001)
    _main_scatterload                        0x0800018d   Thumb Code     0  entry5.o(.ARM.Collect$$$$00000004)
    __main_after_scatterload                 0x08000191   Thumb Code     0  entry5.o(.ARM.Collect$$$$00000004)
    _main_clock                              0x08000191   Thumb Code     0  entry7b.o(.ARM.Collect$$$$00000008)
    _main_cpp_init                           0x08000191   Thumb Code     0  entry8b.o(.ARM.Collect$$$$0000000A)
    _main_init                               0x08000191   Thumb Code     0  entry9a.o(.ARM.Collect$$$$0000000B)
    __rt_final_cpp                           0x08000199   Thumb Code     0  entry10a.o(.ARM.Collect$$$$0000000D)
    __rt_final_exit                          0x08000199   Thumb Code     0  entry11a.o(.ARM.Collect$$$$0000000F)
    Reset_Handler                            0x0800019d   Thumb Code     8  startup_stm32f40_41xxx.o(.text)
    ADC_IRQHandler                           0x080001b7   Thumb Code     0  startup_stm32f40_41xxx.o(.text)
    CAN1_RX0_IRQHandler                      0x080001b7   Thumb Code     0  startup_stm32f40_41xxx.o(.text)
    CAN1_RX1_IRQHandler                      0x080001b7   Thumb Code     0  startup_stm32f40_41xxx.o(.text)
    CAN1_SCE_IRQHandler                      0x080001b7   Thumb Code     0  startup_stm32f40_41xxx.o(.text)
    CAN1_TX_IRQHandler                       0x080001b7   Thumb Code     0  startup_stm32f40_41xxx.o(.text)
    CAN2_RX0_IRQHandler                      0x080001b7   Thumb Code     0  startup_stm32f40_41xxx.o(.text)
    CAN2_RX1_IRQHandler                      0x080001b7   Thumb Code     0  startup_stm32f40_41xxx.o(.text)
    CAN2_SCE_IRQHandler                      0x080001b7   Thumb Code     0  startup_stm32f40_41xxx.o(.text)
    CAN2_TX_IRQHandler                       0x080001b7   Thumb Code     0  startup_stm32f40_41xxx.o(.text)
    CRYP_IRQHandler                          0x080001b7   Thumb Code     0  startup_stm32f40_41xxx.o(.text)
    DCMI_IRQHandler                          0x080001b7   Thumb Code     0  startup_stm32f40_41xxx.o(.text)
    DMA1_Stream0_IRQHandler                  0x080001b7   Thumb Code     0  startup_stm32f40_41xxx.o(.text)
    DMA1_Stream1_IRQHandler                  0x080001b7   Thumb Code     0  startup_stm32f40_41xxx.o(.text)
    DMA1_Stream2_IRQHandler                  0x080001b7   Thumb Code     0  startup_stm32f40_41xxx.o(.text)
    DMA1_Stream3_IRQHandler                  0x080001b7   Thumb Code     0  startup_stm32f40_41xxx.o(.text)
    DMA1_Stream4_IRQHandler                  0x080001b7   Thumb Code     0  startup_stm32f40_41xxx.o(.text)
    DMA1_Stream5_IRQHandler                  0x080001b7   Thumb Code     0  startup_stm32f40_41xxx.o(.text)
    DMA1_Stream6_IRQHandler                  0x080001b7   Thumb Code     0  startup_stm32f40_41xxx.o(.text)
    DMA1_Stream7_IRQHandler                  0x080001b7   Thumb Code     0  startup_stm32f40_41xxx.o(.text)
    DMA2_Stream0_IRQHandler                  0x080001b7   Thumb Code     0  startup_stm32f40_41xxx.o(.text)
    DMA2_Stream1_IRQHandler                  0x080001b7   Thumb Code     0  startup_stm32f40_41xxx.o(.text)
    DMA2_Stream2_IRQHandler                  0x080001b7   Thumb Code     0  startup_stm32f40_41xxx.o(.text)
    DMA2_Stream3_IRQHandler                  0x080001b7   Thumb Code     0  startup_stm32f40_41xxx.o(.text)
    DMA2_Stream4_IRQHandler                  0x080001b7   Thumb Code     0  startup_stm32f40_41xxx.o(.text)
    DMA2_Stream5_IRQHandler                  0x080001b7   Thumb Code     0  startup_stm32f40_41xxx.o(.text)
    DMA2_Stream6_IRQHandler                  0x080001b7   Thumb Code     0  startup_stm32f40_41xxx.o(.text)
    DMA2_Stream7_IRQHandler                  0x080001b7   Thumb Code     0  startup_stm32f40_41xxx.o(.text)
    ETH_IRQHandler                           0x080001b7   Thumb Code     0  startup_stm32f40_41xxx.o(.text)
    ETH_WKUP_IRQHandler                      0x080001b7   Thumb Code     0  startup_stm32f40_41xxx.o(.text)
    EXTI0_IRQHandler                         0x080001b7   Thumb Code     0  startup_stm32f40_41xxx.o(.text)
    EXTI15_10_IRQHandler                     0x080001b7   Thumb Code     0  startup_stm32f40_41xxx.o(.text)
    EXTI1_IRQHandler                         0x080001b7   Thumb Code     0  startup_stm32f40_41xxx.o(.text)
    EXTI2_IRQHandler                         0x080001b7   Thumb Code     0  startup_stm32f40_41xxx.o(.text)
    EXTI3_IRQHandler                         0x080001b7   Thumb Code     0  startup_stm32f40_41xxx.o(.text)
    EXTI4_IRQHandler                         0x080001b7   Thumb Code     0  startup_stm32f40_41xxx.o(.text)
    EXTI9_5_IRQHandler                       0x080001b7   Thumb Code     0  startup_stm32f40_41xxx.o(.text)
    FLASH_IRQHandler                         0x080001b7   Thumb Code     0  startup_stm32f40_41xxx.o(.text)
    FPU_IRQHandler                           0x080001b7   Thumb Code     0  startup_stm32f40_41xxx.o(.text)
    FSMC_IRQHandler                          0x080001b7   Thumb Code     0  startup_stm32f40_41xxx.o(.text)
    HASH_RNG_IRQHandler                      0x080001b7   Thumb Code     0  startup_stm32f40_41xxx.o(.text)
    I2C1_ER_IRQHandler                       0x080001b7   Thumb Code     0  startup_stm32f40_41xxx.o(.text)
    I2C1_EV_IRQHandler                       0x080001b7   Thumb Code     0  startup_stm32f40_41xxx.o(.text)
    I2C2_ER_IRQHandler                       0x080001b7   Thumb Code     0  startup_stm32f40_41xxx.o(.text)
    I2C2_EV_IRQHandler                       0x080001b7   Thumb Code     0  startup_stm32f40_41xxx.o(.text)
    I2C3_ER_IRQHandler                       0x080001b7   Thumb Code     0  startup_stm32f40_41xxx.o(.text)
    I2C3_EV_IRQHandler                       0x080001b7   Thumb Code     0  startup_stm32f40_41xxx.o(.text)
    OTG_FS_IRQHandler                        0x080001b7   Thumb Code     0  startup_stm32f40_41xxx.o(.text)
    OTG_FS_WKUP_IRQHandler                   0x080001b7   Thumb Code     0  startup_stm32f40_41xxx.o(.text)
    OTG_HS_EP1_IN_IRQHandler                 0x080001b7   Thumb Code     0  startup_stm32f40_41xxx.o(.text)
    OTG_HS_EP1_OUT_IRQHandler                0x080001b7   Thumb Code     0  startup_stm32f40_41xxx.o(.text)
    OTG_HS_IRQHandler                        0x080001b7   Thumb Code     0  startup_stm32f40_41xxx.o(.text)
    OTG_HS_WKUP_IRQHandler                   0x080001b7   Thumb Code     0  startup_stm32f40_41xxx.o(.text)
    PVD_IRQHandler                           0x080001b7   Thumb Code     0  startup_stm32f40_41xxx.o(.text)
    RCC_IRQHandler                           0x080001b7   Thumb Code     0  startup_stm32f40_41xxx.o(.text)
    RTC_Alarm_IRQHandler                     0x080001b7   Thumb Code     0  startup_stm32f40_41xxx.o(.text)
    RTC_WKUP_IRQHandler                      0x080001b7   Thumb Code     0  startup_stm32f40_41xxx.o(.text)
    SDIO_IRQHandler                          0x080001b7   Thumb Code     0  startup_stm32f40_41xxx.o(.text)
    SPI1_IRQHandler                          0x080001b7   Thumb Code     0  startup_stm32f40_41xxx.o(.text)
    SPI2_IRQHandler                          0x080001b7   Thumb Code     0  startup_stm32f40_41xxx.o(.text)
    SPI3_IRQHandler                          0x080001b7   Thumb Code     0  startup_stm32f40_41xxx.o(.text)
    TAMP_STAMP_IRQHandler                    0x080001b7   Thumb Code     0  startup_stm32f40_41xxx.o(.text)
    TIM1_BRK_TIM9_IRQHandler                 0x080001b7   Thumb Code     0  startup_stm32f40_41xxx.o(.text)
    TIM1_CC_IRQHandler                       0x080001b7   Thumb Code     0  startup_stm32f40_41xxx.o(.text)
    TIM1_TRG_COM_TIM11_IRQHandler            0x080001b7   Thumb Code     0  startup_stm32f40_41xxx.o(.text)
    TIM1_UP_TIM10_IRQHandler                 0x080001b7   Thumb Code     0  startup_stm32f40_41xxx.o(.text)
    TIM2_IRQHandler                          0x080001b7   Thumb Code     0  startup_stm32f40_41xxx.o(.text)
    TIM3_IRQHandler                          0x080001b7   Thumb Code     0  startup_stm32f40_41xxx.o(.text)
    TIM4_IRQHandler                          0x080001b7   Thumb Code     0  startup_stm32f40_41xxx.o(.text)
    TIM5_IRQHandler                          0x080001b7   Thumb Code     0  startup_stm32f40_41xxx.o(.text)
    TIM6_DAC_IRQHandler                      0x080001b7   Thumb Code     0  startup_stm32f40_41xxx.o(.text)
    TIM7_IRQHandler                          0x080001b7   Thumb Code     0  startup_stm32f40_41xxx.o(.text)
    TIM8_BRK_TIM12_IRQHandler                0x080001b7   Thumb Code     0  startup_stm32f40_41xxx.o(.text)
    TIM8_CC_IRQHandler                       0x080001b7   Thumb Code     0  startup_stm32f40_41xxx.o(.text)
    TIM8_TRG_COM_TIM14_IRQHandler            0x080001b7   Thumb Code     0  startup_stm32f40_41xxx.o(.text)
    TIM8_UP_TIM13_IRQHandler                 0x080001b7   Thumb Code     0  startup_stm32f40_41xxx.o(.text)
    UART4_IRQHandler                         0x080001b7   Thumb Code     0  startup_stm32f40_41xxx.o(.text)
    UART5_IRQHandler                         0x080001b7   Thumb Code     0  startup_stm32f40_41xxx.o(.text)
    USART1_IRQHandler                        0x080001b7   Thumb Code     0  startup_stm32f40_41xxx.o(.text)
    USART2_IRQHandler                        0x080001b7   Thumb Code     0  startup_stm32f40_41xxx.o(.text)
    USART3_IRQHandler                        0x080001b7   Thumb Code     0  startup_stm32f40_41xxx.o(.text)
    USART6_IRQHandler                        0x080001b7   Thumb Code     0  startup_stm32f40_41xxx.o(.text)
    WWDG_IRQHandler                          0x080001b7   Thumb Code     0  startup_stm32f40_41xxx.o(.text)
    SystemInit                               0x0800029d   Thumb Code    88  system_stm32f4xx.o(.text)
    SystemCoreClockUpdate                    0x080002f5   Thumb Code   174  system_stm32f4xx.o(.text)
    CPU_IntDisMeasStop                       0x080003d1   Thumb Code    62  cpu_core.o(.text)
    CPU_IntDisMeasStart                      0x0800040f   Thumb Code    38  cpu_core.o(.text)
    CPU_NameClr                              0x08000435   Thumb Code    50  cpu_core.o(.text)
    CPU_Init                                 0x080004e5   Thumb Code    16  cpu_core.o(.text)
    CPU_SW_Exception                         0x080004f5   Thumb Code     4  cpu_core.o(.text)
    CPU_NameGet                              0x080004f9   Thumb Code    78  cpu_core.o(.text)
    CPU_NameSet                              0x08000547   Thumb Code   104  cpu_core.o(.text)
    CPU_TS_Get32                             0x080005af   Thumb Code    12  cpu_core.o(.text)
    CPU_TS_Update                            0x080005bb   Thumb Code     2  cpu_core.o(.text)
    CPU_TS_TmrFreqGet                        0x080005bd   Thumb Code    30  cpu_core.o(.text)
    CPU_TS_TmrFreqSet                        0x080005db   Thumb Code     6  cpu_core.o(.text)
    CPU_IntDisMeasMaxCurGet                  0x080005f9   Thumb Code    40  cpu_core.o(.text)
    CPU_IntDisMeasMaxCurReset                0x08000621   Thumb Code    40  cpu_core.o(.text)
    CPU_IntDisMeasMaxGet                     0x08000649   Thumb Code    40  cpu_core.o(.text)
    CPU_CntLeadZeros08                       0x08000671   Thumb Code    18  cpu_core.o(.text)
    CPU_CntLeadZeros16                       0x08000683   Thumb Code    18  cpu_core.o(.text)
    CPU_CntLeadZeros32                       0x08000695   Thumb Code    18  cpu_core.o(.text)
    CPU_CntLeadZeros64                       0x080006a7   Thumb Code   192  cpu_core.o(.text)
    CPU_CntTrailZeros08                      0x08000767   Thumb Code    22  cpu_core.o(.text)
    CPU_CntTrailZeros16                      0x0800077d   Thumb Code    22  cpu_core.o(.text)
    CPU_CntTrailZeros32                      0x08000793   Thumb Code    22  cpu_core.o(.text)
    CPU_CntTrailZeros64                      0x080007a9   Thumb Code   104  cpu_core.o(.text)
    CPU_IntDis                               0x08000811   Thumb Code     0  cpu_a.o(.text)
    CPU_IntEn                                0x08000815   Thumb Code     0  cpu_a.o(.text)
    CPU_SR_Save                              0x08000819   Thumb Code     0  cpu_a.o(.text)
    CPU_SR_Restore                           0x08000821   Thumb Code     0  cpu_a.o(.text)
    CPU_WaitForInt                           0x08000827   Thumb Code     0  cpu_a.o(.text)
    CPU_WaitForExcept                        0x0800082b   Thumb Code     0  cpu_a.o(.text)
    CPU_CntLeadZeros                         0x0800082f   Thumb Code     0  cpu_a.o(.text)
    CPU_CntTrailZeros                        0x08000835   Thumb Code     0  cpu_a.o(.text)
    CPU_RevBits                              0x0800083f   Thumb Code     0  cpu_a.o(.text)
    ASCII_IsAlpha                            0x08000845   Thumb Code    48  lib_ascii.o(.text)
    ASCII_IsAlphaNum                         0x08000875   Thumb Code    76  lib_ascii.o(.text)
    ASCII_IsLower                            0x080008c1   Thumb Code    20  lib_ascii.o(.text)
    ASCII_IsUpper                            0x080008d5   Thumb Code    20  lib_ascii.o(.text)
    ASCII_IsDig                              0x080008e9   Thumb Code    20  lib_ascii.o(.text)
    ASCII_IsDigOct                           0x080008fd   Thumb Code    20  lib_ascii.o(.text)
    ASCII_IsDigHex                           0x08000911   Thumb Code    36  lib_ascii.o(.text)
    ASCII_IsBlank                            0x08000935   Thumb Code    20  lib_ascii.o(.text)
    ASCII_IsSpace                            0x08000949   Thumb Code    36  lib_ascii.o(.text)
    ASCII_IsPrint                            0x0800096d   Thumb Code    20  lib_ascii.o(.text)
    ASCII_IsGraph                            0x08000981   Thumb Code    20  lib_ascii.o(.text)
    ASCII_IsPunct                            0x08000995   Thumb Code   134  lib_ascii.o(.text)
    ASCII_IsCtrl                             0x08000a1b   Thumb Code    26  lib_ascii.o(.text)
    ASCII_ToLower                            0x08000a35   Thumb Code    32  lib_ascii.o(.text)
    ASCII_ToUpper                            0x08000a55   Thumb Code    32  lib_ascii.o(.text)
    ASCII_Cmp                                0x08000a75   Thumb Code    38  lib_ascii.o(.text)
    Mem_Init                                 0x08000a9d   Thumb Code    54  lib_mem.o(.text)
    Mem_Set                                  0x08000ad3   Thumb Code    98  lib_mem.o(.text)
    Mem_Clr                                  0x08000b35   Thumb Code    18  lib_mem.o(.text)
    Mem_Move                                 0x08000b47   Thumb Code   204  lib_mem.o(.text)
    Mem_Cmp                                  0x08000c13   Thumb Code   192  lib_mem.o(.text)
    Mem_HeapAlloc                            0x08000dc7   Thumb Code   274  lib_mem.o(.text)
    Mem_SegGetSizeRem                        0x08000ed9   Thumb Code   226  lib_mem.o(.text)
    Mem_HeapGetSizeRem                       0x08000fbb   Thumb Code    22  lib_mem.o(.text)
    Mem_PoolClr                              0x08000fd1   Thumb Code    78  lib_mem.o(.text)
    Mem_PoolCreate                           0x0800101f   Thumb Code  1132  lib_mem.o(.text)
    Mem_PoolBlkGetNbrAvail                   0x0800148b   Thumb Code   140  lib_mem.o(.text)
    Mem_PoolBlkGet                           0x08001517   Thumb Code   248  lib_mem.o(.text)
    Mem_PoolBlkGetUsedAtIx                   0x0800160f   Thumb Code   236  lib_mem.o(.text)
    Mem_PoolBlkFree                          0x08001761   Thumb Code   366  lib_mem.o(.text)
    Mem_PoolBlkIxGet                         0x080018cf   Thumb Code   342  lib_mem.o(.text)
    Str_Len_N                                0x08001a29   Thumb Code    28  lib_str.o(.text)
    Str_Len                                  0x08001a45   Thumb Code    20  lib_str.o(.text)
    Str_Copy_N                               0x08001a59   Thumb Code    70  lib_str.o(.text)
    Str_Copy                                 0x08001a9f   Thumb Code    24  lib_str.o(.text)
    Str_Cat_N                                0x08001ab7   Thumb Code    90  lib_str.o(.text)
    Str_Cat                                  0x08001b11   Thumb Code    24  lib_str.o(.text)
    Str_Cmp_N                                0x08001b29   Thumb Code   156  lib_str.o(.text)
    Str_Cmp                                  0x08001bc5   Thumb Code    24  lib_str.o(.text)
    Str_CmpIgnoreCase_N                      0x08001bdd   Thumb Code   264  lib_str.o(.text)
    Str_CmpIgnoreCase                        0x08001ce5   Thumb Code    24  lib_str.o(.text)
    Str_Char_N                               0x08001cfd   Thumb Code    74  lib_str.o(.text)
    Str_Char                                 0x08001d47   Thumb Code    24  lib_str.o(.text)
    Str_Char_Last_N                          0x08001d5f   Thumb Code    76  lib_str.o(.text)
    Str_Char_Last                            0x08001dab   Thumb Code    24  lib_str.o(.text)
    Str_Char_Replace_N                       0x08001dc3   Thumb Code    52  lib_str.o(.text)
    Str_Char_Replace                         0x08001df7   Thumb Code    28  lib_str.o(.text)
    Str_Str_N                                0x08001e13   Thumb Code   182  lib_str.o(.text)
    Str_Str                                  0x08001ec9   Thumb Code    24  lib_str.o(.text)
    Str_FmtNbr_Int32U                        0x080020bd   Thumb Code    46  lib_str.o(.text)
    Str_FmtNbr_Int32S                        0x080020eb   Thumb Code    62  lib_str.o(.text)
    Str_ParseNbr_Int32U                      0x080022e7   Thumb Code    30  lib_str.o(.text)
    Str_ParseNbr_Int32S                      0x08002305   Thumb Code    74  lib_str.o(.text)
    Mem_Copy                                 0x08002355   Thumb Code     0  lib_mem_a.o(.text)
    OSIdleTaskHook                           0x08002575   Thumb Code    16  os_cpu_c.o(.text)
    OSInitHook                               0x08002585   Thumb Code    28  os_cpu_c.o(.text)
    OSStatTaskHook                           0x080025a1   Thumb Code    16  os_cpu_c.o(.text)
    OSTaskCreateHook                         0x080025b1   Thumb Code    20  os_cpu_c.o(.text)
    OSTaskDelHook                            0x080025c5   Thumb Code    20  os_cpu_c.o(.text)
    OSTaskReturnHook                         0x080025d9   Thumb Code    20  os_cpu_c.o(.text)
    OSTaskStkInit                            0x080025ed   Thumb Code   600  os_cpu_c.o(.text)
    OSTaskSwHook                             0x08002845   Thumb Code   194  os_cpu_c.o(.text)
    OSTimeTickHook                           0x08002907   Thumb Code    16  os_cpu_c.o(.text)
    OS_CPU_SysTickHandler                    0x08002917   Thumb Code   226  os_cpu_c.o(.text)
    OS_CPU_SysTickInit                       0x080029f9   Thumb Code    44  os_cpu_c.o(.text)
    OSCfg_Init                               0x08002a29   Thumb Code     2  os_cfg_app.o(.text)
    OS_IdleTask                              0x08002a2d   Thumb Code    66  os_core.o(.text)
    OS_IdleTaskInit                          0x08002a6f   Thumb Code    68  os_core.o(.text)
    OS_RdyListInit                           0x08002ab3   Thumb Code    32  os_core.o(.text)
    OSInit                                   0x08002ad3   Thumb Code   300  os_core.o(.text)
    OSIntEnter                               0x08002bff   Thumb Code    34  os_core.o(.text)
    OSIntExit                                0x08002c21   Thumb Code   188  os_core.o(.text)
    OSSched                                  0x08002cdd   Thumb Code   130  os_core.o(.text)
    OS_SchedLockTimeMeasStart                0x08002d5f   Thumb Code    20  os_core.o(.text)
    OSSchedLock                              0x08002d73   Thumb Code   112  os_core.o(.text)
    OS_SchedLockTimeMeasStop                 0x08002de3   Thumb Code    44  os_core.o(.text)
    OSSchedUnlock                            0x08002e0f   Thumb Code   296  os_core.o(.text)
    OSSchedRoundRobinCfg                     0x08002f37   Thumb Code    96  os_core.o(.text)
    OS_RdyListMoveHeadToTail                 0x08002f97   Thumb Code    68  os_core.o(.text)
    OSSchedRoundRobinYield                   0x08002fdb   Thumb Code   176  os_core.o(.text)
    OSStart                                  0x0800308b   Thumb Code    78  os_core.o(.text)
    OSVersion                                0x080030d9   Thumb Code    12  os_core.o(.text)
    OS_PendDbgNameAdd                        0x080030e5   Thumb Code    66  os_core.o(.text)
    OS_PendListInsertPrio                    0x08003127   Thumb Code   102  os_core.o(.text)
    OS_PendDataInit                          0x0800318d   Thumb Code    38  os_core.o(.text)
    OS_RdyListRemove                         0x080031b3   Thumb Code    86  os_core.o(.text)
    OS_TaskBlock                             0x08003209   Thumb Code    40  os_core.o(.text)
    OS_Pend                                  0x08003231   Thumb Code    98  os_core.o(.text)
    OS_PendListRemove1                       0x08003293   Thumb Code   140  os_core.o(.text)
    OS_PendListRemove                        0x0800331f   Thumb Code    48  os_core.o(.text)
    OS_PendAbort1                            0x0800334f   Thumb Code    36  os_core.o(.text)
    OS_RdyListInsertHead                     0x08003373   Thumb Code    58  os_core.o(.text)
    OS_RdyListInsertTail                     0x080033ad   Thumb Code    56  os_core.o(.text)
    OS_RdyListInsert                         0x080033e5   Thumb Code    40  os_core.o(.text)
    OS_PendAbort                             0x0800340d   Thumb Code   180  os_core.o(.text)
    OS_PendDbgNameRemove                     0x080034c1   Thumb Code    34  os_core.o(.text)
    OS_PendListChangePrio                    0x080034e3   Thumb Code    70  os_core.o(.text)
    OS_PendListInit                          0x08003529   Thumb Code    10  os_core.o(.text)
    OS_PendListInsertHead                    0x08003533   Thumb Code    32  os_core.o(.text)
    OS_PendObjDel1                           0x08003553   Thumb Code    36  os_core.o(.text)
    OS_PendObjDel                            0x08003577   Thumb Code   176  os_core.o(.text)
    OS_Post1                                 0x08003627   Thumb Code    42  os_core.o(.text)
    OS_Post                                  0x08003651   Thumb Code   214  os_core.o(.text)
    OS_Sched0                                0x08003727   Thumb Code    94  os_core.o(.text)
    OS_SchedRoundRobin                       0x08003785   Thumb Code   218  os_core.o(.text)
    OS_Dbg_Init                              0x08003871   Thumb Code   148  os_dbg.o(.text)
    OS_FlagDbgListAdd                        0x08003a1d   Thumb Code    38  os_flag.o(.text)
    OSFlagCreate                             0x08003a43   Thumb Code   210  os_flag.o(.text)
    OS_FlagClr                               0x08003b15   Thumb Code    28  os_flag.o(.text)
    OS_FlagDbgListRemove                     0x08003b31   Thumb Code    44  os_flag.o(.text)
    OSFlagDel                                0x08003b5d   Thumb Code   732  os_flag.o(.text)
    OS_FlagBlock                             0x08003e39   Thumb Code    56  os_flag.o(.text)
    OSFlagPend                               0x08003e71   Thumb Code  1670  os_flag.o(.text)
    OSFlagPendAbort                          0x080044f7   Thumb Code   334  os_flag.o(.text)
    OSFlagPendGetFlagsRdy                    0x08004645   Thumb Code    92  os_flag.o(.text)
    OS_FlagTaskRdy                           0x080046a1   Thumb Code   100  os_flag.o(.text)
    OS_FlagPost                              0x08004705   Thumb Code   614  os_flag.o(.text)
    OSFlagPost                               0x0800496b   Thumb Code   146  os_flag.o(.text)
    OS_FlagInit                              0x080049fd   Thumb Code    14  os_flag.o(.text)
    OS_IntQPost                              0x08004a29   Thumb Code   224  os_int.o(.text)
    OS_IntQRePost                            0x08004b09   Thumb Code   360  os_int.o(.text)
    OS_IntQTask                              0x08004c71   Thumb Code   180  os_int.o(.text)
    OS_IntQTaskInit                          0x08004d25   Thumb Code   208  os_int.o(.text)
    OS_MemDbgListAdd                         0x08004e85   Thumb Code    34  os_mem.o(.text)
    OSMemCreate                              0x08004ea7   Thumb Code   326  os_mem.o(.text)
    OSMemGet                                 0x08004fed   Thumb Code   112  os_mem.o(.text)
    OSMemPut                                 0x0800505d   Thumb Code   124  os_mem.o(.text)
    OS_MemInit                               0x080050d9   Thumb Code    14  os_mem.o(.text)
    OS_MsgPoolInit                           0x080050fd   Thumb Code   110  os_msg.o(.text)
    OS_MsgQFreeAll                           0x0800516b   Thumb Code    62  os_msg.o(.text)
    OS_MsgQInit                              0x080051a9   Thumb Code    14  os_msg.o(.text)
    OS_MsgQGet                               0x080051b7   Thumb Code    98  os_msg.o(.text)
    OS_MsgQPut                               0x08005219   Thumb Code   254  os_msg.o(.text)
    OS_MutexDbgListAdd                       0x08005325   Thumb Code    38  os_mutex.o(.text)
    OSMutexCreate                            0x0800534b   Thumb Code   216  os_mutex.o(.text)
    OS_MutexClr                              0x08005423   Thumb Code    38  os_mutex.o(.text)
    OS_MutexDbgListRemove                    0x08005449   Thumb Code    44  os_mutex.o(.text)
    OSMutexDel                               0x08005475   Thumb Code   960  os_mutex.o(.text)
    OSMutexPend                              0x08005835   Thumb Code   812  os_mutex.o(.text)
    OSMutexPendAbort                         0x08005b61   Thumb Code   334  os_mutex.o(.text)
    OSMutexPost                              0x08005caf   Thumb Code   646  os_mutex.o(.text)
    OS_MutexInit                             0x08005f35   Thumb Code    14  os_mutex.o(.text)
    OS_QDbgListAdd                           0x08005f65   Thumb Code    38  os_q.o(.text)
    OSQCreate                                0x08005f8b   Thumb Code   224  os_q.o(.text)
    OS_QClr                                  0x0800606b   Thumb Code    40  os_q.o(.text)
    OS_QDbgListRemove                        0x08006093   Thumb Code    44  os_q.o(.text)
    OSQDel                                   0x080060bf   Thumb Code   414  os_q.o(.text)
    OSQFlush                                 0x0800625d   Thumb Code   288  os_q.o(.text)
    OSQPend                                  0x0800637d   Thumb Code   560  os_q.o(.text)
    OSQPendAbort                             0x080065ad   Thumb Code   334  os_q.o(.text)
    OS_QPost                                 0x080066fb   Thumb Code   402  os_q.o(.text)
    OSQPost                                  0x0800688d   Thumb Code   176  os_q.o(.text)
    OS_QInit                                 0x0800693d   Thumb Code    14  os_q.o(.text)
    OS_SemDbgListAdd                         0x08006965   Thumb Code    38  os_sem.o(.text)
    OSSemCreate                              0x0800698b   Thumb Code   210  os_sem.o(.text)
    OS_SemClr                                0x08006a5d   Thumb Code    28  os_sem.o(.text)
    OS_SemDbgListRemove                      0x08006a79   Thumb Code    44  os_sem.o(.text)
    OSSemDel                                 0x08006aa5   Thumb Code   414  os_sem.o(.text)
    OSSemPend                                0x08006c43   Thumb Code   562  os_sem.o(.text)
    OSSemPendAbort                           0x08006e75   Thumb Code   334  os_sem.o(.text)
    OS_SemPost                               0x08006fc3   Thumb Code   404  os_sem.o(.text)
    OSSemPost                                0x08007157   Thumb Code   162  os_sem.o(.text)
    OSSemSet                                 0x080071f9   Thumb Code   128  os_sem.o(.text)
    OS_SemInit                               0x08007279   Thumb Code    14  os_sem.o(.text)
    OSStatReset                              0x08007299   Thumb Code   316  os_stat.o(.text)
    OSStatTaskCPUUsageInit                   0x080073d5   Thumb Code   228  os_stat.o(.text)
    OS_StatTask                              0x080074b9   Thumb Code   982  os_stat.o(.text)
    OS_StatTaskInit                          0x0800788f   Thumb Code   138  os_stat.o(.text)
    OSTaskChangePrio                         0x08007971   Thumb Code   482  os_task.o(.text)
    OS_TaskDbgListAdd                        0x08007b53   Thumb Code    42  os_task.o(.text)
    OS_TaskInitTCB                           0x08007b7d   Thumb Code   184  os_task.o(.text)
    OSTaskCreate                             0x08007c35   Thumb Code   672  os_task.o(.text)
    OS_TaskDbgListRemove                     0x08007ed5   Thumb Code    64  os_task.o(.text)
    OSTaskDel                                0x08007f15   Thumb Code   490  os_task.o(.text)
    OSTaskQFlush                             0x080080ff   Thumb Code   302  os_task.o(.text)
    OSTaskQPend                              0x0800822d   Thumb Code   572  os_task.o(.text)
    OSTaskQPendAbort                         0x08008469   Thumb Code   288  os_task.o(.text)
    OS_TaskQPost                             0x08008589   Thumb Code   624  os_task.o(.text)
    OSTaskQPost                              0x080087f9   Thumb Code   114  os_task.o(.text)
    OSTaskRegGet                             0x0800886b   Thumb Code    86  os_task.o(.text)
    OSTaskRegGetID                           0x080088c1   Thumb Code    96  os_task.o(.text)
    OSTaskRegSet                             0x08008921   Thumb Code    86  os_task.o(.text)
    OS_TaskResume                            0x08008977   Thumb Code   398  os_task.o(.text)
    OSTaskResume                             0x08008b05   Thumb Code   124  os_task.o(.text)
    OSTaskSemPend                            0x08008b81   Thumb Code   578  os_task.o(.text)
    OSTaskSemPendAbort                       0x08008dc3   Thumb Code   342  os_task.o(.text)
    OS_TaskSemPost                           0x08008f19   Thumb Code  1438  os_task.o(.text)
    OSTaskSemPost                            0x080094b7   Thumb Code    98  os_task.o(.text)
    OSTaskSemSet                             0x08009519   Thumb Code    88  os_task.o(.text)
    OSTaskStkChk                             0x08009571   Thumb Code   220  os_task.o(.text)
    OS_TaskSuspend                           0x0800964d   Thumb Code   414  os_task.o(.text)
    OSTaskSuspend                            0x080097eb   Thumb Code    78  os_task.o(.text)
    OSTaskTimeQuantaSet                      0x08009839   Thumb Code   104  os_task.o(.text)
    OS_TaskInit                              0x080098a1   Thumb Code    18  os_task.o(.text)
    OS_TaskReturn                            0x080098b3   Thumb Code    20  os_task.o(.text)
    OS_TickTask                              0x08009b6f   Thumb Code   244  os_tick.o(.text)
    OS_TickTaskInit                          0x08009c63   Thumb Code   214  os_tick.o(.text)
    OS_TickListInsert                        0x08009d39   Thumb Code   134  os_tick.o(.text)
    OS_TickListInsertDly                     0x08009dbf   Thumb Code   180  os_tick.o(.text)
    OS_TickListRemove                        0x08009e73   Thumb Code    88  os_tick.o(.text)
    OS_TickListResetPeak                     0x08009ecb   Thumb Code     2  os_tick.o(.text)
    OSTimeDly                                0x08009ed5   Thumb Code   312  os_time.o(.text)
    OSTimeDlyHMSM                            0x0800a00d   Thumb Code   526  os_time.o(.text)
    OSTimeDlyResume                          0x0800a21b   Thumb Code   572  os_time.o(.text)
    OSTimeGet                                0x0800a457   Thumb Code    54  os_time.o(.text)
    OSTimeSet                                0x0800a48d   Thumb Code    54  os_time.o(.text)
    OSTimeTick                               0x0800a4c3   Thumb Code    54  os_time.o(.text)
    OS_TmrDbgListAdd                         0x0800a51b   Thumb Code    34  os_tmr.o(.text)
    OSTmrCreate                              0x0800a551   Thumb Code   166  os_tmr.o(.text)
    OS_TmrClr                                0x0800a5f7   Thumb Code    34  os_tmr.o(.text)
    OS_TmrUnlink                             0x0800a619   Thumb Code    58  os_tmr.o(.text)
    OS_TmrDbgListRemove                      0x0800a653   Thumb Code    44  os_tmr.o(.text)
    OSTmrDel                                 0x0800a67f   Thumb Code   182  os_tmr.o(.text)
    OSTmrRemainGet                           0x0800a735   Thumb Code   154  os_tmr.o(.text)
    OSTmrStart                               0x0800a7cf   Thumb Code   248  os_tmr.o(.text)
    OSTmrStateGet                            0x0800a8c7   Thumb Code   140  os_tmr.o(.text)
    OSTmrStop                                0x0800a953   Thumb Code   222  os_tmr.o(.text)
    OS_TmrTask                               0x0800aa31   Thumb Code   134  os_tmr.o(.text)
    OS_TmrInit                               0x0800aab7   Thumb Code   202  os_tmr.o(.text)
    OS_TmrResetPeak                          0x0800ab81   Thumb Code     2  os_tmr.o(.text)
    OS_PrioInit                              0x0800abf5   Thumb Code    20  os_prio.o(.text)
    OS_PrioGetHighest                        0x0800ac09   Thumb Code    36  os_prio.o(.text)
    OS_PrioInsert                            0x0800ac2d   Thumb Code    32  os_prio.o(.text)
    OS_PrioRemove                            0x0800ac4d   Thumb Code    32  os_prio.o(.text)
    BSP_CPU_ClkFreq                          0x0800ac71   Thumb Code    14  bsp.o(.text)
    SysTick_init                             0x0800ac7f   Thumb Code    90  bsp.o(.text)
    Bsp_Init                                 0x0800acd9   Thumb Code    12  bsp.o(.text)
    CPU_TS_TmrInit                           0x0800ace5   Thumb Code    48  bsp.o(.text)
    CPU_TS_TmrRd                             0x0800ad15   Thumb Code     6  bsp.o(.text)
    Led_On                                   0x0800ad59   Thumb Code    12  led.o(.text)
    Led_Off                                  0x0800ad65   Thumb Code    12  led.o(.text)
    Bsp_Led_Init                             0x0800ad71   Thumb Code     8  led.o(.text)
    NMI_Handler                              0x0800ad7d   Thumb Code     2  stm32f4xx_it.o(.text)
    HardFault_Handler                        0x0800ad7f   Thumb Code     4  stm32f4xx_it.o(.text)
    MemManage_Handler                        0x0800ad83   Thumb Code     4  stm32f4xx_it.o(.text)
    BusFault_Handler                         0x0800ad87   Thumb Code     4  stm32f4xx_it.o(.text)
    UsageFault_Handler                       0x0800ad8b   Thumb Code     4  stm32f4xx_it.o(.text)
    SVC_Handler                              0x0800ad8f   Thumb Code     2  stm32f4xx_it.o(.text)
    DebugMon_Handler                         0x0800ad91   Thumb Code     2  stm32f4xx_it.o(.text)
    TaskCreateAppTask                        0x0800adad   Thumb Code    58  main.o(.text)
    TaskCreate                               0x0800ae1d   Thumb Code    58  main.o(.text)
    main                                     0x0800ae57   Thumb Code    26  main.o(.text)
    GPIO_DeInit                              0x0800ae99   Thumb Code   268  stm32f4xx_gpio.o(.text)
    GPIO_Init                                0x0800afa5   Thumb Code   144  stm32f4xx_gpio.o(.text)
    GPIO_StructInit                          0x0800b035   Thumb Code    18  stm32f4xx_gpio.o(.text)
    GPIO_PinLockConfig                       0x0800b047   Thumb Code    34  stm32f4xx_gpio.o(.text)
    GPIO_ReadInputDataBit                    0x0800b069   Thumb Code    18  stm32f4xx_gpio.o(.text)
    GPIO_ReadInputData                       0x0800b07b   Thumb Code     8  stm32f4xx_gpio.o(.text)
    GPIO_ReadOutputDataBit                   0x0800b083   Thumb Code    18  stm32f4xx_gpio.o(.text)
    GPIO_ReadOutputData                      0x0800b095   Thumb Code     8  stm32f4xx_gpio.o(.text)
    GPIO_SetBits                             0x0800b09d   Thumb Code     4  stm32f4xx_gpio.o(.text)
    GPIO_ResetBits                           0x0800b0a1   Thumb Code     4  stm32f4xx_gpio.o(.text)
    GPIO_WriteBit                            0x0800b0a5   Thumb Code    10  stm32f4xx_gpio.o(.text)
    GPIO_Write                               0x0800b0af   Thumb Code     4  stm32f4xx_gpio.o(.text)
    GPIO_ToggleBits                          0x0800b0b3   Thumb Code     8  stm32f4xx_gpio.o(.text)
    GPIO_PinAFConfig                         0x0800b0bb   Thumb Code    70  stm32f4xx_gpio.o(.text)
    RCC_DeInit                               0x0800b12d   Thumb Code    82  stm32f4xx_rcc.o(.text)
    RCC_HSEConfig                            0x0800b17f   Thumb Code    14  stm32f4xx_rcc.o(.text)
    RCC_GetFlagStatus                        0x0800b18d   Thumb Code    60  stm32f4xx_rcc.o(.text)
    RCC_WaitForHSEStartUp                    0x0800b1c9   Thumb Code    56  stm32f4xx_rcc.o(.text)
    RCC_AdjustHSICalibrationValue            0x0800b201   Thumb Code    20  stm32f4xx_rcc.o(.text)
    RCC_HSICmd                               0x0800b215   Thumb Code     6  stm32f4xx_rcc.o(.text)
    RCC_LSEConfig                            0x0800b21b   Thumb Code    46  stm32f4xx_rcc.o(.text)
    RCC_LSICmd                               0x0800b249   Thumb Code     6  stm32f4xx_rcc.o(.text)
    RCC_PLLConfig                            0x0800b24f   Thumb Code    32  stm32f4xx_rcc.o(.text)
    RCC_PLLCmd                               0x0800b26f   Thumb Code     6  stm32f4xx_rcc.o(.text)
    RCC_PLLI2SConfig                         0x0800b275   Thumb Code    14  stm32f4xx_rcc.o(.text)
    RCC_PLLI2SCmd                            0x0800b283   Thumb Code     6  stm32f4xx_rcc.o(.text)
    RCC_PLLSAIConfig                         0x0800b289   Thumb Code    20  stm32f4xx_rcc.o(.text)
    RCC_PLLSAICmd                            0x0800b29d   Thumb Code     6  stm32f4xx_rcc.o(.text)
    RCC_ClockSecuritySystemCmd               0x0800b2a3   Thumb Code     6  stm32f4xx_rcc.o(.text)
    RCC_MCO1Config                           0x0800b2a9   Thumb Code    28  stm32f4xx_rcc.o(.text)
    RCC_MCO2Config                           0x0800b2c5   Thumb Code    28  stm32f4xx_rcc.o(.text)
    RCC_SYSCLKConfig                         0x0800b2e1   Thumb Code    20  stm32f4xx_rcc.o(.text)
    RCC_GetSYSCLKSource                      0x0800b2f5   Thumb Code    12  stm32f4xx_rcc.o(.text)
    RCC_HCLKConfig                           0x0800b301   Thumb Code    20  stm32f4xx_rcc.o(.text)
    RCC_PCLK1Config                          0x0800b315   Thumb Code    20  stm32f4xx_rcc.o(.text)
    RCC_PCLK2Config                          0x0800b329   Thumb Code    22  stm32f4xx_rcc.o(.text)
    RCC_GetClocksFreq                        0x0800b33f   Thumb Code   222  stm32f4xx_rcc.o(.text)
    RCC_RTCCLKConfig                         0x0800b41d   Thumb Code    54  stm32f4xx_rcc.o(.text)
    RCC_RTCCLKCmd                            0x0800b453   Thumb Code     8  stm32f4xx_rcc.o(.text)
    RCC_BackupResetCmd                       0x0800b45b   Thumb Code     8  stm32f4xx_rcc.o(.text)
    RCC_I2SCLKConfig                         0x0800b463   Thumb Code     6  stm32f4xx_rcc.o(.text)
    RCC_SAIPLLI2SClkDivConfig                0x0800b469   Thumb Code    26  stm32f4xx_rcc.o(.text)
    RCC_SAIPLLSAIClkDivConfig                0x0800b483   Thumb Code    28  stm32f4xx_rcc.o(.text)
    RCC_SAIBlockACLKConfig                   0x0800b49f   Thumb Code    20  stm32f4xx_rcc.o(.text)
    RCC_SAIBlockBCLKConfig                   0x0800b4b3   Thumb Code    20  stm32f4xx_rcc.o(.text)
    RCC_LTDCCLKDivConfig                     0x0800b4c7   Thumb Code    20  stm32f4xx_rcc.o(.text)
    RCC_TIMCLKPresConfig                     0x0800b4db   Thumb Code     6  stm32f4xx_rcc.o(.text)
    RCC_AHB1PeriphClockCmd                   0x0800b4e1   Thumb Code    34  stm32f4xx_rcc.o(.text)
    RCC_AHB2PeriphClockCmd                   0x0800b503   Thumb Code    78  stm32f4xx_rcc.o(.text)
    RCC_AHB3PeriphClockCmd                   0x0800b551   Thumb Code    34  stm32f4xx_rcc.o(.text)
    RCC_APB1PeriphClockCmd                   0x0800b573   Thumb Code    34  stm32f4xx_rcc.o(.text)
    RCC_APB2PeriphClockCmd                   0x0800b595   Thumb Code    34  stm32f4xx_rcc.o(.text)
    RCC_AHB1PeriphResetCmd                   0x0800b5b7   Thumb Code    34  stm32f4xx_rcc.o(.text)
    RCC_AHB2PeriphResetCmd                   0x0800b5d9   Thumb Code    34  stm32f4xx_rcc.o(.text)
    RCC_AHB3PeriphResetCmd                   0x0800b5fb   Thumb Code    34  stm32f4xx_rcc.o(.text)
    RCC_APB1PeriphResetCmd                   0x0800b61d   Thumb Code    34  stm32f4xx_rcc.o(.text)
    RCC_APB2PeriphResetCmd                   0x0800b63f   Thumb Code    34  stm32f4xx_rcc.o(.text)
    RCC_AHB1PeriphClockLPModeCmd             0x0800b661   Thumb Code    34  stm32f4xx_rcc.o(.text)
    RCC_AHB2PeriphClockLPModeCmd             0x0800b683   Thumb Code    34  stm32f4xx_rcc.o(.text)
    RCC_AHB3PeriphClockLPModeCmd             0x0800b6a5   Thumb Code    34  stm32f4xx_rcc.o(.text)
    RCC_APB1PeriphClockLPModeCmd             0x0800b6c7   Thumb Code    34  stm32f4xx_rcc.o(.text)
    RCC_APB2PeriphClockLPModeCmd             0x0800b6e9   Thumb Code    34  stm32f4xx_rcc.o(.text)
    RCC_LSEModeConfig                        0x0800b70b   Thumb Code    40  stm32f4xx_rcc.o(.text)
    RCC_ITConfig                             0x0800b733   Thumb Code    34  stm32f4xx_rcc.o(.text)
    RCC_ClearFlag                            0x0800b755   Thumb Code    18  stm32f4xx_rcc.o(.text)
    RCC_GetITStatus                          0x0800b767   Thumb Code    22  stm32f4xx_rcc.o(.text)
    RCC_ClearITPendingBit                    0x0800b77d   Thumb Code     8  stm32f4xx_rcc.o(.text)
    __scatterload                            0x0800b789   Thumb Code    28  init.o(.text)
    __scatterload_rt2                        0x0800b789   Thumb Code     0  init.o(.text)
    __decompress                             0x0800b7ad   Thumb Code     0  __dczerorl.o(.text)
    __decompress0                            0x0800b7ad   Thumb Code    58  __dczerorl.o(.text)
    OS_CPU_FP_Reg_Push                       0x0800b7e9   Thumb Code     0  os_cpu_a.o(CODE)
    OS_CPU_FP_Reg_Pop                        0x0800b803   Thumb Code     0  os_cpu_a.o(CODE)
    OSStartHighRdy                           0x0800b815   Thumb Code     0  os_cpu_a.o(CODE)
    OSCtxSw                                  0x0800b837   Thumb Code     0  os_cpu_a.o(CODE)
    OSIntCtxSw                               0x0800b841   Thumb Code     0  os_cpu_a.o(CODE)
    OS_CPU_PendSVHandler                     0x0800b84b   Thumb Code     0  os_cpu_a.o(CODE)
    __scatterload_copy                       0x0800b8ad   Thumb Code    14  handlers.o(i.__scatterload_copy)
    __scatterload_null                       0x0800b8bb   Thumb Code     2  handlers.o(i.__scatterload_null)
    __scatterload_zeroinit                   0x0800b8bd   Thumb Code    14  handlers.o(i.__scatterload_zeroinit)
    CPU_EndiannessTest                       0x0800b9cc   Data           4  cpu_core.o(.constdata)
    OSCfg_IdleTaskStkBasePtr                 0x0800ba64   Data           4  os_cfg_app.o(.constdata)
    OSCfg_IdleTaskStkLimit                   0x0800ba68   Data           4  os_cfg_app.o(.constdata)
    OSCfg_IdleTaskStkSize                    0x0800ba6c   Data           4  os_cfg_app.o(.constdata)
    OSCfg_IdleTaskStkSizeRAM                 0x0800ba70   Data           4  os_cfg_app.o(.constdata)
    OSCfg_IntQBasePtr                        0x0800ba74   Data           4  os_cfg_app.o(.constdata)
    OSCfg_IntQSize                           0x0800ba78   Data           2  os_cfg_app.o(.constdata)
    OSCfg_IntQSizeRAM                        0x0800ba7c   Data           4  os_cfg_app.o(.constdata)
    OSCfg_IntQTaskStkBasePtr                 0x0800ba80   Data           4  os_cfg_app.o(.constdata)
    OSCfg_IntQTaskStkLimit                   0x0800ba84   Data           4  os_cfg_app.o(.constdata)
    OSCfg_IntQTaskStkSize                    0x0800ba88   Data           4  os_cfg_app.o(.constdata)
    OSCfg_IntQTaskStkSizeRAM                 0x0800ba8c   Data           4  os_cfg_app.o(.constdata)
    OSCfg_ISRStkBasePtr                      0x0800ba90   Data           4  os_cfg_app.o(.constdata)
    OSCfg_ISRStkSize                         0x0800ba94   Data           4  os_cfg_app.o(.constdata)
    OSCfg_ISRStkSizeRAM                      0x0800ba98   Data           4  os_cfg_app.o(.constdata)
    OSCfg_MsgPoolSize                        0x0800ba9c   Data           2  os_cfg_app.o(.constdata)
    OSCfg_MsgPoolSizeRAM                     0x0800baa0   Data           4  os_cfg_app.o(.constdata)
    OSCfg_MsgPoolBasePtr                     0x0800baa4   Data           4  os_cfg_app.o(.constdata)
    OSCfg_StatTaskPrio                       0x0800baa8   Data           1  os_cfg_app.o(.constdata)
    OSCfg_StatTaskRate_Hz                    0x0800baac   Data           4  os_cfg_app.o(.constdata)
    OSCfg_StatTaskStkBasePtr                 0x0800bab0   Data           4  os_cfg_app.o(.constdata)
    OSCfg_StatTaskStkLimit                   0x0800bab4   Data           4  os_cfg_app.o(.constdata)
    OSCfg_StatTaskStkSize                    0x0800bab8   Data           4  os_cfg_app.o(.constdata)
    OSCfg_StatTaskStkSizeRAM                 0x0800babc   Data           4  os_cfg_app.o(.constdata)
    OSCfg_StkSizeMin                         0x0800bac0   Data           4  os_cfg_app.o(.constdata)
    OSCfg_TickRate_Hz                        0x0800bac4   Data           4  os_cfg_app.o(.constdata)
    OSCfg_TickTaskPrio                       0x0800bac8   Data           1  os_cfg_app.o(.constdata)
    OSCfg_TickTaskStkBasePtr                 0x0800bacc   Data           4  os_cfg_app.o(.constdata)
    OSCfg_TickTaskStkLimit                   0x0800bad0   Data           4  os_cfg_app.o(.constdata)
    OSCfg_TickTaskStkSize                    0x0800bad4   Data           4  os_cfg_app.o(.constdata)
    OSCfg_TickTaskStkSizeRAM                 0x0800bad8   Data           4  os_cfg_app.o(.constdata)
    OSCfg_TmrTaskPrio                        0x0800badc   Data           1  os_cfg_app.o(.constdata)
    OSCfg_TmrTaskRate_Hz                     0x0800bae0   Data           4  os_cfg_app.o(.constdata)
    OSCfg_TmrTaskStkBasePtr                  0x0800bae4   Data           4  os_cfg_app.o(.constdata)
    OSCfg_TmrTaskStkLimit                    0x0800bae8   Data           4  os_cfg_app.o(.constdata)
    OSCfg_TmrTaskStkSize                     0x0800baec   Data           4  os_cfg_app.o(.constdata)
    OSCfg_TmrTaskStkSizeRAM                  0x0800baf0   Data           4  os_cfg_app.o(.constdata)
    OSCfg_DataSizeRAM                        0x0800baf4   Data           4  os_cfg_app.o(.constdata)
    OSDbg_DbgEn                              0x0800baf8   Data           1  os_dbg.o(.constdata)
    OSDbg_ArgChkEn                           0x0800baf9   Data           1  os_dbg.o(.constdata)
    OSDbg_AppHooksEn                         0x0800bafa   Data           1  os_dbg.o(.constdata)
    OSDbg_EndiannessTest                     0x0800bafc   Data           4  os_dbg.o(.constdata)
    OSDbg_CalledFromISRChkEn                 0x0800bb00   Data           1  os_dbg.o(.constdata)
    OSDbg_FlagEn                             0x0800bb01   Data           1  os_dbg.o(.constdata)
    OSDbg_FlagGrp                            0x0800bb04   Data          40  os_dbg.o(.constdata)
    OSDbg_FlagDelEn                          0x0800bb2c   Data           1  os_dbg.o(.constdata)
    OSDbg_FlagModeClrEn                      0x0800bb2d   Data           1  os_dbg.o(.constdata)
    OSDbg_FlagPendAbortEn                    0x0800bb2e   Data           1  os_dbg.o(.constdata)
    OSDbg_FlagGrpSize                        0x0800bb30   Data           2  os_dbg.o(.constdata)
    OSDbg_FlagWidth                          0x0800bb32   Data           2  os_dbg.o(.constdata)
    OSDbg_IntQ                               0x0800bb34   Data           2  os_dbg.o(.constdata)
    OSDbg_ISRPostDeferredEn                  0x0800bb36   Data           1  os_dbg.o(.constdata)
    OSDbg_Mem                                0x0800bb38   Data          32  os_dbg.o(.constdata)
    OSDbg_MemEn                              0x0800bb58   Data           1  os_dbg.o(.constdata)
    OSDbg_MemSize                            0x0800bb5a   Data           2  os_dbg.o(.constdata)
    OSDbg_MsgEn                              0x0800bb5c   Data           1  os_dbg.o(.constdata)
    OSDbg_MsgSize                            0x0800bb5e   Data           2  os_dbg.o(.constdata)
    OSDbg_MsgPoolSize                        0x0800bb60   Data           2  os_dbg.o(.constdata)
    OSDbg_MsgQSize                           0x0800bb62   Data           2  os_dbg.o(.constdata)
    OSDbg_Mutex                              0x0800bb64   Data          44  os_dbg.o(.constdata)
    OSDbg_MutexEn                            0x0800bb90   Data           1  os_dbg.o(.constdata)
    OSDbg_MutexDelEn                         0x0800bb91   Data           1  os_dbg.o(.constdata)
    OSDbg_MutexPendAbortEn                   0x0800bb92   Data           1  os_dbg.o(.constdata)
    OSDbg_MutexSize                          0x0800bb94   Data           2  os_dbg.o(.constdata)
    OSDbg_ObjTypeChkEn                       0x0800bb96   Data           1  os_dbg.o(.constdata)
    OSDbg_PendMultiEn                        0x0800bb97   Data           1  os_dbg.o(.constdata)
    OSDbg_PendDataSize                       0x0800bb98   Data           2  os_dbg.o(.constdata)
    OSDbg_PendListSize                       0x0800bb9a   Data           2  os_dbg.o(.constdata)
    OSDbg_PendObjSize                        0x0800bb9c   Data           2  os_dbg.o(.constdata)
    OSDbg_PrioMax                            0x0800bb9e   Data           2  os_dbg.o(.constdata)
    OSDbg_PrioTblSize                        0x0800bba0   Data           2  os_dbg.o(.constdata)
    OSDbg_PtrSize                            0x0800bba2   Data           2  os_dbg.o(.constdata)
    OSDbg_Q                                  0x0800bba4   Data          48  os_dbg.o(.constdata)
    OSDbg_QEn                                0x0800bbd4   Data           1  os_dbg.o(.constdata)
    OSDbg_QDelEn                             0x0800bbd5   Data           1  os_dbg.o(.constdata)
    OSDbg_QFlushEn                           0x0800bbd6   Data           1  os_dbg.o(.constdata)
    OSDbg_QPendAbortEn                       0x0800bbd7   Data           1  os_dbg.o(.constdata)
    OSDbg_QSize                              0x0800bbd8   Data           2  os_dbg.o(.constdata)
    OSDbg_SchedRoundRobinEn                  0x0800bbda   Data           1  os_dbg.o(.constdata)
    OSDbg_Sem                                0x0800bbdc   Data          40  os_dbg.o(.constdata)
    OSDbg_SemEn                              0x0800bc04   Data           1  os_dbg.o(.constdata)
    OSDbg_SemDelEn                           0x0800bc05   Data           1  os_dbg.o(.constdata)
    OSDbg_SemPendAbortEn                     0x0800bc06   Data           1  os_dbg.o(.constdata)
    OSDbg_SemSetEn                           0x0800bc07   Data           1  os_dbg.o(.constdata)
    OSDbg_SemSize                            0x0800bc08   Data           2  os_dbg.o(.constdata)
    OSDbg_RdyList                            0x0800bc0a   Data           2  os_dbg.o(.constdata)
    OSDbg_RdyListSize                        0x0800bc0c   Data           4  os_dbg.o(.constdata)
    OSDbg_StkWidth                           0x0800bc10   Data           1  os_dbg.o(.constdata)
    OSDbg_StatTaskEn                         0x0800bc11   Data           1  os_dbg.o(.constdata)
    OSDbg_StatTaskStkChkEn                   0x0800bc12   Data           1  os_dbg.o(.constdata)
    OSDbg_TaskChangePrioEn                   0x0800bc13   Data           1  os_dbg.o(.constdata)
    OSDbg_TaskDelEn                          0x0800bc14   Data           1  os_dbg.o(.constdata)
    OSDbg_TaskQEn                            0x0800bc15   Data           1  os_dbg.o(.constdata)
    OSDbg_TaskQPendAbortEn                   0x0800bc16   Data           1  os_dbg.o(.constdata)
    OSDbg_TaskProfileEn                      0x0800bc17   Data           1  os_dbg.o(.constdata)
    OSDbg_TaskRegTblSize                     0x0800bc18   Data           2  os_dbg.o(.constdata)
    OSDbg_TaskSemPendAbortEn                 0x0800bc1a   Data           1  os_dbg.o(.constdata)
    OSDbg_TaskSuspendEn                      0x0800bc1b   Data           1  os_dbg.o(.constdata)
    OSDbg_TCBSize                            0x0800bc1c   Data           2  os_dbg.o(.constdata)
    OSDbg_TickListSize                       0x0800bc1e   Data           2  os_dbg.o(.constdata)
    OSDbg_TimeDlyHMSMEn                      0x0800bc20   Data           1  os_dbg.o(.constdata)
    OSDbg_TimeDlyResumeEn                    0x0800bc21   Data           1  os_dbg.o(.constdata)
    OSDbg_TLS_TblSize                        0x0800bc22   Data           2  os_dbg.o(.constdata)
    OSDbg_Tmr                                0x0800bc24   Data          48  os_dbg.o(.constdata)
    OSDbg_TmrEn                              0x0800bc54   Data           1  os_dbg.o(.constdata)
    OSDbg_TmrDelEn                           0x0800bc55   Data           1  os_dbg.o(.constdata)
    OSDbg_TmrSize                            0x0800bc56   Data           2  os_dbg.o(.constdata)
    OSDbg_VersionNbr                         0x0800bc58   Data           2  os_dbg.o(.constdata)
    OSDbg_DataSize                           0x0800bc5c   Data           4  os_dbg.o(.constdata)
    Region$$Table$$Base                      0x0800bc60   Number         0  anon$$obj.o(Region$$Table)
    Region$$Table$$Limit                     0x0800bc80   Number         0  anon$$obj.o(Region$$Table)
    SystemCoreClock                          0x20000000   Data           4  system_stm32f4xx.o(.data)
    AHBPrescTable                            0x20000004   Data          16  system_stm32f4xx.o(.data)
    CPU_TS_TmrFreq_Hz                        0x20000014   Data           4  cpu_core.o(.data)
    CPU_IntDisMeasCtr                        0x20000018   Data           2  cpu_core.o(.data)
    CPU_IntDisNestCtr                        0x2000001a   Data           2  cpu_core.o(.data)
    CPU_IntDisMeasStart_cnts                 0x2000001c   Data           4  cpu_core.o(.data)
    CPU_IntDisMeasStop_cnts                  0x20000020   Data           4  cpu_core.o(.data)
    CPU_IntDisMeasOvrhd_cnts                 0x20000024   Data           4  cpu_core.o(.data)
    CPU_IntDisMeasMaxCur_cnts                0x20000028   Data           4  cpu_core.o(.data)
    CPU_IntDisMeasMax_cnts                   0x2000002c   Data           4  cpu_core.o(.data)
    Mem_PoolTbl                              0x20000030   Data           4  lib_mem.o(.data)
    OS_CPU_ExceptStkBase                     0x20000034   Data           4  os_cpu_c.o(.data)
    OS_AppTaskCreateHookPtr                  0x20000038   Data           4  os_var.o(.data)
    OS_AppTaskDelHookPtr                     0x2000003c   Data           4  os_var.o(.data)
    OS_AppTaskReturnHookPtr                  0x20000040   Data           4  os_var.o(.data)
    OS_AppIdleTaskHookPtr                    0x20000044   Data           4  os_var.o(.data)
    OS_AppStatTaskHookPtr                    0x20000048   Data           4  os_var.o(.data)
    OS_AppTaskSwHookPtr                      0x2000004c   Data           4  os_var.o(.data)
    OS_AppTimeTickHookPtr                    0x20000050   Data           4  os_var.o(.data)
    OSIdleTaskCtr                            0x20000054   Data           4  os_var.o(.data)
    OSIntNestingCtr                          0x20000058   Data           1  os_var.o(.data)
    OSIntDisTimeMax                          0x2000005c   Data           4  os_var.o(.data)
    OSRunning                                0x20000060   Data           1  os_var.o(.data)
    OSIntQInPtr                              0x20000064   Data           4  os_var.o(.data)
    OSIntQOutPtr                             0x20000068   Data           4  os_var.o(.data)
    OSIntQNbrEntries                         0x2000006c   Data           2  os_var.o(.data)
    OSIntQNbrEntriesMax                      0x2000006e   Data           2  os_var.o(.data)
    OSIntQOvfCtr                             0x20000070   Data           2  os_var.o(.data)
    OSIntQTaskTimeMax                        0x20000074   Data           4  os_var.o(.data)
    OSFlagDbgListPtr                         0x20000078   Data           4  os_var.o(.data)
    OSFlagQty                                0x2000007c   Data           2  os_var.o(.data)
    OSMemDbgListPtr                          0x20000080   Data           4  os_var.o(.data)
    OSMemQty                                 0x20000084   Data           2  os_var.o(.data)
    OSMutexDbgListPtr                        0x20000088   Data           4  os_var.o(.data)
    OSMutexQty                               0x2000008c   Data           2  os_var.o(.data)
    OSPrioCur                                0x2000008e   Data           1  os_var.o(.data)
    OSPrioHighRdy                            0x2000008f   Data           1  os_var.o(.data)
    OSPrioSaved                              0x20000090   Data           1  os_var.o(.data)
    OSQDbgListPtr                            0x20000094   Data           4  os_var.o(.data)
    OSQQty                                   0x20000098   Data           2  os_var.o(.data)
    OSSchedLockTimeBegin                     0x2000009c   Data           4  os_var.o(.data)
    OSSchedLockTimeMax                       0x200000a0   Data           4  os_var.o(.data)
    OSSchedLockTimeMaxCur                    0x200000a4   Data           4  os_var.o(.data)
    OSSchedLockNestingCtr                    0x200000a8   Data           1  os_var.o(.data)
    OSSchedRoundRobinDfltTimeQuanta          0x200000ac   Data           4  os_var.o(.data)
    OSSchedRoundRobinEn                      0x200000b0   Data           1  os_var.o(.data)
    OSSemDbgListPtr                          0x200000b4   Data           4  os_var.o(.data)
    OSSemQty                                 0x200000b8   Data           2  os_var.o(.data)
    OSStatResetFlag                          0x200000ba   Data           1  os_var.o(.data)
    OSStatTaskCPUUsage                       0x200000bc   Data           2  os_var.o(.data)
    OSStatTaskCPUUsageMax                    0x200000be   Data           2  os_var.o(.data)
    OSStatTaskCtr                            0x200000c0   Data           4  os_var.o(.data)
    OSStatTaskCtrMax                         0x200000c4   Data           4  os_var.o(.data)
    OSStatTaskCtrRun                         0x200000c8   Data           4  os_var.o(.data)
    OSStatTaskRdy                            0x200000cc   Data           1  os_var.o(.data)
    OSStatTaskTimeMax                        0x200000d0   Data           4  os_var.o(.data)
    OSTaskCtxSwCtr                           0x200000d4   Data           4  os_var.o(.data)
    OSTaskDbgListPtr                         0x200000d8   Data           4  os_var.o(.data)
    OSTaskQty                                0x200000dc   Data           2  os_var.o(.data)
    OSTaskRegNextAvailID                     0x200000de   Data           1  os_var.o(.data)
    OSTickCtr                                0x200000e0   Data           4  os_var.o(.data)
    OSTickTaskTimeMax                        0x200000e4   Data           4  os_var.o(.data)
    OSTickListDly                            0x200000e8   Data           8  os_var.o(.data)
    OSTickListTimeout                        0x200000f0   Data           8  os_var.o(.data)
    OSTmrDbgListPtr                          0x200000f8   Data           4  os_var.o(.data)
    OSTmrListEntries                         0x200000fc   Data           2  os_var.o(.data)
    OSTmrListPtr                             0x20000100   Data           4  os_var.o(.data)
    OSTmrQty                                 0x20000104   Data           2  os_var.o(.data)
    OSTmrTaskTimeMax                         0x20000108   Data           4  os_var.o(.data)
    OSTmrTickCtr                             0x2000010c   Data           4  os_var.o(.data)
    OSTmrUpdateCnt                           0x20000110   Data           4  os_var.o(.data)
    OSTmrUpdateCtr                           0x20000114   Data           4  os_var.o(.data)
    OSTCBCurPtr                              0x20000118   Data           4  os_var.o(.data)
    OSTCBHighRdyPtr                          0x2000011c   Data           4  os_var.o(.data)
    OSPrioTbl                                0x20000120   Data           4  os_prio.o(.data)
    CPU_Name                                 0x20000134   Data          16  cpu_core.o(.bss)
    Mem_PoolHeap                             0x20000144   Data          72  lib_mem.o(.bss)
    Mem_Heap                                 0x2000018c   Data       27648  lib_mem.o(.bss)
    OSCfg_IdleTaskStk                        0x20006d8c   Data         512  os_cfg_app.o(.bss)
    OSCfg_IntQ                               0x20006f8c   Data         320  os_cfg_app.o(.bss)
    OSCfg_IntQTaskStk                        0x200070cc   Data         512  os_cfg_app.o(.bss)
    OSCfg_ISRStk                             0x200072cc   Data         512  os_cfg_app.o(.bss)
    OSCfg_MsgPool                            0x200074cc   Data        1600  os_cfg_app.o(.bss)
    OSCfg_StatTaskStk                        0x20007b0c   Data         512  os_cfg_app.o(.bss)
    OSCfg_TickTaskStk                        0x20007d0c   Data         512  os_cfg_app.o(.bss)
    OSCfg_TmrTaskStk                         0x20007f0c   Data         512  os_cfg_app.o(.bss)
    OSIdleTaskTCB                            0x2000810c   Data         196  os_var.o(.bss)
    OSIntQTaskTCB                            0x200081d0   Data         196  os_var.o(.bss)
    OSMsgPool                                0x20008294   Data          12  os_var.o(.bss)
    OSRdyList                                0x200082a0   Data         384  os_var.o(.bss)
    OSStatTaskTCB                            0x20008420   Data         196  os_var.o(.bss)
    OSTickTaskTCB                            0x200084e4   Data         196  os_var.o(.bss)
    OSTmrMutex                               0x200085a8   Data          44  os_var.o(.bss)
    OSTmrTaskTCB                             0x200085d4   Data         196  os_var.o(.bss)
    __initial_sp                             0x20009420   Data           0  startup_stm32f40_41xxx.o(STACK)



==============================================================================

Memory Map of the image

  Image Entry point : 0x08000189

  Load Region LR_IROM1 (Base: 0x08000000, Size: 0x0000bdb4, Max: 0x00100000, ABSOLUTE, COMPRESSED[0x0000bca0])

    Execution Region ER_IROM1 (Base: 0x08000000, Size: 0x0000bc80, Max: 0x00100000, ABSOLUTE)

    Base Addr    Size         Type   Attr      Idx    E Section Name        Object

    0x08000000   0x00000188   Data   RO            3    RESET               startup_stm32f40_41xxx.o
    0x08000188   0x00000000   Code   RO          753  * .ARM.Collect$$$$00000000  mc_w.l(entry.o)
    0x08000188   0x00000004   Code   RO          756    .ARM.Collect$$$$00000001  mc_w.l(entry2.o)
    0x0800018c   0x00000004   Code   RO          759    .ARM.Collect$$$$00000004  mc_w.l(entry5.o)
    0x08000190   0x00000000   Code   RO          761    .ARM.Collect$$$$00000008  mc_w.l(entry7b.o)
    0x08000190   0x00000000   Code   RO          763    .ARM.Collect$$$$0000000A  mc_w.l(entry8b.o)
    0x08000190   0x00000008   Code   RO          764    .ARM.Collect$$$$0000000B  mc_w.l(entry9a.o)
    0x08000198   0x00000000   Code   RO          766    .ARM.Collect$$$$0000000D  mc_w.l(entry10a.o)
    0x08000198   0x00000000   Code   RO          768    .ARM.Collect$$$$0000000F  mc_w.l(entry11a.o)
    0x08000198   0x00000004   Code   RO          757    .ARM.Collect$$$$00002712  mc_w.l(entry2.o)
    0x0800019c   0x00000024   Code   RO            4    .text               startup_stm32f40_41xxx.o
    0x080001c0   0x00000210   Code   RO           12    .text               system_stm32f4xx.o
    0x080003d0   0x00000440   Code   RO           71    .text               cpu_core.o
    0x08000810   0x00000034   Code   RO          131    .text               cpu_a.o
    0x08000844   0x00000256   Code   RO          134    .text               lib_ascii.o
    0x08000a9a   0x00000002   PAD
    0x08000a9c   0x00000f8c   Code   RO          179    .text               lib_mem.o
    0x08001a28   0x0000092c   Code   RO          198    .text               lib_str.o
    0x08002354   0x00000220   Code   RO          215    .text               lib_mem_a.o
    0x08002574   0x000004b4   Code   RO          221    .text               os_cpu_c.o
    0x08002a28   0x00000002   Code   RO          259    .text               os_cfg_app.o
    0x08002a2a   0x00000002   PAD
    0x08002a2c   0x00000e44   Code   RO          289    .text               os_core.o
    0x08003870   0x000001ac   Code   RO          301    .text               os_dbg.o
    0x08003a1c   0x0000100c   Code   RO          316    .text               os_flag.o
    0x08004a28   0x0000045c   Code   RO          328    .text               os_int.o
    0x08004e84   0x00000278   Code   RO          340    .text               os_mem.o
    0x080050fc   0x00000228   Code   RO          352    .text               os_msg.o
    0x08005324   0x00000c40   Code   RO          364    .text               os_mutex.o
    0x08005f64   0x00000a00   Code   RO          388    .text               os_q.o
    0x08006964   0x00000934   Code   RO          400    .text               os_sem.o
    0x08007298   0x000006d8   Code   RO          412    .text               os_stat.o
    0x08007970   0x00001f7c   Code   RO          424    .text               os_task.o
    0x080098ec   0x000005e8   Code   RO          436    .text               os_tick.o
    0x08009ed4   0x00000638   Code   RO          448    .text               os_time.o
    0x0800a50c   0x000006e8   Code   RO          460    .text               os_tmr.o
    0x0800abf4   0x0000007c   Code   RO          486    .text               os_prio.o
    0x0800ac70   0x000000b8   Code   RO          507    .text               bsp.o
    0x0800ad28   0x00000054   Code   RO          582    .text               led.o
    0x0800ad7c   0x00000016   Code   RO          602    .text               stm32f4xx_it.o
    0x0800ad92   0x00000002   PAD
    0x0800ad94   0x00000104   Code   RO          625    .text               main.o
    0x0800ae98   0x00000294   Code   RO          713    .text               stm32f4xx_gpio.o
    0x0800b12c   0x0000065c   Code   RO          733    .text               stm32f4xx_rcc.o
    0x0800b788   0x00000024   Code   RO          770    .text               mc_w.l(init.o)
    0x0800b7ac   0x0000003a   Code   RO          780    .text               mc_w.l(__dczerorl.o)
    0x0800b7e6   0x00000002   PAD
    0x0800b7e8   0x000000c4   Code   RO          218    CODE                os_cpu_a.o
    0x0800b8ac   0x0000000e   Code   RO          774    i.__scatterload_copy  mc_w.l(handlers.o)
    0x0800b8ba   0x00000002   Code   RO          775    i.__scatterload_null  mc_w.l(handlers.o)
    0x0800b8bc   0x0000000e   Code   RO          776    i.__scatterload_zeroinit  mc_w.l(handlers.o)
    0x0800b8ca   0x00000002   PAD
    0x0800b8cc   0x00000104   Data   RO           73    .constdata          cpu_core.o
    0x0800b9d0   0x00000094   Data   RO          199    .constdata          lib_str.o
    0x0800ba64   0x00000094   Data   RO          261    .constdata          os_cfg_app.o
    0x0800baf8   0x00000168   Data   RO          302    .constdata          os_dbg.o
    0x0800bc60   0x00000020   Data   RO          772    Region$$Table       anon$$obj.o


    Execution Region RW_IRAM1 (Base: 0x20000000, Size: 0x00009420, Max: 0x00020000, ABSOLUTE, COMPRESSED[0x00000020])

    Base Addr    Size         Type   Attr      Idx    E Section Name        Object

    0x20000000   0x00000014   Data   RW           13    .data               system_stm32f4xx.o
    0x20000014   0x0000001c   Data   RW           74    .data               cpu_core.o
    0x20000030   0x00000004   Data   RW          181    .data               lib_mem.o
    0x20000034   0x00000004   Data   RW          222    .data               os_cpu_c.o
    0x20000038   0x000000e8   Data   RW          473    .data               os_var.o
    0x20000120   0x00000004   Data   RW          487    .data               os_prio.o
    0x20000124   0x00000010   Data   RW          734    .data               stm32f4xx_rcc.o
    0x20000134   0x00000010   Zero   RW           72    .bss                cpu_core.o
    0x20000144   0x00006c48   Zero   RW          180    .bss                lib_mem.o
    0x20006d8c   0x00001380   Zero   RW          260    .bss                os_cfg_app.o
    0x2000810c   0x0000058c   Zero   RW          472    .bss                os_var.o
    0x20008698   0x00000988   Zero   RW          626    .bss                main.o
    0x20009020   0x00000400   Zero   RW            1    STACK               startup_stm32f40_41xxx.o


==============================================================================

Image component sizes


      Code (inc. data)   RO Data    RW Data    ZI Data      Debug   Object Name

       184         14          0          0          0      57173   bsp.o
        52          0          0          0          0        356   cpu_a.o
      1088         42        260         28         16      16856   cpu_core.o
        84          4          0          0          0        850   led.o
       598          0          0          0          0      14424   lib_ascii.o
      3980         62          0          4      27720      24916   lib_mem.o
       544          0          0          0          0        504   lib_mem_a.o
      2348          6        148          0          0      13254   lib_str.o
       260         40          0          0       2440       1932   main.o
         2          0        148          0       4992      21507   os_cfg_app.o
      3652        290          0          0          0      12190   os_core.o
       196         32          0          0          0        436   os_cpu_a.o
      1204        170          0          4          0      33287   os_cpu_c.o
       428        280        360          0          0       4809   os_dbg.o
      4108        110          0          0          0       8431   os_flag.o
      1116        144          0          0          0       2368   os_int.o
       632         22          0          0          0       2896   os_mem.o
       552         14          0          0          0       2738   os_msg.o
      3136        114          0          0          0       5998   os_mutex.o
       124          4          0          4          0       1988   os_prio.o
      2560         82          0          0          0       6600   os_q.o
      2356         72          0          0          0       6596   os_sem.o
      1752        190          0          0          0       2981   os_stat.o
      8060        280          0          0          0      14638   os_task.o
      1512         80          0          0          0       4032   os_tick.o
      1592         46          0          0          0       3437   os_time.o
      1768        156          0          0          0       6167   os_tmr.o
         0          0          0        232       1420      19408   os_var.o
        36          8        392          0       1024       1032   startup_stm32f40_41xxx.o
       660         44          0          0          0       4377   stm32f4xx_gpio.o
        22          0          0          0          0       1075   stm32f4xx_it.o
      1628         52          0         16          0      13232   stm32f4xx_rcc.o
       528         46          0         20          0     256759   system_stm32f4xx.o

    ----------------------------------------------------------------------
     46768       2404       1340        308      37612     567247   Object Totals
         0          0         32          0          0          0   (incl. Generated)
         6          0          0          0          0          0   (incl. Padding)

    ----------------------------------------------------------------------

      Code (inc. data)   RO Data    RW Data    ZI Data      Debug   Library Member Name

        58          0          0          0          0          0   __dczerorl.o
         0          0          0          0          0          0   entry.o
         0          0          0          0          0          0   entry10a.o
         0          0          0          0          0          0   entry11a.o
         8          4          0          0          0          0   entry2.o
         4          0          0          0          0          0   entry5.o
         0          0          0          0          0          0   entry7b.o
         0          0          0          0          0          0   entry8b.o
         8          4          0          0          0          0   entry9a.o
        30          0          0          0          0          0   handlers.o
        36          8          0          0          0         68   init.o

    ----------------------------------------------------------------------
       148         16          0          0          0         68   Library Totals
         4          0          0          0          0          0   (incl. Padding)

    ----------------------------------------------------------------------

      Code (inc. data)   RO Data    RW Data    ZI Data      Debug   Library Name

       144         16          0          0          0         68   mc_w.l

    ----------------------------------------------------------------------
       148         16          0          0          0         68   Library Totals

    ----------------------------------------------------------------------

==============================================================================


      Code (inc. data)   RO Data    RW Data    ZI Data      Debug   

     46916       2420       1340        308      37612     560899   Grand Totals
     46916       2420       1340         32      37612     560899   ELF Image Totals (compressed)
     46916       2420       1340         32          0          0   ROM Totals

==============================================================================

    Total RO  Size (Code + RO Data)                48256 (  47.13kB)
    Total RW  Size (RW Data + ZI Data)             37920 (  37.03kB)
    Total ROM Size (Code + RO Data + RW Data)      48288 (  47.16kB)

==============================================================================

